Archive member included because of file (symbol)

c:/freescale/kds_3.0.0/toolchain/bin/../lib/gcc/arm-none-eabi/4.8.4/../../../../arm-none-eabi/lib/armv7e-m/fpu\libg_s.a(lib_a-exit.o)
                              c:/freescale/kds_3.0.0/toolchain/bin/../lib/gcc/arm-none-eabi/4.8.4/../../../../arm-none-eabi/lib/armv7e-m/fpu/crt0.o (exit)
c:/freescale/kds_3.0.0/toolchain/bin/../lib/gcc/arm-none-eabi/4.8.4/../../../../arm-none-eabi/lib/armv7e-m/fpu\libg_s.a(lib_a-impure.o)
                              c:/freescale/kds_3.0.0/toolchain/bin/../lib/gcc/arm-none-eabi/4.8.4/../../../../arm-none-eabi/lib/armv7e-m/fpu\libg_s.a(lib_a-exit.o) (_global_impure_ptr)
c:/freescale/kds_3.0.0/toolchain/bin/../lib/gcc/arm-none-eabi/4.8.4/../../../../arm-none-eabi/lib/armv7e-m/fpu\libg_s.a(lib_a-init.o)
                              c:/freescale/kds_3.0.0/toolchain/bin/../lib/gcc/arm-none-eabi/4.8.4/../../../../arm-none-eabi/lib/armv7e-m/fpu/crt0.o (__libc_init_array)
c:/freescale/kds_3.0.0/toolchain/bin/../lib/gcc/arm-none-eabi/4.8.4/../../../../arm-none-eabi/lib/armv7e-m/fpu\libg_s.a(lib_a-memset.o)
                              c:/freescale/kds_3.0.0/toolchain/bin/../lib/gcc/arm-none-eabi/4.8.4/../../../../arm-none-eabi/lib/armv7e-m/fpu/crt0.o (memset)
c:/freescale/kds_3.0.0/toolchain/bin/../lib/gcc/arm-none-eabi/4.8.4/../../../../arm-none-eabi/lib/armv7e-m/fpu\libnosys.a(_exit.o)
                              c:/freescale/kds_3.0.0/toolchain/bin/../lib/gcc/arm-none-eabi/4.8.4/../../../../arm-none-eabi/lib/armv7e-m/fpu\libg_s.a(lib_a-exit.o) (_exit)

Discarded input sections

 .text          0x00000000        0x0 c:/freescale/kds_3.0.0/toolchain/bin/../lib/gcc/arm-none-eabi/4.8.4/armv7e-m/fpu/crti.o
 .data          0x00000000        0x0 c:/freescale/kds_3.0.0/toolchain/bin/../lib/gcc/arm-none-eabi/4.8.4/armv7e-m/fpu/crti.o
 .bss           0x00000000        0x0 c:/freescale/kds_3.0.0/toolchain/bin/../lib/gcc/arm-none-eabi/4.8.4/armv7e-m/fpu/crti.o
 .data          0x00000000        0x4 c:/freescale/kds_3.0.0/toolchain/bin/../lib/gcc/arm-none-eabi/4.8.4/armv7e-m/fpu/crtbegin.o
 .data          0x00000000        0x0 c:/freescale/kds_3.0.0/toolchain/bin/../lib/gcc/arm-none-eabi/4.8.4/../../../../arm-none-eabi/lib/armv7e-m/fpu/crt0.o
 .bss           0x00000000        0x0 c:/freescale/kds_3.0.0/toolchain/bin/../lib/gcc/arm-none-eabi/4.8.4/../../../../arm-none-eabi/lib/armv7e-m/fpu/crt0.o
 .ARM.extab     0x00000000        0x0 c:/freescale/kds_3.0.0/toolchain/bin/../lib/gcc/arm-none-eabi/4.8.4/../../../../arm-none-eabi/lib/armv7e-m/fpu/crt0.o
 .group         0x00000000        0x8 ./Sources/bl_communication.o
 .group         0x00000000        0x8 ./Sources/bl_communication.o
 .group         0x00000000        0x8 ./Sources/bl_communication.o
 .group         0x00000000        0x8 ./Sources/bl_communication.o
 .group         0x00000000        0x8 ./Sources/bl_communication.o
 .group         0x00000000        0x8 ./Sources/bl_communication.o
 .group         0x00000000        0x8 ./Sources/bl_communication.o
 .group         0x00000000        0x8 ./Sources/bl_communication.o
 .group         0x00000000        0x8 ./Sources/bl_communication.o
 .group         0x00000000        0x8 ./Sources/bl_communication.o
 .group         0x00000000        0x8 ./Sources/bl_communication.o
 .group         0x00000000        0x8 ./Sources/bl_communication.o
 .group         0x00000000        0x8 ./Sources/bl_communication.o
 .text          0x00000000        0x0 ./Sources/bl_communication.o
 .data          0x00000000        0x0 ./Sources/bl_communication.o
 .bss           0x00000000        0x0 ./Sources/bl_communication.o
 .bss.get_uart  0x00000000        0x1 ./Sources/bl_communication.o
 .rodata.station_number
                0x00000000        0x1 ./Sources/bl_communication.o
 .group         0x00000000        0x8 ./Sources/main.o
 .group         0x00000000        0x8 ./Sources/main.o
 .group         0x00000000        0x8 ./Sources/main.o
 .group         0x00000000        0x8 ./Sources/main.o
 .group         0x00000000        0x8 ./Sources/main.o
 .group         0x00000000        0x8 ./Sources/main.o
 .group         0x00000000        0x8 ./Sources/main.o
 .group         0x00000000        0x8 ./Sources/main.o
 .group         0x00000000        0x8 ./Sources/main.o
 .group         0x00000000        0x8 ./Sources/main.o
 .group         0x00000000        0x8 ./Sources/main.o
 .group         0x00000000        0x8 ./Sources/main.o
 .group         0x00000000        0x8 ./Sources/main.o
 .text          0x00000000        0x0 ./Sources/main.o
 .data          0x00000000        0x0 ./Sources/main.o
 .bss           0x00000000        0x0 ./Sources/main.o
 .debug_macro   0x00000000      0x850 ./Sources/main.o
 .debug_macro   0x00000000       0x16 ./Sources/main.o
 .debug_macro   0x00000000       0x16 ./Sources/main.o
 .debug_macro   0x00000000       0x44 ./Sources/main.o
 .debug_macro   0x00000000      0x209 ./Sources/main.o
 .debug_macro   0x00000000       0x55 ./Sources/main.o
 .debug_macro   0x00000000       0x3b ./Sources/main.o
 .debug_macro   0x00000000       0x34 ./Sources/main.o
 .debug_macro   0x00000000       0x26 ./Sources/main.o
 .debug_macro   0x00000000      0xd1d ./Sources/main.o
 .debug_macro   0x00000000       0x78 ./Sources/main.o
 .debug_macro   0x00000000     0xefee ./Sources/main.o
 .debug_macro   0x00000000       0x3a ./Sources/main.o
 .data          0x00000000        0x0 ./Project_Settings/Startup_Code/startup_MK22F51212.o
 .bss           0x00000000        0x0 ./Project_Settings/Startup_Code/startup_MK22F51212.o
 .group         0x00000000        0x8 ./Project_Settings/Startup_Code/system_MK22F51212.o
 .group         0x00000000        0x8 ./Project_Settings/Startup_Code/system_MK22F51212.o
 .group         0x00000000        0x8 ./Project_Settings/Startup_Code/system_MK22F51212.o
 .group         0x00000000        0x8 ./Project_Settings/Startup_Code/system_MK22F51212.o
 .group         0x00000000        0x8 ./Project_Settings/Startup_Code/system_MK22F51212.o
 .group         0x00000000        0x8 ./Project_Settings/Startup_Code/system_MK22F51212.o
 .group         0x00000000        0x8 ./Project_Settings/Startup_Code/system_MK22F51212.o
 .group         0x00000000        0x8 ./Project_Settings/Startup_Code/system_MK22F51212.o
 .group         0x00000000        0x8 ./Project_Settings/Startup_Code/system_MK22F51212.o
 .group         0x00000000        0x8 ./Project_Settings/Startup_Code/system_MK22F51212.o
 .group         0x00000000        0x8 ./Project_Settings/Startup_Code/system_MK22F51212.o
 .text          0x00000000        0x0 ./Project_Settings/Startup_Code/system_MK22F51212.o
 .data          0x00000000        0x0 ./Project_Settings/Startup_Code/system_MK22F51212.o
 .bss           0x00000000        0x0 ./Project_Settings/Startup_Code/system_MK22F51212.o
 .data.SystemCoreClock
                0x00000000        0x4 ./Project_Settings/Startup_Code/system_MK22F51212.o
 .text.SystemCoreClockUpdate
                0x00000000      0x270 ./Project_Settings/Startup_Code/system_MK22F51212.o
 .debug_macro   0x00000000      0x850 ./Project_Settings/Startup_Code/system_MK22F51212.o
 .debug_macro   0x00000000       0x16 ./Project_Settings/Startup_Code/system_MK22F51212.o
 .debug_macro   0x00000000       0x44 ./Project_Settings/Startup_Code/system_MK22F51212.o
 .debug_macro   0x00000000      0x209 ./Project_Settings/Startup_Code/system_MK22F51212.o
 .debug_macro   0x00000000       0x3b ./Project_Settings/Startup_Code/system_MK22F51212.o
 .debug_macro   0x00000000       0x34 ./Project_Settings/Startup_Code/system_MK22F51212.o
 .debug_macro   0x00000000       0x26 ./Project_Settings/Startup_Code/system_MK22F51212.o
 .debug_macro   0x00000000      0xd1d ./Project_Settings/Startup_Code/system_MK22F51212.o
 .debug_macro   0x00000000       0x78 ./Project_Settings/Startup_Code/system_MK22F51212.o
 .debug_macro   0x00000000     0xefee ./Project_Settings/Startup_Code/system_MK22F51212.o
 .text          0x00000000        0x0 c:/freescale/kds_3.0.0/toolchain/bin/../lib/gcc/arm-none-eabi/4.8.4/../../../../arm-none-eabi/lib/armv7e-m/fpu\libg_s.a(lib_a-exit.o)
 .data          0x00000000        0x0 c:/freescale/kds_3.0.0/toolchain/bin/../lib/gcc/arm-none-eabi/4.8.4/../../../../arm-none-eabi/lib/armv7e-m/fpu\libg_s.a(lib_a-exit.o)
 .bss           0x00000000        0x0 c:/freescale/kds_3.0.0/toolchain/bin/../lib/gcc/arm-none-eabi/4.8.4/../../../../arm-none-eabi/lib/armv7e-m/fpu\libg_s.a(lib_a-exit.o)
 .text          0x00000000        0x0 c:/freescale/kds_3.0.0/toolchain/bin/../lib/gcc/arm-none-eabi/4.8.4/../../../../arm-none-eabi/lib/armv7e-m/fpu\libg_s.a(lib_a-impure.o)
 .data          0x00000000        0x0 c:/freescale/kds_3.0.0/toolchain/bin/../lib/gcc/arm-none-eabi/4.8.4/../../../../arm-none-eabi/lib/armv7e-m/fpu\libg_s.a(lib_a-impure.o)
 .bss           0x00000000        0x0 c:/freescale/kds_3.0.0/toolchain/bin/../lib/gcc/arm-none-eabi/4.8.4/../../../../arm-none-eabi/lib/armv7e-m/fpu\libg_s.a(lib_a-impure.o)
 .data._impure_ptr
                0x00000000        0x4 c:/freescale/kds_3.0.0/toolchain/bin/../lib/gcc/arm-none-eabi/4.8.4/../../../../arm-none-eabi/lib/armv7e-m/fpu\libg_s.a(lib_a-impure.o)
 .text          0x00000000        0x0 c:/freescale/kds_3.0.0/toolchain/bin/../lib/gcc/arm-none-eabi/4.8.4/../../../../arm-none-eabi/lib/armv7e-m/fpu\libg_s.a(lib_a-init.o)
 .data          0x00000000        0x0 c:/freescale/kds_3.0.0/toolchain/bin/../lib/gcc/arm-none-eabi/4.8.4/../../../../arm-none-eabi/lib/armv7e-m/fpu\libg_s.a(lib_a-init.o)
 .bss           0x00000000        0x0 c:/freescale/kds_3.0.0/toolchain/bin/../lib/gcc/arm-none-eabi/4.8.4/../../../../arm-none-eabi/lib/armv7e-m/fpu\libg_s.a(lib_a-init.o)
 .text          0x00000000        0x0 c:/freescale/kds_3.0.0/toolchain/bin/../lib/gcc/arm-none-eabi/4.8.4/../../../../arm-none-eabi/lib/armv7e-m/fpu\libg_s.a(lib_a-memset.o)
 .data          0x00000000        0x0 c:/freescale/kds_3.0.0/toolchain/bin/../lib/gcc/arm-none-eabi/4.8.4/../../../../arm-none-eabi/lib/armv7e-m/fpu\libg_s.a(lib_a-memset.o)
 .bss           0x00000000        0x0 c:/freescale/kds_3.0.0/toolchain/bin/../lib/gcc/arm-none-eabi/4.8.4/../../../../arm-none-eabi/lib/armv7e-m/fpu\libg_s.a(lib_a-memset.o)
 .text          0x00000000        0x0 c:/freescale/kds_3.0.0/toolchain/bin/../lib/gcc/arm-none-eabi/4.8.4/../../../../arm-none-eabi/lib/armv7e-m/fpu\libnosys.a(_exit.o)
 .data          0x00000000        0x0 c:/freescale/kds_3.0.0/toolchain/bin/../lib/gcc/arm-none-eabi/4.8.4/../../../../arm-none-eabi/lib/armv7e-m/fpu\libnosys.a(_exit.o)
 .bss           0x00000000        0x0 c:/freescale/kds_3.0.0/toolchain/bin/../lib/gcc/arm-none-eabi/4.8.4/../../../../arm-none-eabi/lib/armv7e-m/fpu\libnosys.a(_exit.o)
 .text          0x00000000        0x0 c:/freescale/kds_3.0.0/toolchain/bin/../lib/gcc/arm-none-eabi/4.8.4/armv7e-m/fpu/crtend.o
 .data          0x00000000        0x0 c:/freescale/kds_3.0.0/toolchain/bin/../lib/gcc/arm-none-eabi/4.8.4/armv7e-m/fpu/crtend.o
 .bss           0x00000000        0x0 c:/freescale/kds_3.0.0/toolchain/bin/../lib/gcc/arm-none-eabi/4.8.4/armv7e-m/fpu/crtend.o
 .eh_frame      0x00000000        0x4 c:/freescale/kds_3.0.0/toolchain/bin/../lib/gcc/arm-none-eabi/4.8.4/armv7e-m/fpu/crtend.o
 .text          0x00000000        0x0 c:/freescale/kds_3.0.0/toolchain/bin/../lib/gcc/arm-none-eabi/4.8.4/armv7e-m/fpu/crtn.o
 .data          0x00000000        0x0 c:/freescale/kds_3.0.0/toolchain/bin/../lib/gcc/arm-none-eabi/4.8.4/armv7e-m/fpu/crtn.o
 .bss           0x00000000        0x0 c:/freescale/kds_3.0.0/toolchain/bin/../lib/gcc/arm-none-eabi/4.8.4/armv7e-m/fpu/crtn.o

Memory Configuration

Name             Origin             Length             Attributes
m_interrupts     0x00004000         0x00000400         xr
m_flash_config   0x00004400         0x00000010         xr
m_text           0x00004410         0x00003baf         xr
m_data           0x1fff0000         0x00010000         rw
m_data_2         0x20000000         0x00010000         rw
*default*        0x00000000         0xffffffff

Linker script and memory map

LOAD c:/freescale/kds_3.0.0/toolchain/bin/../lib/gcc/arm-none-eabi/4.8.4/armv7e-m/fpu/crti.o
LOAD c:/freescale/kds_3.0.0/toolchain/bin/../lib/gcc/arm-none-eabi/4.8.4/armv7e-m/fpu/crtbegin.o
LOAD c:/freescale/kds_3.0.0/toolchain/bin/../lib/gcc/arm-none-eabi/4.8.4/../../../../arm-none-eabi/lib/armv7e-m/fpu/crt0.o
LOAD ./Sources/bl_communication.o
LOAD ./Sources/main.o
LOAD ./Project_Settings/Startup_Code/startup_MK22F51212.o
LOAD ./Project_Settings/Startup_Code/system_MK22F51212.o
LOAD c:/freescale/kds_3.0.0/toolchain/bin/../lib/gcc/arm-none-eabi/4.8.4/../../../../arm-none-eabi/lib/armv7e-m/fpu\libstdc++_s.a
LOAD c:/freescale/kds_3.0.0/toolchain/bin/../lib/gcc/arm-none-eabi/4.8.4/../../../../arm-none-eabi/lib/armv7e-m/fpu\libm.a
START GROUP
LOAD c:/freescale/kds_3.0.0/toolchain/bin/../lib/gcc/arm-none-eabi/4.8.4/armv7e-m/fpu\libgcc.a
LOAD c:/freescale/kds_3.0.0/toolchain/bin/../lib/gcc/arm-none-eabi/4.8.4/../../../../arm-none-eabi/lib/armv7e-m/fpu\libg_s.a
LOAD c:/freescale/kds_3.0.0/toolchain/bin/../lib/gcc/arm-none-eabi/4.8.4/../../../../arm-none-eabi/lib/armv7e-m/fpu\libc_s.a
END GROUP
START GROUP
LOAD c:/freescale/kds_3.0.0/toolchain/bin/../lib/gcc/arm-none-eabi/4.8.4/armv7e-m/fpu\libgcc.a
LOAD c:/freescale/kds_3.0.0/toolchain/bin/../lib/gcc/arm-none-eabi/4.8.4/../../../../arm-none-eabi/lib/armv7e-m/fpu\libc_s.a
LOAD c:/freescale/kds_3.0.0/toolchain/bin/../lib/gcc/arm-none-eabi/4.8.4/../../../../arm-none-eabi/lib/armv7e-m/fpu\libnosys.a
END GROUP
START GROUP
LOAD c:/freescale/kds_3.0.0/toolchain/bin/../lib/gcc/arm-none-eabi/4.8.4/armv7e-m/fpu\libgcc.a
LOAD c:/freescale/kds_3.0.0/toolchain/bin/../lib/gcc/arm-none-eabi/4.8.4/../../../../arm-none-eabi/lib/armv7e-m/fpu\libc_s.a
LOAD c:/freescale/kds_3.0.0/toolchain/bin/../lib/gcc/arm-none-eabi/4.8.4/../../../../arm-none-eabi/lib/armv7e-m/fpu\libnosys.a
END GROUP
LOAD c:/freescale/kds_3.0.0/toolchain/bin/../lib/gcc/arm-none-eabi/4.8.4/armv7e-m/fpu/crtend.o
LOAD c:/freescale/kds_3.0.0/toolchain/bin/../lib/gcc/arm-none-eabi/4.8.4/armv7e-m/fpu/crtn.o
                0x00000400                HEAP_SIZE = DEFINED (__heap_size__)?__heap_size__:0x400
                0x00000400                STACK_SIZE = DEFINED (__stack_size__)?__stack_size__:0x400

.interrupts     0x00004000      0x400
                0x00004000                __VECTOR_TABLE = .
                0x00004000                . = ALIGN (0x4)
 *(.isr_vector)
 .isr_vector    0x00004000      0x400 ./Project_Settings/Startup_Code/startup_MK22F51212.o
                0x00004000                __isr_vector
                0x00004400                . = ALIGN (0x4)

.flash_config   0x00004400        0xc
                0x00004400                . = ALIGN (0x4)
 *(.FlashConfig)
 .FlashConfig   0x00004400        0xc ./Sources/main.o
                0x00004400                str_app_ok
                0x0000440c                . = ALIGN (0x4)

.text           0x00004410      0x4d8
                0x00004410                . = ALIGN (0x4)
 *(.text)
 .text          0x00004410       0x54 c:/freescale/kds_3.0.0/toolchain/bin/../lib/gcc/arm-none-eabi/4.8.4/armv7e-m/fpu/crtbegin.o
 .text          0x00004464       0x74 c:/freescale/kds_3.0.0/toolchain/bin/../lib/gcc/arm-none-eabi/4.8.4/../../../../arm-none-eabi/lib/armv7e-m/fpu/crt0.o
                0x00004464                _start
                0x00004464                _mainCRTStartup
 .text          0x000044d8       0x30 ./Project_Settings/Startup_Code/startup_MK22F51212.o
                0x000044d8                Reset_Handler
                0x00004504                Reserved54_IRQHandler
                0x00004504                DebugMon_Handler
                0x00004504                I2C0_IRQHandler
                0x00004504                HardFault_Handler
                0x00004504                Reserved86_IRQHandler
                0x00004504                Reserved85_IRQHandler
                0x00004504                SysTick_Handler
                0x00004504                PendSV_Handler
                0x00004504                NMI_Handler
                0x00004504                UART0_RX_TX_IRQHandler
                0x00004504                I2C1_IRQHandler
                0x00004504                DMA2_IRQHandler
                0x00004504                Reserved99_IRQHandler
                0x00004504                LLWU_IRQHandler
                0x00004504                Reserved84_IRQHandler
                0x00004504                Reserved92_IRQHandler
                0x00004504                UART2_RX_TX_IRQHandler
                0x00004504                SWI_IRQHandler
                0x00004504                ADC0_IRQHandler
                0x00004504                UsageFault_Handler
                0x00004504                I2S0_Tx_IRQHandler
                0x00004504                SPI1_IRQHandler
                0x00004504                DefaultISR
                0x00004504                DMA9_IRQHandler
                0x00004504                DMA14_IRQHandler
                0x00004504                Reserved82_IRQHandler
                0x00004504                CMP1_IRQHandler
                0x00004504                Reserved71_IRQHandler
                0x00004504                PORTD_IRQHandler
                0x00004504                PORTB_IRQHandler
                0x00004504                Reserved70_IRQHandler
                0x00004504                ADC1_IRQHandler
                0x00004504                PIT2_IRQHandler
                0x00004504                I2S0_Rx_IRQHandler
                0x00004504                Reserved53_IRQHandler
                0x00004504                DMA5_IRQHandler
                0x00004504                RTC_IRQHandler
                0x00004504                PDB0_IRQHandler
                0x00004504                Reserved96_IRQHandler
                0x00004504                FTM1_IRQHandler
                0x00004504                Reserved61_IRQHandler
                0x00004504                Reserved95_IRQHandler
                0x00004504                PIT3_IRQHandler
                0x00004504                RTC_Seconds_IRQHandler
                0x00004504                MCG_IRQHandler
                0x00004504                UART2_ERR_IRQHandler
                0x00004504                DMA11_IRQHandler
                0x00004504                Read_Collision_IRQHandler
                0x00004504                Reserved98_IRQHandler
                0x00004504                DMA7_IRQHandler
                0x00004504                Reserved101_IRQHandler
                0x00004504                USB0_IRQHandler
                0x00004504                WDOG_EWM_IRQHandler
                0x00004504                MemManage_Handler
                0x00004504                Reserved90_IRQHandler
                0x00004504                Reserved83_IRQHandler
                0x00004504                SVC_Handler
                0x00004504                DMA13_IRQHandler
                0x00004504                DMA3_IRQHandler
                0x00004504                Reserved100_IRQHandler
                0x00004504                RNG_IRQHandler
                0x00004504                DMA0_IRQHandler
                0x00004504                Reserved97_IRQHandler
                0x00004504                Reserved91_IRQHandler
                0x00004504                LPUART0_IRQHandler
                0x00004504                DMA15_IRQHandler
                0x00004504                DAC0_IRQHandler
                0x00004504                Reserved81_IRQHandler
                0x00004504                Reserved94_IRQHandler
                0x00004504                DMA4_IRQHandler
                0x00004504                PIT1_IRQHandler
                0x00004504                UART0_ERR_IRQHandler
                0x00004504                DMA_Error_IRQHandler
                0x00004504                LVD_LVW_IRQHandler
                0x00004504                SPI0_IRQHandler
                0x00004504                FTM0_IRQHandler
                0x00004504                PORTA_IRQHandler
                0x00004504                DAC1_IRQHandler
                0x00004504                MCM_IRQHandler
                0x00004504                DMA12_IRQHandler
                0x00004504                FTM3_IRQHandler
                0x00004504                PORTE_IRQHandler
                0x00004504                FTM2_IRQHandler
                0x00004504                LPTMR0_IRQHandler
                0x00004504                BusFault_Handler
                0x00004504                DMA8_IRQHandler
                0x00004504                Reserved93_IRQHandler
                0x00004504                DMA10_IRQHandler
                0x00004504                UART1_ERR_IRQHandler
                0x00004504                CMP0_IRQHandler
                0x00004504                PORTC_IRQHandler
                0x00004504                DMA6_IRQHandler
                0x00004504                FTF_IRQHandler
                0x00004504                DMA1_IRQHandler
 *(.text*)
 .text.NVIC_SystemReset
                0x00004508       0x28 ./Sources/bl_communication.o
 .text.UART_Initialization
                0x00004530       0x48 ./Sources/bl_communication.o
                0x00004530                UART_Initialization
 .text.UpdateAPP
                0x00004578       0x94 ./Sources/bl_communication.o
                0x00004578                UpdateAPP
 .text.UART1_RX_TX_IRQHandler
                0x0000460c       0x34 ./Sources/bl_communication.o
                0x0000460c                UART1_RX_TX_IRQHandler
 .text.NVIC_EnableIRQ
                0x00004640       0x30 ./Sources/main.o
 .text.main     0x00004670       0xe4 ./Sources/main.o
                0x00004670                main
 .text.init_PIT
                0x00004754       0x60 ./Sources/main.o
                0x00004754                init_PIT
 .text.PIT0_IRQHandler
                0x000047b4       0x28 ./Sources/main.o
                0x000047b4                PIT0_IRQHandler
 .text.flash_protect
                0x000047dc       0x28 ./Sources/main.o
                0x000047dc                flash_protect
 .text.SystemInit
                0x00004804       0x3c ./Project_Settings/Startup_Code/system_MK22F51212.o
                0x00004804                SystemInit
 .text.exit     0x00004840       0x28 c:/freescale/kds_3.0.0/toolchain/bin/../lib/gcc/arm-none-eabi/4.8.4/../../../../arm-none-eabi/lib/armv7e-m/fpu\libg_s.a(lib_a-exit.o)
                0x00004840                exit
 .text.__libc_init_array
                0x00004868       0x4c c:/freescale/kds_3.0.0/toolchain/bin/../lib/gcc/arm-none-eabi/4.8.4/../../../../arm-none-eabi/lib/armv7e-m/fpu\libg_s.a(lib_a-init.o)
                0x00004868                __libc_init_array
 .text.memset   0x000048b4       0x10 c:/freescale/kds_3.0.0/toolchain/bin/../lib/gcc/arm-none-eabi/4.8.4/../../../../arm-none-eabi/lib/armv7e-m/fpu\libg_s.a(lib_a-memset.o)
                0x000048b4                memset
 .text._exit    0x000048c4        0x4 c:/freescale/kds_3.0.0/toolchain/bin/../lib/gcc/arm-none-eabi/4.8.4/../../../../arm-none-eabi/lib/armv7e-m/fpu\libnosys.a(_exit.o)
                0x000048c4                _exit
 *(.rodata)
 *(.rodata*)
 .rodata.str1.1
                0x000048c8        0x2 c:/freescale/kds_3.0.0/toolchain/bin/../lib/gcc/arm-none-eabi/4.8.4/../../../../arm-none-eabi/lib/armv7e-m/fpu\libg_s.a(lib_a-impure.o)
 *fill*         0x000048ca        0x2 
 .rodata._global_impure_ptr
                0x000048cc        0x4 c:/freescale/kds_3.0.0/toolchain/bin/../lib/gcc/arm-none-eabi/4.8.4/../../../../arm-none-eabi/lib/armv7e-m/fpu\libg_s.a(lib_a-impure.o)
                0x000048cc                _global_impure_ptr
 *(.glue_7)
 .glue_7        0x00000000        0x0 linker stubs
 *(.glue_7t)
 .glue_7t       0x00000000        0x0 linker stubs
 *(.eh_frame)
 .eh_frame      0x000048d0        0x0 c:/freescale/kds_3.0.0/toolchain/bin/../lib/gcc/arm-none-eabi/4.8.4/armv7e-m/fpu/crtbegin.o
 *(.init)
 .init          0x000048d0        0x4 c:/freescale/kds_3.0.0/toolchain/bin/../lib/gcc/arm-none-eabi/4.8.4/armv7e-m/fpu/crti.o
                0x000048d0                _init
 .init          0x000048d4        0x8 c:/freescale/kds_3.0.0/toolchain/bin/../lib/gcc/arm-none-eabi/4.8.4/armv7e-m/fpu/crtn.o
 *(.fini)
 .fini          0x000048dc        0x4 c:/freescale/kds_3.0.0/toolchain/bin/../lib/gcc/arm-none-eabi/4.8.4/armv7e-m/fpu/crti.o
                0x000048dc                _fini
 .fini          0x000048e0        0x8 c:/freescale/kds_3.0.0/toolchain/bin/../lib/gcc/arm-none-eabi/4.8.4/armv7e-m/fpu/crtn.o
                0x000048e8                . = ALIGN (0x4)

.vfp11_veneer   0x000048e8        0x0
 .vfp11_veneer  0x00000000        0x0 linker stubs

.v4_bx          0x000048e8        0x0
 .v4_bx         0x00000000        0x0 linker stubs

.iplt           0x000048e8        0x0
 .iplt          0x00000000        0x0 c:/freescale/kds_3.0.0/toolchain/bin/../lib/gcc/arm-none-eabi/4.8.4/armv7e-m/fpu/crtbegin.o

.ARM.extab
 *(.ARM.extab* .gnu.linkonce.armextab.*)

.ARM            0x000048e8        0x8
                0x000048e8                __exidx_start = .
 *(.ARM.exidx*)
 .ARM.exidx     0x000048e8        0x8 c:/freescale/kds_3.0.0/toolchain/bin/../lib/gcc/arm-none-eabi/4.8.4/../../../../arm-none-eabi/lib/armv7e-m/fpu/crt0.o
                0x000048f0                __exidx_end = .

.rel.dyn        0x000048f0        0x0
 .rel.iplt      0x00000000        0x0 c:/freescale/kds_3.0.0/toolchain/bin/../lib/gcc/arm-none-eabi/4.8.4/armv7e-m/fpu/crtbegin.o

.ctors          0x000048f0        0x0
                0x000048f0                __CTOR_LIST__ = .
 *crtbegin.o(.ctors)
 *crtbegin?.o(.ctors)
 *(EXCLUDE_FILE(*crtend.o *crtend?.o) .ctors)
 *(SORT(.ctors.*))
 *(.ctors)
                0x000048f0                __CTOR_END__ = .

.dtors          0x000048f0        0x0
                0x000048f0                __DTOR_LIST__ = .
 *crtbegin.o(.dtors)
 *crtbegin?.o(.dtors)
 *(EXCLUDE_FILE(*crtend.o *crtend?.o) .dtors)
 *(SORT(.dtors.*))
 *(.dtors)
                0x000048f0                __DTOR_END__ = .

.preinit_array  0x000048f0        0x0
                0x000048f0                PROVIDE (__preinit_array_start, .)
 *(.preinit_array*)
                0x000048f0                PROVIDE (__preinit_array_end, .)

.init_array     0x000048f0        0x4
                0x000048f0                PROVIDE (__init_array_start, .)
 *(SORT(.init_array.*))
 *(.init_array*)
 .init_array    0x000048f0        0x4 c:/freescale/kds_3.0.0/toolchain/bin/../lib/gcc/arm-none-eabi/4.8.4/armv7e-m/fpu/crtbegin.o
                0x000048f4                PROVIDE (__init_array_end, .)

.fini_array     0x000048f4        0x4
                0x000048f4                PROVIDE (__fini_array_start, .)
 *(SORT(.fini_array.*))
 *(.fini_array*)
 .fini_array    0x000048f4        0x4 c:/freescale/kds_3.0.0/toolchain/bin/../lib/gcc/arm-none-eabi/4.8.4/armv7e-m/fpu/crtbegin.o
                0x000048f8                PROVIDE (__fini_array_end, .)
                0x000048f8                __etext = .
                0x000048f8                __DATA_ROM = .

.data           0x1fff0000       0x64 load address 0x000048f8
                0x1fff0000                . = ALIGN (0x4)
                0x1fff0000                __DATA_RAM = .
                0x1fff0000                __data_start__ = .
 *(.data)
 *(.data*)
 .data.impure_data
                0x1fff0000       0x60 c:/freescale/kds_3.0.0/toolchain/bin/../lib/gcc/arm-none-eabi/4.8.4/../../../../arm-none-eabi/lib/armv7e-m/fpu\libg_s.a(lib_a-impure.o)
 *(.jcr*)
 .jcr           0x1fff0060        0x0 c:/freescale/kds_3.0.0/toolchain/bin/../lib/gcc/arm-none-eabi/4.8.4/armv7e-m/fpu/crtbegin.o
 .jcr           0x1fff0060        0x4 c:/freescale/kds_3.0.0/toolchain/bin/../lib/gcc/arm-none-eabi/4.8.4/armv7e-m/fpu/crtend.o
                0x1fff0064                . = ALIGN (0x4)
                0x1fff0064                __data_end__ = .
                0x0000495c                __DATA_END = (__DATA_ROM + (__data_end__ - __data_start__))

.igot.plt       0x1fff0064        0x0 load address 0x0000495c
 .igot.plt      0x00000000        0x0 c:/freescale/kds_3.0.0/toolchain/bin/../lib/gcc/arm-none-eabi/4.8.4/armv7e-m/fpu/crtbegin.o

.bss            0x1fff0064       0x28 load address 0x0000495c
                0x1fff0064                . = ALIGN (0x4)
                0x1fff0064                __START_BSS = .
                0x1fff0064                __bss_start__ = .
 *(.bss)
 .bss           0x1fff0064       0x1c c:/freescale/kds_3.0.0/toolchain/bin/../lib/gcc/arm-none-eabi/4.8.4/armv7e-m/fpu/crtbegin.o
 *(.bss*)
 .bss.sci_buffer
                0x1fff0080        0x8 ./Sources/bl_communication.o
                0x1fff0080                sci_buffer
 .bss.frame_length
                0x1fff0088        0x1 ./Sources/bl_communication.o
                0x1fff0088                frame_length
 .bss.buff_index
                0x1fff0089        0x1 ./Sources/bl_communication.o
                0x1fff0089                buff_index
 *(COMMON)
                0x1fff008c                . = ALIGN (0x4)
 *fill*         0x1fff008a        0x2 
                0x1fff008c                __bss_end__ = .
                0x1fff008c                __END_BSS = .

.heap           0x20000000      0x400
                0x20000000                . = ALIGN (0x8)
                0x20000000                __end__ = .
                0x20000000                PROVIDE (end, .)
                0x20000000                __HeapBase = .
                0x20000400                . = (. + HEAP_SIZE)
 *fill*         0x20000000      0x400 
                0x20000400                __HeapLimit = .

.stack          0x20000400      0x400
                0x20000400                . = ALIGN (0x8)
                0x20000800                . = (. + STACK_SIZE)
 *fill*         0x20000400      0x400 
                0x20010000                __StackTop = (ORIGIN (m_data_2) + 0x10000)
                0x2000fc00                __StackLimit = (__StackTop - STACK_SIZE)
                0x20010000                PROVIDE (__stack, __StackTop)

.ARM.attributes
                0x00000000       0x30
 *(.ARM.attributes)
 .ARM.attributes
                0x00000000       0x22 c:/freescale/kds_3.0.0/toolchain/bin/../lib/gcc/arm-none-eabi/4.8.4/armv7e-m/fpu/crti.o
 .ARM.attributes
                0x00000022       0x34 c:/freescale/kds_3.0.0/toolchain/bin/../lib/gcc/arm-none-eabi/4.8.4/armv7e-m/fpu/crtbegin.o
 .ARM.attributes
                0x00000056       0x20 c:/freescale/kds_3.0.0/toolchain/bin/../lib/gcc/arm-none-eabi/4.8.4/../../../../arm-none-eabi/lib/armv7e-m/fpu/crt0.o
 .ARM.attributes
                0x00000076       0x39 ./Sources/bl_communication.o
 .ARM.attributes
                0x000000af       0x39 ./Sources/main.o
 .ARM.attributes
                0x000000e8       0x1f ./Project_Settings/Startup_Code/startup_MK22F51212.o
 .ARM.attributes
                0x00000107       0x39 ./Project_Settings/Startup_Code/system_MK22F51212.o
 .ARM.attributes
                0x00000140       0x34 c:/freescale/kds_3.0.0/toolchain/bin/../lib/gcc/arm-none-eabi/4.8.4/../../../../arm-none-eabi/lib/armv7e-m/fpu\libg_s.a(lib_a-exit.o)
 .ARM.attributes
                0x00000174       0x34 c:/freescale/kds_3.0.0/toolchain/bin/../lib/gcc/arm-none-eabi/4.8.4/../../../../arm-none-eabi/lib/armv7e-m/fpu\libg_s.a(lib_a-impure.o)
 .ARM.attributes
                0x000001a8       0x34 c:/freescale/kds_3.0.0/toolchain/bin/../lib/gcc/arm-none-eabi/4.8.4/../../../../arm-none-eabi/lib/armv7e-m/fpu\libg_s.a(lib_a-init.o)
 .ARM.attributes
                0x000001dc       0x34 c:/freescale/kds_3.0.0/toolchain/bin/../lib/gcc/arm-none-eabi/4.8.4/../../../../arm-none-eabi/lib/armv7e-m/fpu\libg_s.a(lib_a-memset.o)
 .ARM.attributes
                0x00000210       0x34 c:/freescale/kds_3.0.0/toolchain/bin/../lib/gcc/arm-none-eabi/4.8.4/../../../../arm-none-eabi/lib/armv7e-m/fpu\libnosys.a(_exit.o)
 .ARM.attributes
                0x00000244       0x34 c:/freescale/kds_3.0.0/toolchain/bin/../lib/gcc/arm-none-eabi/4.8.4/armv7e-m/fpu/crtend.o
 .ARM.attributes
                0x00000278       0x22 c:/freescale/kds_3.0.0/toolchain/bin/../lib/gcc/arm-none-eabi/4.8.4/armv7e-m/fpu/crtn.o
                0x00000001                ASSERT ((__StackLimit >= __HeapLimit), region m_data_2 overflowed with stack and heap)
OUTPUT(user_app_red_blink_k22.elf elf32-littlearm)

.debug_info     0x00000000     0x181c
 .debug_info    0x00000000      0x6c3 ./Sources/bl_communication.o
 .debug_info    0x000006c3      0xad1 ./Sources/main.o
 .debug_info    0x00001194       0x9d ./Project_Settings/Startup_Code/startup_MK22F51212.o
 .debug_info    0x00001231      0x5eb ./Project_Settings/Startup_Code/system_MK22F51212.o

.debug_abbrev   0x00000000      0x41f
 .debug_abbrev  0x00000000      0x162 ./Sources/bl_communication.o
 .debug_abbrev  0x00000162      0x18f ./Sources/main.o
 .debug_abbrev  0x000002f1       0x14 ./Project_Settings/Startup_Code/startup_MK22F51212.o
 .debug_abbrev  0x00000305      0x11a ./Project_Settings/Startup_Code/system_MK22F51212.o

.debug_aranges  0x00000000       0xc0
 .debug_aranges
                0x00000000       0x38 ./Sources/bl_communication.o
 .debug_aranges
                0x00000038       0x40 ./Sources/main.o
 .debug_aranges
                0x00000078       0x20 ./Project_Settings/Startup_Code/startup_MK22F51212.o
 .debug_aranges
                0x00000098       0x28 ./Project_Settings/Startup_Code/system_MK22F51212.o

.debug_ranges   0x00000000       0x70
 .debug_ranges  0x00000000       0x28 ./Sources/bl_communication.o
 .debug_ranges  0x00000028       0x30 ./Sources/main.o
 .debug_ranges  0x00000058       0x18 ./Project_Settings/Startup_Code/system_MK22F51212.o

.debug_macro    0x00000000    0x10baf
 .debug_macro   0x00000000       0x9c ./Sources/bl_communication.o
 .debug_macro   0x0000009c      0x850 ./Sources/bl_communication.o
 .debug_macro   0x000008ec       0x16 ./Sources/bl_communication.o
 .debug_macro   0x00000902       0x16 ./Sources/bl_communication.o
 .debug_macro   0x00000918       0x44 ./Sources/bl_communication.o
 .debug_macro   0x0000095c      0x209 ./Sources/bl_communication.o
 .debug_macro   0x00000b65       0x55 ./Sources/bl_communication.o
 .debug_macro   0x00000bba       0x3b ./Sources/bl_communication.o
 .debug_macro   0x00000bf5       0x34 ./Sources/bl_communication.o
 .debug_macro   0x00000c29       0x26 ./Sources/bl_communication.o
 .debug_macro   0x00000c4f      0xd1d ./Sources/bl_communication.o
 .debug_macro   0x0000196c       0x78 ./Sources/bl_communication.o
 .debug_macro   0x000019e4     0xefee ./Sources/bl_communication.o
 .debug_macro   0x000109d2       0x3a ./Sources/bl_communication.o
 .debug_macro   0x00010a0c       0xb4 ./Sources/main.o
 .debug_macro   0x00010ac0       0x88 ./Project_Settings/Startup_Code/system_MK22F51212.o
 .debug_macro   0x00010b48       0x67 ./Project_Settings/Startup_Code/system_MK22F51212.o

.debug_line     0x00000000      0x7db
 .debug_line    0x00000000      0x287 ./Sources/bl_communication.o
 .debug_line    0x00000287      0x265 ./Sources/main.o
 .debug_line    0x000004ec       0x7b ./Project_Settings/Startup_Code/startup_MK22F51212.o
 .debug_line    0x00000567      0x274 ./Project_Settings/Startup_Code/system_MK22F51212.o

.debug_str      0x00000000    0x5f74e
 .debug_str     0x00000000    0x5ed6e ./Sources/bl_communication.o
                              0x5eee1 (size before relaxing)
 .debug_str     0x0005ed6e      0x8e8 ./Sources/main.o
                              0x5f5f9 (size before relaxing)
 .debug_str     0x0005f656       0xf8 ./Project_Settings/Startup_Code/system_MK22F51212.o
                              0x5ecae (size before relaxing)

.comment        0x00000000       0x70
 .comment       0x00000000       0x70 ./Sources/bl_communication.o
                                 0x71 (size before relaxing)
 .comment       0x00000000       0x71 ./Sources/main.o
 .comment       0x00000000       0x71 ./Project_Settings/Startup_Code/system_MK22F51212.o

.debug_frame    0x00000000      0x1e0
 .debug_frame   0x00000000       0x78 ./Sources/bl_communication.o
 .debug_frame   0x00000078       0x90 ./Sources/main.o
 .debug_frame   0x00000108       0x44 ./Project_Settings/Startup_Code/system_MK22F51212.o
 .debug_frame   0x0000014c       0x28 c:/freescale/kds_3.0.0/toolchain/bin/../lib/gcc/arm-none-eabi/4.8.4/../../../../arm-none-eabi/lib/armv7e-m/fpu\libg_s.a(lib_a-exit.o)
 .debug_frame   0x00000174       0x2c c:/freescale/kds_3.0.0/toolchain/bin/../lib/gcc/arm-none-eabi/4.8.4/../../../../arm-none-eabi/lib/armv7e-m/fpu\libg_s.a(lib_a-init.o)
 .debug_frame   0x000001a0       0x20 c:/freescale/kds_3.0.0/toolchain/bin/../lib/gcc/arm-none-eabi/4.8.4/../../../../arm-none-eabi/lib/armv7e-m/fpu\libg_s.a(lib_a-memset.o)
 .debug_frame   0x000001c0       0x20 c:/freescale/kds_3.0.0/toolchain/bin/../lib/gcc/arm-none-eabi/4.8.4/../../../../arm-none-eabi/lib/armv7e-m/fpu\libnosys.a(_exit.o)
