###############################################################################
#
# IAR ELF Linker V7.40.2.8542/W32 for ARM                 22/Oct/2015  12:26:51
# Copyright 2007-2015 IAR Systems AB.
#
#    Output file  =  
#        C:\Users\B55335\Desktop\KL26bootloader\bootloaderIAR\IAR\Debug\Exe\KL26bootloader.out
#    Map file     =  
#        C:\Users\B55335\Desktop\KL26bootloader\bootloaderIAR\IAR\Debug\List\KL26bootloader.map
#    Command line =  
#        C:\Users\B55335\Desktop\KL26bootloader\bootloaderIAR\IAR\Debug\Obj\bootloader.o
#        C:\Users\B55335\Desktop\KL26bootloader\bootloaderIAR\IAR\Debug\Obj\flash_kinetis.o
#        C:\Users\B55335\Desktop\KL26bootloader\bootloaderIAR\IAR\Debug\Obj\rs232.o
#        C:\Users\B55335\Desktop\KL26bootloader\bootloaderIAR\IAR\Debug\Obj\startup_MKL26Z4.o
#        C:\Users\B55335\Desktop\KL26bootloader\bootloaderIAR\IAR\Debug\Obj\system_MKL26Z4.o
#        -o
#        C:\Users\B55335\Desktop\KL26bootloader\bootloaderIAR\IAR\Debug\Exe\KL26bootloader.out
#        --map
#        C:\Users\B55335\Desktop\KL26bootloader\bootloaderIAR\IAR\Debug\List\KL26bootloader.map
#        --config
#        C:\Users\B55335\Desktop\KL26bootloader\bootloaderIAR\IAR\..\MKL26Z128xxx4.icf
#        --semihosting --entry __iar_program_start --vfe
#
###############################################################################

*******************************************************************************
*** RUNTIME MODEL ATTRIBUTES
***

CppFlavor       = *
__SystemLibrary = DLib


*******************************************************************************
*** PLACEMENT SUMMARY
***

"A1":  place at 0x00000000 { ro section .intvec };
"P1":  place in [from 0x00000000 to 0x000003ff] |
                [from 0x00000410 to 0x0001ffff] { ro };
"P3":  place in [from 0x1ffff000 to 0x1fffffff] |
                [from 0x20000000 to 0x20002ff7] { rw, block CSTACK, block HEAP };

  Section          Kind        Address   Size  Object
  -------          ----        -------   ----  ------
"A1":                                    0xd0
  .intvec          ro code  0x00000000   0xd0  startup_MKL26Z4.o [1]
                          - 0x000000d0   0xd0

"P1", part 1 of 2:                        0x0
  .rodata          const    0x000000d0    0x0  zero_init3.o [4]

"P1", part 2 of 2:                      0x86e
  .text            ro code  0x00000410  0x4fc  bootloader.o [1]
  .text            ro code  0x0000090c   0x74  rs232.o [1]
  .text            ro code  0x00000980   0xcc  flash_kinetis.o [1]
  .text            ro code  0x00000a4c   0xe0  I32DivModFast.o [4]
  .text            ro code  0x00000b2c    0x2  IntDivZer.o [4]
  .text            ro code  0x00000b2e   0x2a  zero_init3.o [4]
  .text            ro code  0x00000b58   0x28  system_MKL26Z4.o [1]
  .text            ro code  0x00000b80   0x28  data_init.o [4]
  .iar.init_table  const    0x00000ba8   0x10  - Linker created -
  .text            ro code  0x00000bb8   0x1a  cmain.o [4]
  .text            ro code  0x00000bd2    0x4  low_level_init.o [3]
  .text            ro code  0x00000bd6    0x8  exit.o [3]
  .text            ro code  0x00000bde    0x2  startup_MKL26Z4.o [1]
  .text            ro code  0x00000be0    0xa  cexit.o [4]
  .text            ro code  0x00000bea    0x2  startup_MKL26Z4.o [1]
  .text            ro code  0x00000bec   0x14  exit.o [5]
  .rodata          const    0x00000c00   0x14  bootloader.o [1]
  .text            ro code  0x00000c14   0x10  startup_MKL26Z4.o [1]
  .text            ro code  0x00000c24    0xc  cstartup_M.o [4]
  .rodata          const    0x00000c30    0x8  bootloader.o [1]
  .text            ro code  0x00000c38    0x2  startup_MKL26Z4.o [1]
  .text            ro code  0x00000c3a    0x2  startup_MKL26Z4.o [1]
  .text            ro code  0x00000c3c    0x2  startup_MKL26Z4.o [1]
  .text            ro code  0x00000c3e    0x2  startup_MKL26Z4.o [1]
  .text            ro code  0x00000c40    0x2  startup_MKL26Z4.o [1]
  .text            ro code  0x00000c42    0x2  startup_MKL26Z4.o [1]
  .text            ro code  0x00000c44    0x2  startup_MKL26Z4.o [1]
  .text            ro code  0x00000c46    0x2  startup_MKL26Z4.o [1]
  .text            ro code  0x00000c48    0x2  startup_MKL26Z4.o [1]
  .text            ro code  0x00000c4a    0x2  startup_MKL26Z4.o [1]
  .text            ro code  0x00000c4c    0x2  startup_MKL26Z4.o [1]
  .text            ro code  0x00000c4e    0x2  startup_MKL26Z4.o [1]
  .text            ro code  0x00000c50    0x2  startup_MKL26Z4.o [1]
  .text            ro code  0x00000c52    0x2  startup_MKL26Z4.o [1]
  .text            ro code  0x00000c54    0x2  startup_MKL26Z4.o [1]
  .text            ro code  0x00000c56    0x2  startup_MKL26Z4.o [1]
  .text            ro code  0x00000c58    0x2  startup_MKL26Z4.o [1]
  .text            ro code  0x00000c5a    0x2  startup_MKL26Z4.o [1]
  .text            ro code  0x00000c5c    0x2  startup_MKL26Z4.o [1]
  .text            ro code  0x00000c5e    0x2  startup_MKL26Z4.o [1]
  .text            ro code  0x00000c60    0x2  startup_MKL26Z4.o [1]
  .text            ro code  0x00000c62    0x2  startup_MKL26Z4.o [1]
  .text            ro code  0x00000c64    0x2  startup_MKL26Z4.o [1]
  .text            ro code  0x00000c66    0x2  startup_MKL26Z4.o [1]
  .text            ro code  0x00000c68    0x2  startup_MKL26Z4.o [1]
  .text            ro code  0x00000c6a    0x2  startup_MKL26Z4.o [1]
  .text            ro code  0x00000c6c    0x2  startup_MKL26Z4.o [1]
  .text            ro code  0x00000c6e    0x2  startup_MKL26Z4.o [1]
  .text            ro code  0x00000c70    0x2  startup_MKL26Z4.o [1]
  .text            ro code  0x00000c72    0x2  startup_MKL26Z4.o [1]
  .text            ro code  0x00000c74    0x2  startup_MKL26Z4.o [1]
  .text            ro code  0x00000c76    0x2  startup_MKL26Z4.o [1]
  .text            ro code  0x00000c78    0x2  startup_MKL26Z4.o [1]
  .text            ro code  0x00000c7a    0x2  startup_MKL26Z4.o [1]
  .text            ro code  0x00000c7c    0x2  startup_MKL26Z4.o [1]
                          - 0x00000c7e  0x86e

"P3":                                   0x468
  .bss             zero     0x1ffff000   0x50  bootloader.o [1]
  .bss             zero     0x1ffff050    0xc  flash_kinetis.o [1]
  .bss             zero     0x1ffff05c    0x4  bootloader.o [1]
  .bss             zero     0x1ffff060    0x4  flash_kinetis.o [1]
  CSTACK                    0x1ffff068  0x400  <Block>
    CSTACK         uninit   0x1ffff068  0x400  <Block tail>
                          - 0x1ffff468  0x468


*******************************************************************************
*** INIT TABLE
***

          Address     Size
          -------     ----
Zero (__iar_zero_init3)
    1 destination range, total size 0x64:
          0x1ffff000  0x64



*******************************************************************************
*** MODULE SUMMARY
***

    Module             ro code  ro data  rw data
    ------             -------  -------  -------
C:\Users\B55335\Desktop\KL26bootloader\bootloaderIAR\IAR\Debug\Obj: [1]
    bootloader.o         1 276       28       84
    flash_kinetis.o        204                16
    rs232.o                116
    startup_MKL26Z4.o      298
    system_MKL26Z4.o        40
    --------------------------------------------
    Total:               1 934       28      100

command line: [2]
    --------------------------------------------
    Total:

dl6M_tln.a: [3]
    exit.o                   8
    low_level_init.o         4
    --------------------------------------------
    Total:                  12

rt6M_tl.a: [4]
    I32DivModFast.o        224
    IntDivZer.o              2
    cexit.o                 10
    cmain.o                 26
    cstartup_M.o            12
    data_init.o             40
    zero_init3.o            42
    --------------------------------------------
    Total:                 356

shb_l.a: [5]
    exit.o                  20
    --------------------------------------------
    Total:                  20

    Linker created                   16    1 024
------------------------------------------------
    Grand Total:         2 322       44    1 124


*******************************************************************************
*** ENTRY LIST
***

Entry                      Address   Size  Type      Object
-----                      -------   ----  ----      ------
.iar.init_table$$Base   0x00000ba8          --   Gb  - Linker created -
.iar.init_table$$Limit  0x00000bb8          --   Gb  - Linker created -
?main                   0x00000bb9         Code  Gb  cmain.o [4]
Boot_Button_Init        0x00000411   0x16  Code  Gb  bootloader.o [1]
Boot_Cpu_SystemReset    0x000004b1   0x14  Code  Gb  bootloader.o [1]
Boot_ReadAddress        0x00000461   0x20  Code  Lc  bootloader.o [1]
Boot_Send               0x00000481   0x30  Code  Gb  bootloader.o [1]
Boot_StrCompare         0x00000427   0x26  Code  Gb  bootloader.o [1]
CSTACK$$Base            0x1ffff068          --   Gb  - Linker created -
CSTACK$$Limit           0x1ffff468          --   Gb  - Linker created -
CommandObj              0x1ffff050    0xc  Data  Gb  flash_kinetis.o [1]
FLASH_EraseSector       0x000009d3   0x14  Code  Gb  flash_kinetis.o [1]
FLASH_FlashCommandSequenceStart
                        0x000009e7   0x50  Code  Gb  flash_kinetis.o [1]
FLASH_Initialization    0x00000981   0x10  Code  Gb  flash_kinetis.o [1]
FLASH_ProgramLongWord   0x00000991   0x18  Code  Gb  flash_kinetis.o [1]
FLASH_ProgramSectionByLongs
                        0x000009a9   0x2a  Code  Gb  flash_kinetis.o [1]
Identifier              0x00000c00   0x14  Data  Gb  bootloader.o [1]
JumpToUserApplication   0x0000044d   0x14  Code  Gb  bootloader.o [1]
Region$$Table$$Base     0x00000ba8          --   Gb  - Linker created -
Region$$Table$$Limit    0x00000bb8          --   Gb  - Linker created -
SystemInit              0x00000b59   0x1e  Code  Gb  system_MKL26Z4.o [1]
UART_GetChar            0x00000947   0x22  Code  Gb  rs232.o [1]
UART_Initialization     0x0000090d   0x2a  Code  Gb  rs232.o [1]
UART_PutChar            0x00000937   0x10  Code  Gb  rs232.o [1]
__Vectors               0x00000000          --   Gb  startup_MKL26Z4.o [1]
__Vectors_End           0x000000c0         Data  Gb  startup_MKL26Z4.o [1]
__Vectors_Size {Abs}    0x000000c0          --   Gb  startup_MKL26Z4.o [1]
__aeabi_idiv            0x00000a79         Code  Gb  I32DivModFast.o [4]
__aeabi_idiv0           0x00000b2d         Code  Gb  IntDivZer.o [4]
__aeabi_idivmod         0x00000a79         Code  Gb  I32DivModFast.o [4]
__aeabi_uidiv           0x00000a7f         Code  Gb  I32DivModFast.o [4]
__aeabi_uidivmod        0x00000a7f         Code  Gb  I32DivModFast.o [4]
__cmain                 0x00000bb9         Code  Gb  cmain.o [4]
__exit                  0x00000bed   0x14  Code  Gb  exit.o [5]
__iar_data_init3        0x00000b81   0x28  Code  Gb  data_init.o [4]
__iar_program_start     0x00000c25         Code  Gb  cstartup_M.o [4]
__iar_zero_init3        0x00000b2f   0x2a  Code  Gb  zero_init3.o [4]
__low_level_init        0x00000bd3    0x4  Code  Gb  low_level_init.o [3]
__vector_table          0x00000000         Data  Gb  startup_MKL26Z4.o [1]
__vector_table_0x1c     0x0000001c         Data  Gb  startup_MKL26Z4.o [1]
_call_main              0x00000bc5         Code  Gb  cmain.o [4]
_exit                   0x00000be1         Code  Gb  cexit.o [4]
_main                   0x00000bcf         Code  Gb  cmain.o [4]
address                 0x1ffff05c    0x4  Data  Gb  bootloader.o [1]
exit                    0x00000bd7    0x8  Code  Gb  exit.o [3]
flash_state             0x1ffff060    0x4  Data  Gb  flash_kinetis.o [1]
main                    0x000004e1  0x3dc  Code  Gb  bootloader.o [1]
sci_buffer              0x1ffff000   0x50  Data  Gb  bootloader.o [1]
str_app_ok              0x00000c30    0x8  Data  Gb  bootloader.o [1]


[1] = C:\Users\B55335\Desktop\KL26bootloader\bootloaderIAR\IAR\Debug\Obj
[2] = command line
[3] = dl6M_tln.a
[4] = rt6M_tl.a
[5] = shb_l.a

  2 322 bytes of readonly  code memory
     44 bytes of readonly  data memory
  1 124 bytes of readwrite data memory

Errors: none
Warnings: none
