Archive member included because of file (symbol)

c:/freescale/kds_3.0.0/toolchain/bin/../lib/gcc/arm-none-eabi/4.8.4/armv6-m\libgcc.a(_udivsi3.o)
                              ./Project_Settings/Startup_Code/system_MKL26Z4.o (__aeabi_uidiv)
c:/freescale/kds_3.0.0/toolchain/bin/../lib/gcc/arm-none-eabi/4.8.4/armv6-m\libgcc.a(_dvmd_tls.o)
                              c:/freescale/kds_3.0.0/toolchain/bin/../lib/gcc/arm-none-eabi/4.8.4/armv6-m\libgcc.a(_udivsi3.o) (__aeabi_idiv0)
c:/freescale/kds_3.0.0/toolchain/bin/../lib/gcc/arm-none-eabi/4.8.4/../../../../arm-none-eabi/lib/armv6-m\libg_s.a(lib_a-exit.o)
                              c:/freescale/kds_3.0.0/toolchain/bin/../lib/gcc/arm-none-eabi/4.8.4/../../../../arm-none-eabi/lib/armv6-m/crt0.o (exit)
c:/freescale/kds_3.0.0/toolchain/bin/../lib/gcc/arm-none-eabi/4.8.4/../../../../arm-none-eabi/lib/armv6-m\libg_s.a(lib_a-impure.o)
                              c:/freescale/kds_3.0.0/toolchain/bin/../lib/gcc/arm-none-eabi/4.8.4/../../../../arm-none-eabi/lib/armv6-m\libg_s.a(lib_a-exit.o) (_global_impure_ptr)
c:/freescale/kds_3.0.0/toolchain/bin/../lib/gcc/arm-none-eabi/4.8.4/../../../../arm-none-eabi/lib/armv6-m\libg_s.a(lib_a-init.o)
                              c:/freescale/kds_3.0.0/toolchain/bin/../lib/gcc/arm-none-eabi/4.8.4/../../../../arm-none-eabi/lib/armv6-m/crt0.o (__libc_init_array)
c:/freescale/kds_3.0.0/toolchain/bin/../lib/gcc/arm-none-eabi/4.8.4/../../../../arm-none-eabi/lib/armv6-m\libg_s.a(lib_a-memset.o)
                              c:/freescale/kds_3.0.0/toolchain/bin/../lib/gcc/arm-none-eabi/4.8.4/../../../../arm-none-eabi/lib/armv6-m/crt0.o (memset)
c:/freescale/kds_3.0.0/toolchain/bin/../lib/gcc/arm-none-eabi/4.8.4/../../../../arm-none-eabi/lib/armv6-m\libnosys.a(_exit.o)
                              c:/freescale/kds_3.0.0/toolchain/bin/../lib/gcc/arm-none-eabi/4.8.4/../../../../arm-none-eabi/lib/armv6-m\libg_s.a(lib_a-exit.o) (_exit)

Allocating common symbols
Common symbol       size              file

address             0x4               ./Sources/bootloader.o
CommandObj          0xc               ./Driver/flash/flash_kinetis.o
sci_buffer          0x50              ./Sources/bootloader.o
flash_state         0x4               ./Driver/flash/flash_kinetis.o

Discarded input sections

 .text          0x00000000        0x0 c:/freescale/kds_3.0.0/toolchain/bin/../lib/gcc/arm-none-eabi/4.8.4/armv6-m/crti.o
 .data          0x00000000        0x0 c:/freescale/kds_3.0.0/toolchain/bin/../lib/gcc/arm-none-eabi/4.8.4/armv6-m/crti.o
 .bss           0x00000000        0x0 c:/freescale/kds_3.0.0/toolchain/bin/../lib/gcc/arm-none-eabi/4.8.4/armv6-m/crti.o
 .data          0x00000000        0x4 c:/freescale/kds_3.0.0/toolchain/bin/../lib/gcc/arm-none-eabi/4.8.4/armv6-m/crtbegin.o
 .data          0x00000000        0x0 c:/freescale/kds_3.0.0/toolchain/bin/../lib/gcc/arm-none-eabi/4.8.4/../../../../arm-none-eabi/lib/armv6-m/crt0.o
 .bss           0x00000000        0x0 c:/freescale/kds_3.0.0/toolchain/bin/../lib/gcc/arm-none-eabi/4.8.4/../../../../arm-none-eabi/lib/armv6-m/crt0.o
 .ARM.extab     0x00000000        0x0 c:/freescale/kds_3.0.0/toolchain/bin/../lib/gcc/arm-none-eabi/4.8.4/../../../../arm-none-eabi/lib/armv6-m/crt0.o
 .group         0x00000000        0x8 ./Sources/bootloader.o
 .group         0x00000000        0x8 ./Sources/bootloader.o
 .group         0x00000000        0x8 ./Sources/bootloader.o
 .group         0x00000000        0x8 ./Sources/bootloader.o
 .group         0x00000000        0x8 ./Sources/bootloader.o
 .group         0x00000000        0x8 ./Sources/bootloader.o
 .group         0x00000000        0x8 ./Sources/bootloader.o
 .group         0x00000000        0x8 ./Sources/bootloader.o
 .group         0x00000000        0x8 ./Sources/bootloader.o
 .group         0x00000000        0x8 ./Sources/bootloader.o
 .group         0x00000000        0x8 ./Sources/bootloader.o
 .group         0x00000000        0x8 ./Sources/bootloader.o
 .group         0x00000000        0x8 ./Sources/bootloader.o
 .group         0x00000000        0x8 ./Sources/bootloader.o
 .group         0x00000000        0x8 ./Sources/bootloader.o
 .text          0x00000000        0x0 ./Sources/bootloader.o
 .data          0x00000000        0x0 ./Sources/bootloader.o
 .bss           0x00000000        0x0 ./Sources/bootloader.o
 .text.Boot_Init_Clock
                0x00000000       0xf0 ./Sources/bootloader.o
 .cfmconfig     0x00000000       0x10 ./Sources/bootloader.o
 .data          0x00000000        0x0 ./Project_Settings/Startup_Code/startup_MKL26Z4.o
 .bss           0x00000000        0x0 ./Project_Settings/Startup_Code/startup_MKL26Z4.o
 .group         0x00000000        0x8 ./Project_Settings/Startup_Code/system_MKL26Z4.o
 .group         0x00000000        0x8 ./Project_Settings/Startup_Code/system_MKL26Z4.o
 .group         0x00000000        0x8 ./Project_Settings/Startup_Code/system_MKL26Z4.o
 .group         0x00000000        0x8 ./Project_Settings/Startup_Code/system_MKL26Z4.o
 .group         0x00000000        0x8 ./Project_Settings/Startup_Code/system_MKL26Z4.o
 .group         0x00000000        0x8 ./Project_Settings/Startup_Code/system_MKL26Z4.o
 .group         0x00000000        0x8 ./Project_Settings/Startup_Code/system_MKL26Z4.o
 .group         0x00000000        0x8 ./Project_Settings/Startup_Code/system_MKL26Z4.o
 .group         0x00000000        0x8 ./Project_Settings/Startup_Code/system_MKL26Z4.o
 .group         0x00000000        0x8 ./Project_Settings/Startup_Code/system_MKL26Z4.o
 .text          0x00000000        0x0 ./Project_Settings/Startup_Code/system_MKL26Z4.o
 .data          0x00000000        0x0 ./Project_Settings/Startup_Code/system_MKL26Z4.o
 .bss           0x00000000        0x0 ./Project_Settings/Startup_Code/system_MKL26Z4.o
 .text.SystemCoreClockUpdate
                0x00000000      0x134 ./Project_Settings/Startup_Code/system_MKL26Z4.o
 .data.SystemCoreClock
                0x00000000        0x4 ./Project_Settings/Startup_Code/system_MKL26Z4.o
 .debug_macro   0x00000000      0x808 ./Project_Settings/Startup_Code/system_MKL26Z4.o
 .debug_macro   0x00000000       0x16 ./Project_Settings/Startup_Code/system_MKL26Z4.o
 .debug_macro   0x00000000       0x44 ./Project_Settings/Startup_Code/system_MKL26Z4.o
 .debug_macro   0x00000000      0x209 ./Project_Settings/Startup_Code/system_MKL26Z4.o
 .debug_macro   0x00000000       0x3a ./Project_Settings/Startup_Code/system_MKL26Z4.o
 .debug_macro   0x00000000       0x26 ./Project_Settings/Startup_Code/system_MKL26Z4.o
 .debug_macro   0x00000000      0x306 ./Project_Settings/Startup_Code/system_MKL26Z4.o
 .debug_macro   0x00000000       0x77 ./Project_Settings/Startup_Code/system_MKL26Z4.o
 .debug_macro   0x00000000     0x8dcb ./Project_Settings/Startup_Code/system_MKL26Z4.o
 .group         0x00000000        0x8 ./Driver/rs232/rs232.o
 .group         0x00000000        0x8 ./Driver/rs232/rs232.o
 .group         0x00000000        0x8 ./Driver/rs232/rs232.o
 .group         0x00000000        0x8 ./Driver/rs232/rs232.o
 .group         0x00000000        0x8 ./Driver/rs232/rs232.o
 .group         0x00000000        0x8 ./Driver/rs232/rs232.o
 .group         0x00000000        0x8 ./Driver/rs232/rs232.o
 .group         0x00000000        0x8 ./Driver/rs232/rs232.o
 .group         0x00000000        0x8 ./Driver/rs232/rs232.o
 .group         0x00000000        0x8 ./Driver/rs232/rs232.o
 .group         0x00000000        0x8 ./Driver/rs232/rs232.o
 .group         0x00000000        0x8 ./Driver/rs232/rs232.o
 .group         0x00000000        0x8 ./Driver/rs232/rs232.o
 .group         0x00000000        0x8 ./Driver/rs232/rs232.o
 .text          0x00000000        0x0 ./Driver/rs232/rs232.o
 .data          0x00000000        0x0 ./Driver/rs232/rs232.o
 .bss           0x00000000        0x0 ./Driver/rs232/rs232.o
 .debug_macro   0x00000000      0x808 ./Driver/rs232/rs232.o
 .debug_macro   0x00000000       0x16 ./Driver/rs232/rs232.o
 .debug_macro   0x00000000       0x16 ./Driver/rs232/rs232.o
 .debug_macro   0x00000000       0x44 ./Driver/rs232/rs232.o
 .debug_macro   0x00000000      0x209 ./Driver/rs232/rs232.o
 .debug_macro   0x00000000       0x3a ./Driver/rs232/rs232.o
 .debug_macro   0x00000000       0x3a ./Driver/rs232/rs232.o
 .debug_macro   0x00000000       0x26 ./Driver/rs232/rs232.o
 .debug_macro   0x00000000      0x306 ./Driver/rs232/rs232.o
 .debug_macro   0x00000000       0x77 ./Driver/rs232/rs232.o
 .debug_macro   0x00000000     0x8dcb ./Driver/rs232/rs232.o
 .debug_macro   0x00000000       0xf4 ./Driver/rs232/rs232.o
 .debug_macro   0x00000000       0x16 ./Driver/rs232/rs232.o
 .debug_macro   0x00000000       0x16 ./Driver/rs232/rs232.o
 .group         0x00000000        0x8 ./Driver/flash/flash_kinetis.o
 .group         0x00000000        0x8 ./Driver/flash/flash_kinetis.o
 .group         0x00000000        0x8 ./Driver/flash/flash_kinetis.o
 .group         0x00000000        0x8 ./Driver/flash/flash_kinetis.o
 .group         0x00000000        0x8 ./Driver/flash/flash_kinetis.o
 .group         0x00000000        0x8 ./Driver/flash/flash_kinetis.o
 .group         0x00000000        0x8 ./Driver/flash/flash_kinetis.o
 .group         0x00000000        0x8 ./Driver/flash/flash_kinetis.o
 .group         0x00000000        0x8 ./Driver/flash/flash_kinetis.o
 .group         0x00000000        0x8 ./Driver/flash/flash_kinetis.o
 .group         0x00000000        0x8 ./Driver/flash/flash_kinetis.o
 .group         0x00000000        0x8 ./Driver/flash/flash_kinetis.o
 .group         0x00000000        0x8 ./Driver/flash/flash_kinetis.o
 .group         0x00000000        0x8 ./Driver/flash/flash_kinetis.o
 .text          0x00000000        0x0 ./Driver/flash/flash_kinetis.o
 .data          0x00000000        0x0 ./Driver/flash/flash_kinetis.o
 .bss           0x00000000        0x0 ./Driver/flash/flash_kinetis.o
 .debug_macro   0x00000000      0x808 ./Driver/flash/flash_kinetis.o
 .debug_macro   0x00000000       0x16 ./Driver/flash/flash_kinetis.o
 .debug_macro   0x00000000       0x3a ./Driver/flash/flash_kinetis.o
 .debug_macro   0x00000000       0x16 ./Driver/flash/flash_kinetis.o
 .debug_macro   0x00000000       0x16 ./Driver/flash/flash_kinetis.o
 .debug_macro   0x00000000       0x44 ./Driver/flash/flash_kinetis.o
 .debug_macro   0x00000000      0x209 ./Driver/flash/flash_kinetis.o
 .debug_macro   0x00000000       0x3a ./Driver/flash/flash_kinetis.o
 .debug_macro   0x00000000       0x3a ./Driver/flash/flash_kinetis.o
 .debug_macro   0x00000000       0x26 ./Driver/flash/flash_kinetis.o
 .debug_macro   0x00000000      0x306 ./Driver/flash/flash_kinetis.o
 .debug_macro   0x00000000       0x77 ./Driver/flash/flash_kinetis.o
 .debug_macro   0x00000000     0x8dcb ./Driver/flash/flash_kinetis.o
 .debug_macro   0x00000000       0xf4 ./Driver/flash/flash_kinetis.o
 .text          0x00000000       0x9c c:/freescale/kds_3.0.0/toolchain/bin/../lib/gcc/arm-none-eabi/4.8.4/armv6-m\libgcc.a(_udivsi3.o)
 .data          0x00000000        0x0 c:/freescale/kds_3.0.0/toolchain/bin/../lib/gcc/arm-none-eabi/4.8.4/armv6-m\libgcc.a(_udivsi3.o)
 .bss           0x00000000        0x0 c:/freescale/kds_3.0.0/toolchain/bin/../lib/gcc/arm-none-eabi/4.8.4/armv6-m\libgcc.a(_udivsi3.o)
 .debug_frame   0x00000000       0x20 c:/freescale/kds_3.0.0/toolchain/bin/../lib/gcc/arm-none-eabi/4.8.4/armv6-m\libgcc.a(_udivsi3.o)
 .ARM.attributes
                0x00000000       0x1e c:/freescale/kds_3.0.0/toolchain/bin/../lib/gcc/arm-none-eabi/4.8.4/armv6-m\libgcc.a(_udivsi3.o)
 .text          0x00000000        0x4 c:/freescale/kds_3.0.0/toolchain/bin/../lib/gcc/arm-none-eabi/4.8.4/armv6-m\libgcc.a(_dvmd_tls.o)
 .data          0x00000000        0x0 c:/freescale/kds_3.0.0/toolchain/bin/../lib/gcc/arm-none-eabi/4.8.4/armv6-m\libgcc.a(_dvmd_tls.o)
 .bss           0x00000000        0x0 c:/freescale/kds_3.0.0/toolchain/bin/../lib/gcc/arm-none-eabi/4.8.4/armv6-m\libgcc.a(_dvmd_tls.o)
 .ARM.attributes
                0x00000000       0x1e c:/freescale/kds_3.0.0/toolchain/bin/../lib/gcc/arm-none-eabi/4.8.4/armv6-m\libgcc.a(_dvmd_tls.o)
 .text          0x00000000        0x0 c:/freescale/kds_3.0.0/toolchain/bin/../lib/gcc/arm-none-eabi/4.8.4/../../../../arm-none-eabi/lib/armv6-m\libg_s.a(lib_a-exit.o)
 .data          0x00000000        0x0 c:/freescale/kds_3.0.0/toolchain/bin/../lib/gcc/arm-none-eabi/4.8.4/../../../../arm-none-eabi/lib/armv6-m\libg_s.a(lib_a-exit.o)
 .bss           0x00000000        0x0 c:/freescale/kds_3.0.0/toolchain/bin/../lib/gcc/arm-none-eabi/4.8.4/../../../../arm-none-eabi/lib/armv6-m\libg_s.a(lib_a-exit.o)
 .text          0x00000000        0x0 c:/freescale/kds_3.0.0/toolchain/bin/../lib/gcc/arm-none-eabi/4.8.4/../../../../arm-none-eabi/lib/armv6-m\libg_s.a(lib_a-impure.o)
 .data          0x00000000        0x0 c:/freescale/kds_3.0.0/toolchain/bin/../lib/gcc/arm-none-eabi/4.8.4/../../../../arm-none-eabi/lib/armv6-m\libg_s.a(lib_a-impure.o)
 .bss           0x00000000        0x0 c:/freescale/kds_3.0.0/toolchain/bin/../lib/gcc/arm-none-eabi/4.8.4/../../../../arm-none-eabi/lib/armv6-m\libg_s.a(lib_a-impure.o)
 .data._impure_ptr
                0x00000000        0x4 c:/freescale/kds_3.0.0/toolchain/bin/../lib/gcc/arm-none-eabi/4.8.4/../../../../arm-none-eabi/lib/armv6-m\libg_s.a(lib_a-impure.o)
 .text          0x00000000        0x0 c:/freescale/kds_3.0.0/toolchain/bin/../lib/gcc/arm-none-eabi/4.8.4/../../../../arm-none-eabi/lib/armv6-m\libg_s.a(lib_a-init.o)
 .data          0x00000000        0x0 c:/freescale/kds_3.0.0/toolchain/bin/../lib/gcc/arm-none-eabi/4.8.4/../../../../arm-none-eabi/lib/armv6-m\libg_s.a(lib_a-init.o)
 .bss           0x00000000        0x0 c:/freescale/kds_3.0.0/toolchain/bin/../lib/gcc/arm-none-eabi/4.8.4/../../../../arm-none-eabi/lib/armv6-m\libg_s.a(lib_a-init.o)
 .text          0x00000000        0x0 c:/freescale/kds_3.0.0/toolchain/bin/../lib/gcc/arm-none-eabi/4.8.4/../../../../arm-none-eabi/lib/armv6-m\libg_s.a(lib_a-memset.o)
 .data          0x00000000        0x0 c:/freescale/kds_3.0.0/toolchain/bin/../lib/gcc/arm-none-eabi/4.8.4/../../../../arm-none-eabi/lib/armv6-m\libg_s.a(lib_a-memset.o)
 .bss           0x00000000        0x0 c:/freescale/kds_3.0.0/toolchain/bin/../lib/gcc/arm-none-eabi/4.8.4/../../../../arm-none-eabi/lib/armv6-m\libg_s.a(lib_a-memset.o)
 .text          0x00000000        0x0 c:/freescale/kds_3.0.0/toolchain/bin/../lib/gcc/arm-none-eabi/4.8.4/../../../../arm-none-eabi/lib/armv6-m\libnosys.a(_exit.o)
 .data          0x00000000        0x0 c:/freescale/kds_3.0.0/toolchain/bin/../lib/gcc/arm-none-eabi/4.8.4/../../../../arm-none-eabi/lib/armv6-m\libnosys.a(_exit.o)
 .bss           0x00000000        0x0 c:/freescale/kds_3.0.0/toolchain/bin/../lib/gcc/arm-none-eabi/4.8.4/../../../../arm-none-eabi/lib/armv6-m\libnosys.a(_exit.o)
 .text          0x00000000        0x0 c:/freescale/kds_3.0.0/toolchain/bin/../lib/gcc/arm-none-eabi/4.8.4/armv6-m/crtend.o
 .data          0x00000000        0x0 c:/freescale/kds_3.0.0/toolchain/bin/../lib/gcc/arm-none-eabi/4.8.4/armv6-m/crtend.o
 .bss           0x00000000        0x0 c:/freescale/kds_3.0.0/toolchain/bin/../lib/gcc/arm-none-eabi/4.8.4/armv6-m/crtend.o
 .eh_frame      0x00000000        0x4 c:/freescale/kds_3.0.0/toolchain/bin/../lib/gcc/arm-none-eabi/4.8.4/armv6-m/crtend.o
 .text          0x00000000        0x0 c:/freescale/kds_3.0.0/toolchain/bin/../lib/gcc/arm-none-eabi/4.8.4/armv6-m/crtn.o
 .data          0x00000000        0x0 c:/freescale/kds_3.0.0/toolchain/bin/../lib/gcc/arm-none-eabi/4.8.4/armv6-m/crtn.o
 .bss           0x00000000        0x0 c:/freescale/kds_3.0.0/toolchain/bin/../lib/gcc/arm-none-eabi/4.8.4/armv6-m/crtn.o

Memory Configuration

Name             Origin             Length             Attributes
m_interrupts     0x00000000         0x00000100         xr
m_flash_config   0x00000400         0x00000010         xr
m_text           0x00000410         0x0001fe66         xr
m_data           0x1ffff000         0x00003ff8         rw
*default*        0x00000000         0xffffffff

Linker script and memory map

LOAD c:/freescale/kds_3.0.0/toolchain/bin/../lib/gcc/arm-none-eabi/4.8.4/armv6-m/crti.o
LOAD c:/freescale/kds_3.0.0/toolchain/bin/../lib/gcc/arm-none-eabi/4.8.4/armv6-m/crtbegin.o
LOAD c:/freescale/kds_3.0.0/toolchain/bin/../lib/gcc/arm-none-eabi/4.8.4/../../../../arm-none-eabi/lib/armv6-m/crt0.o
LOAD ./Sources/bootloader.o
LOAD ./Project_Settings/Startup_Code/startup_MKL26Z4.o
LOAD ./Project_Settings/Startup_Code/system_MKL26Z4.o
LOAD ./Driver/rs232/rs232.o
LOAD ./Driver/flash/flash_kinetis.o
LOAD c:/freescale/kds_3.0.0/toolchain/bin/../lib/gcc/arm-none-eabi/4.8.4/../../../../arm-none-eabi/lib/armv6-m\libstdc++_s.a
LOAD c:/freescale/kds_3.0.0/toolchain/bin/../lib/gcc/arm-none-eabi/4.8.4/../../../../arm-none-eabi/lib/armv6-m\libm.a
START GROUP
LOAD c:/freescale/kds_3.0.0/toolchain/bin/../lib/gcc/arm-none-eabi/4.8.4/armv6-m\libgcc.a
LOAD c:/freescale/kds_3.0.0/toolchain/bin/../lib/gcc/arm-none-eabi/4.8.4/../../../../arm-none-eabi/lib/armv6-m\libg_s.a
LOAD c:/freescale/kds_3.0.0/toolchain/bin/../lib/gcc/arm-none-eabi/4.8.4/../../../../arm-none-eabi/lib/armv6-m\libc_s.a
END GROUP
START GROUP
LOAD c:/freescale/kds_3.0.0/toolchain/bin/../lib/gcc/arm-none-eabi/4.8.4/armv6-m\libgcc.a
LOAD c:/freescale/kds_3.0.0/toolchain/bin/../lib/gcc/arm-none-eabi/4.8.4/../../../../arm-none-eabi/lib/armv6-m\libc_s.a
LOAD c:/freescale/kds_3.0.0/toolchain/bin/../lib/gcc/arm-none-eabi/4.8.4/../../../../arm-none-eabi/lib/armv6-m\libnosys.a
END GROUP
START GROUP
LOAD c:/freescale/kds_3.0.0/toolchain/bin/../lib/gcc/arm-none-eabi/4.8.4/armv6-m\libgcc.a
LOAD c:/freescale/kds_3.0.0/toolchain/bin/../lib/gcc/arm-none-eabi/4.8.4/../../../../arm-none-eabi/lib/armv6-m\libc_s.a
LOAD c:/freescale/kds_3.0.0/toolchain/bin/../lib/gcc/arm-none-eabi/4.8.4/../../../../arm-none-eabi/lib/armv6-m\libnosys.a
END GROUP
LOAD c:/freescale/kds_3.0.0/toolchain/bin/../lib/gcc/arm-none-eabi/4.8.4/armv6-m/crtend.o
LOAD c:/freescale/kds_3.0.0/toolchain/bin/../lib/gcc/arm-none-eabi/4.8.4/armv6-m/crtn.o
                0x00000400                HEAP_SIZE = DEFINED (__heap_size__)?__heap_size__:0x400
                0x00000400                STACK_SIZE = DEFINED (__stack_size__)?__stack_size__:0x400
                0x20002ff8                _estack = 0x20002ff8
                0x20002ff8                __SP_INIT = _estack

.interrupts     0x00000000       0xc0
                0x00000000                __VECTOR_TABLE = .
                0x00000000                . = ALIGN (0x4)
 *(.isr_vector)
 .isr_vector    0x00000000       0xc0 ./Project_Settings/Startup_Code/startup_MKL26Z4.o
                0x00000000                __isr_vector
                0x000000c0                . = ALIGN (0x4)

.flash_config   0x00000400       0x10
                0x00000400                . = ALIGN (0x4)
 *(.FlashConfig)
 .FlashConfig   0x00000400       0x10 ./Project_Settings/Startup_Code/startup_MKL26Z4.o
                0x00000410                . = ALIGN (0x4)

.text           0x00000410      0x834
                0x00000410                . = ALIGN (0x4)
 *(.text)
 .text          0x00000410       0x60 c:/freescale/kds_3.0.0/toolchain/bin/../lib/gcc/arm-none-eabi/4.8.4/armv6-m/crtbegin.o
 .text          0x00000470       0x78 c:/freescale/kds_3.0.0/toolchain/bin/../lib/gcc/arm-none-eabi/4.8.4/../../../../arm-none-eabi/lib/armv6-m/crt0.o
                0x00000470                _start
                0x00000470                _mainCRTStartup
 .text          0x000004e8       0x34 ./Project_Settings/Startup_Code/startup_MKL26Z4.o
                0x000004e8                Reset_Handler
                0x00000514                HardFault_Handler
                0x00000514                SysTick_Handler
                0x00000514                PendSV_Handler
                0x00000514                NMI_Handler
                0x00000514                PORTC_PORTD_IRQHandler
                0x00000514                I2C1_IRQHandler
                0x00000514                UART1_IRQHandler
                0x00000514                DMA2_IRQHandler
                0x00000514                TPM0_IRQHandler
                0x00000514                I2S0_IRQHandler
                0x00000514                LLWU_IRQHandler
                0x00000514                TSI0_IRQHandler
                0x00000514                UART0_IRQHandler
                0x00000514                ADC0_IRQHandler
                0x00000514                SPI1_IRQHandler
                0x00000514                DefaultISR
                0x00000514                TPM2_IRQHandler
                0x00000514                RTC_IRQHandler
                0x00000514                I2C0_IRQHandler
                0x00000514                RTC_Seconds_IRQHandler
                0x00000514                MCG_IRQHandler
                0x00000514                UART2_IRQHandler
                0x00000514                Reserved20_IRQHandler
                0x00000514                USB0_IRQHandler
                0x00000514                PIT_IRQHandler
                0x00000514                SVC_Handler
                0x00000514                DMA3_IRQHandler
                0x00000514                DMA0_IRQHandler
                0x00000514                DAC0_IRQHandler
                0x00000514                Reserved45_IRQHandler
                0x00000514                TPM1_IRQHandler
                0x00000514                LVD_LVW_IRQHandler
                0x00000514                SPI0_IRQHandler
                0x00000514                PORTA_IRQHandler
                0x00000514                FTFA_IRQHandler
                0x00000514                LPTMR0_IRQHandler
                0x00000514                CMP0_IRQHandler
                0x00000514                DMA1_IRQHandler
 *(.text*)
 .text.Boot_ReadAddress
                0x0000051c       0x20 ./Sources/bootloader.o
 .text.Boot_Button_Init
                0x0000053c       0x1c ./Sources/bootloader.o
                0x0000053c                Boot_Button_Init
 .text.Boot_StrCompare
                0x00000558       0x1e ./Sources/bootloader.o
                0x00000558                Boot_StrCompare
 .text.JumpToUserApplication
                0x00000576       0x14 ./Sources/bootloader.o
                0x00000576                JumpToUserApplication
 .text.Boot_Send
                0x0000058a       0x2c ./Sources/bootloader.o
                0x0000058a                Boot_Send
 *fill*         0x000005b6        0x2 
 .text.Boot_Cpu_SystemReset
                0x000005b8       0x1c ./Sources/bootloader.o
                0x000005b8                Boot_Cpu_SystemReset
 .text.startup.main
                0x000005d4      0x434 ./Sources/bootloader.o
                0x000005d4                main
 .text.SystemInit
                0x00000a08       0x18 ./Project_Settings/Startup_Code/system_MKL26Z4.o
                0x00000a08                SystemInit
 .text.UART_PutChar
                0x00000a20       0x10 ./Driver/rs232/rs232.o
                0x00000a20                UART_PutChar
 .text.UART_GetChar
                0x00000a30       0x40 ./Driver/rs232/rs232.o
                0x00000a30                UART_GetChar
 .text.UART_Initialization
                0x00000a70       0x24 ./Driver/rs232/rs232.o
                0x00000a70                UART_Initialization
 .text.FLASH_Initialization
                0x00000a94       0x14 ./Driver/flash/flash_kinetis.o
                0x00000a94                FLASH_Initialization
 .text.FLASH_FlashCommandSequenceStart
                0x00000aa8       0x54 ./Driver/flash/flash_kinetis.o
                0x00000aa8                FLASH_FlashCommandSequenceStart
 .text.FLASH_ProgramLongWord
                0x00000afc       0x18 ./Driver/flash/flash_kinetis.o
                0x00000afc                FLASH_ProgramLongWord
 .text.FLASH_ProgramSectionByLongs
                0x00000b14       0x2a ./Driver/flash/flash_kinetis.o
                0x00000b14                FLASH_ProgramSectionByLongs
 *fill*         0x00000b3e        0x2 
 .text.FLASH_EraseSector
                0x00000b40       0x18 ./Driver/flash/flash_kinetis.o
                0x00000b40                FLASH_EraseSector
 .text.exit     0x00000b58       0x2c c:/freescale/kds_3.0.0/toolchain/bin/../lib/gcc/arm-none-eabi/4.8.4/../../../../arm-none-eabi/lib/armv6-m\libg_s.a(lib_a-exit.o)
                0x00000b58                exit
 .text.__libc_init_array
                0x00000b84       0x4c c:/freescale/kds_3.0.0/toolchain/bin/../lib/gcc/arm-none-eabi/4.8.4/../../../../arm-none-eabi/lib/armv6-m\libg_s.a(lib_a-init.o)
                0x00000b84                __libc_init_array
 .text.memset   0x00000bd0       0x10 c:/freescale/kds_3.0.0/toolchain/bin/../lib/gcc/arm-none-eabi/4.8.4/../../../../arm-none-eabi/lib/armv6-m\libg_s.a(lib_a-memset.o)
                0x00000bd0                memset
 .text._exit    0x00000be0        0x4 c:/freescale/kds_3.0.0/toolchain/bin/../lib/gcc/arm-none-eabi/4.8.4/../../../../arm-none-eabi/lib/armv6-m\libnosys.a(_exit.o)
                0x00000be0                _exit
 *(.rodata)
 *(.rodata*)
 .rodata.str_app_ok
                0x00000be4        0x8 ./Sources/bootloader.o
                0x00000be4                str_app_ok
 .rodata.str1.1
                0x00000bec        0x2 c:/freescale/kds_3.0.0/toolchain/bin/../lib/gcc/arm-none-eabi/4.8.4/../../../../arm-none-eabi/lib/armv6-m\libg_s.a(lib_a-impure.o)
 *fill*         0x00000bee        0x2 
 .rodata._global_impure_ptr
                0x00000bf0        0x4 c:/freescale/kds_3.0.0/toolchain/bin/../lib/gcc/arm-none-eabi/4.8.4/../../../../arm-none-eabi/lib/armv6-m\libg_s.a(lib_a-impure.o)
                0x00000bf0                _global_impure_ptr
 *(.glue_7)
 .glue_7        0x00000000        0x0 linker stubs
 *(.glue_7t)
 .glue_7t       0x00000000        0x0 linker stubs
 *(.eh_frame)
 .eh_frame      0x00000bf4        0x0 c:/freescale/kds_3.0.0/toolchain/bin/../lib/gcc/arm-none-eabi/4.8.4/armv6-m/crtbegin.o
 *(.init)
 .init          0x00000bf4        0x4 c:/freescale/kds_3.0.0/toolchain/bin/../lib/gcc/arm-none-eabi/4.8.4/armv6-m/crti.o
                0x00000bf4                _init
 .init          0x00000bf8       0x38 ./Sources/bootloader.o
                0x00000bf8                MCU_Identification
                0x00000c2c                station_number
 .init          0x00000c30        0x8 c:/freescale/kds_3.0.0/toolchain/bin/../lib/gcc/arm-none-eabi/4.8.4/armv6-m/crtn.o
 *(.fini)
 .fini          0x00000c38        0x4 c:/freescale/kds_3.0.0/toolchain/bin/../lib/gcc/arm-none-eabi/4.8.4/armv6-m/crti.o
                0x00000c38                _fini
 .fini          0x00000c3c        0x8 c:/freescale/kds_3.0.0/toolchain/bin/../lib/gcc/arm-none-eabi/4.8.4/armv6-m/crtn.o
                0x00000c44                . = ALIGN (0x4)

.vfp11_veneer   0x00000c44        0x0
 .vfp11_veneer  0x00000000        0x0 linker stubs

.v4_bx          0x00000c44        0x0
 .v4_bx         0x00000000        0x0 linker stubs

.iplt           0x00000c44        0x0
 .iplt          0x00000000        0x0 c:/freescale/kds_3.0.0/toolchain/bin/../lib/gcc/arm-none-eabi/4.8.4/armv6-m/crtbegin.o

.ARM.extab
 *(.ARM.extab* .gnu.linkonce.armextab.*)

.ARM            0x00000c44        0x8
                0x00000c44                __exidx_start = .
 *(.ARM.exidx*)
 .ARM.exidx     0x00000c44        0x8 c:/freescale/kds_3.0.0/toolchain/bin/../lib/gcc/arm-none-eabi/4.8.4/../../../../arm-none-eabi/lib/armv6-m/crt0.o
                0x00000c4c                __exidx_end = .

.rel.dyn        0x00000c4c        0x0
 .rel.iplt      0x00000000        0x0 c:/freescale/kds_3.0.0/toolchain/bin/../lib/gcc/arm-none-eabi/4.8.4/armv6-m/crtbegin.o

.ctors          0x00000c4c        0x0
                0x00000c4c                __CTOR_LIST__ = .
 *crtbegin.o(.ctors)
 *crtbegin?.o(.ctors)
 *(EXCLUDE_FILE(*crtend.o *crtend?.o) .ctors)
 *(SORT(.ctors.*))
 *(.ctors)
                0x00000c4c                __CTOR_END__ = .

.dtors          0x00000c4c        0x0
                0x00000c4c                __DTOR_LIST__ = .
 *crtbegin.o(.dtors)
 *crtbegin?.o(.dtors)
 *(EXCLUDE_FILE(*crtend.o *crtend?.o) .dtors)
 *(SORT(.dtors.*))
 *(.dtors)
                0x00000c4c                __DTOR_END__ = .

.preinit_array  0x00000c4c        0x0
                0x00000c4c                PROVIDE (__preinit_array_start, .)
 *(.preinit_array*)
                0x00000c4c                PROVIDE (__preinit_array_end, .)

.init_array     0x00000c4c        0x4
                0x00000c4c                PROVIDE (__init_array_start, .)
 *(SORT(.init_array.*))
 *(.init_array*)
 .init_array    0x00000c4c        0x4 c:/freescale/kds_3.0.0/toolchain/bin/../lib/gcc/arm-none-eabi/4.8.4/armv6-m/crtbegin.o
                0x00000c50                PROVIDE (__init_array_end, .)

.fini_array     0x00000c50        0x4
                0x00000c50                PROVIDE (__fini_array_start, .)
 *(SORT(.fini_array.*))
 *(.fini_array*)
 .fini_array    0x00000c50        0x4 c:/freescale/kds_3.0.0/toolchain/bin/../lib/gcc/arm-none-eabi/4.8.4/armv6-m/crtbegin.o
                0x00000c54                PROVIDE (__fini_array_end, .)
                0x00000c54                __etext = .
                0x00000c54                __DATA_ROM = .

.mtb            0x1ffff000        0x0
                0x1ffff000                . = ALIGN (0x8)
                0x1ffff000                _mtb_start = .
 *(.mtb_buf)
                0x1ffff000                . = ALIGN (0x8)
                0x1ffff000                _mtb_end = .

.data           0x1ffff000       0x64 load address 0x00000c54
                0x1ffff000                . = ALIGN (0x4)
                0x1ffff000                __DATA_RAM = .
                0x1ffff000                __data_start__ = .
 *(.data)
 *(.data*)
 .data.impure_data
                0x1ffff000       0x60 c:/freescale/kds_3.0.0/toolchain/bin/../lib/gcc/arm-none-eabi/4.8.4/../../../../arm-none-eabi/lib/armv6-m\libg_s.a(lib_a-impure.o)
 *(.jcr*)
 .jcr           0x1ffff060        0x0 c:/freescale/kds_3.0.0/toolchain/bin/../lib/gcc/arm-none-eabi/4.8.4/armv6-m/crtbegin.o
 .jcr           0x1ffff060        0x4 c:/freescale/kds_3.0.0/toolchain/bin/../lib/gcc/arm-none-eabi/4.8.4/armv6-m/crtend.o
                0x1ffff064                . = ALIGN (0x4)
                0x1ffff064                __data_end__ = .
                0x00000cb8                __DATA_END = (__DATA_ROM + (__data_end__ - __data_start__))

.igot.plt       0x1ffff064        0x0 load address 0x00000cb8
 .igot.plt      0x00000000        0x0 c:/freescale/kds_3.0.0/toolchain/bin/../lib/gcc/arm-none-eabi/4.8.4/armv6-m/crtbegin.o

.bss            0x1ffff064       0x80 load address 0x00000cb8
                0x1ffff064                . = ALIGN (0x4)
                0x1ffff064                __START_BSS = .
                0x1ffff064                __bss_start__ = .
 *(.bss)
 .bss           0x1ffff064       0x1c c:/freescale/kds_3.0.0/toolchain/bin/../lib/gcc/arm-none-eabi/4.8.4/armv6-m/crtbegin.o
 *(.bss*)
 *(COMMON)
 COMMON         0x1ffff080       0x54 ./Sources/bootloader.o
                0x1ffff080                address
                0x1ffff084                sci_buffer
 COMMON         0x1ffff0d4       0x10 ./Driver/flash/flash_kinetis.o
                0x1ffff0d4                CommandObj
                0x1ffff0e0                flash_state
                0x1ffff0e4                . = ALIGN (0x4)
                0x1ffff0e4                __bss_end__ = .
                0x1ffff0e4                __END_BSS = .

.heap           0x1ffff0e4      0x404 load address 0x00000d38
                0x1ffff0e8                . = ALIGN (0x8)
 *fill*         0x1ffff0e4        0x4 
                0x1ffff0e8                __end__ = .
                0x1ffff0e8                PROVIDE (end, .)
                0x1ffff0e8                __HeapBase = .
                0x1ffff4e8                . = (. + HEAP_SIZE)
 *fill*         0x1ffff0e8      0x400 
                0x1ffff4e8                __HeapLimit = .

.stack          0x1ffff4e8      0x400 load address 0x0000113c
                0x1ffff4e8                . = ALIGN (0x8)
                0x1ffff8e8                . = (. + STACK_SIZE)
 *fill*         0x1ffff4e8      0x400 
                0x20002ff8                __StackTop = (ORIGIN (m_data) + 0x3ff8)
                0x20002bf8                __StackLimit = (__StackTop - STACK_SIZE)
                0x20002ff8                PROVIDE (__stack, __StackTop)

.ARM.attributes
                0x00000000       0x28
 *(.ARM.attributes)
 .ARM.attributes
                0x00000000       0x1e c:/freescale/kds_3.0.0/toolchain/bin/../lib/gcc/arm-none-eabi/4.8.4/armv6-m/crti.o
 .ARM.attributes
                0x0000001e       0x2c c:/freescale/kds_3.0.0/toolchain/bin/../lib/gcc/arm-none-eabi/4.8.4/armv6-m/crtbegin.o
 .ARM.attributes
                0x0000004a       0x1b c:/freescale/kds_3.0.0/toolchain/bin/../lib/gcc/arm-none-eabi/4.8.4/../../../../arm-none-eabi/lib/armv6-m/crt0.o
 .ARM.attributes
                0x00000065       0x32 ./Sources/bootloader.o
 .ARM.attributes
                0x00000097       0x1b ./Project_Settings/Startup_Code/startup_MKL26Z4.o
 .ARM.attributes
                0x000000b2       0x32 ./Project_Settings/Startup_Code/system_MKL26Z4.o
 .ARM.attributes
                0x000000e4       0x32 ./Driver/rs232/rs232.o
 .ARM.attributes
                0x00000116       0x32 ./Driver/flash/flash_kinetis.o
 .ARM.attributes
                0x00000148       0x2c c:/freescale/kds_3.0.0/toolchain/bin/../lib/gcc/arm-none-eabi/4.8.4/../../../../arm-none-eabi/lib/armv6-m\libg_s.a(lib_a-exit.o)
 .ARM.attributes
                0x00000174       0x2c c:/freescale/kds_3.0.0/toolchain/bin/../lib/gcc/arm-none-eabi/4.8.4/../../../../arm-none-eabi/lib/armv6-m\libg_s.a(lib_a-impure.o)
 .ARM.attributes
                0x000001a0       0x2c c:/freescale/kds_3.0.0/toolchain/bin/../lib/gcc/arm-none-eabi/4.8.4/../../../../arm-none-eabi/lib/armv6-m\libg_s.a(lib_a-init.o)
 .ARM.attributes
                0x000001cc       0x2c c:/freescale/kds_3.0.0/toolchain/bin/../lib/gcc/arm-none-eabi/4.8.4/../../../../arm-none-eabi/lib/armv6-m\libg_s.a(lib_a-memset.o)
 .ARM.attributes
                0x000001f8       0x2c c:/freescale/kds_3.0.0/toolchain/bin/../lib/gcc/arm-none-eabi/4.8.4/../../../../arm-none-eabi/lib/armv6-m\libnosys.a(_exit.o)
 .ARM.attributes
                0x00000224       0x2c c:/freescale/kds_3.0.0/toolchain/bin/../lib/gcc/arm-none-eabi/4.8.4/armv6-m/crtend.o
 .ARM.attributes
                0x00000250       0x1e c:/freescale/kds_3.0.0/toolchain/bin/../lib/gcc/arm-none-eabi/4.8.4/armv6-m/crtn.o
                0x00000001                ASSERT ((__StackLimit >= __HeapLimit), region m_data overflowed with stack and heap)
OUTPUT(bootloader_kl26_kds.elf elf32-littlearm)

.debug_info     0x00000000     0x1abc
 .debug_info    0x00000000      0xcec ./Sources/bootloader.o
 .debug_info    0x00000cec       0xf6 ./Project_Settings/Startup_Code/startup_MKL26Z4.o
 .debug_info    0x00000de2      0x42d ./Project_Settings/Startup_Code/system_MKL26Z4.o
 .debug_info    0x0000120f      0x3c0 ./Driver/rs232/rs232.o
 .debug_info    0x000015cf      0x4ed ./Driver/flash/flash_kinetis.o

.debug_abbrev   0x00000000      0x687
 .debug_abbrev  0x00000000      0x2c6 ./Sources/bootloader.o
 .debug_abbrev  0x000002c6       0x14 ./Project_Settings/Startup_Code/startup_MKL26Z4.o
 .debug_abbrev  0x000002da      0x109 ./Project_Settings/Startup_Code/system_MKL26Z4.o
 .debug_abbrev  0x000003e3      0x14c ./Driver/rs232/rs232.o
 .debug_abbrev  0x0000052f      0x158 ./Driver/flash/flash_kinetis.o

.debug_loc      0x00000000      0x754
 .debug_loc     0x00000000      0x44e ./Sources/bootloader.o
 .debug_loc     0x0000044e       0xc1 ./Project_Settings/Startup_Code/system_MKL26Z4.o
 .debug_loc     0x0000050f       0x2b ./Driver/rs232/rs232.o
 .debug_loc     0x0000053a      0x21a ./Driver/flash/flash_kinetis.o

.debug_aranges  0x00000000      0x110
 .debug_aranges
                0x00000000       0x58 ./Sources/bootloader.o
 .debug_aranges
                0x00000058       0x20 ./Project_Settings/Startup_Code/startup_MKL26Z4.o
 .debug_aranges
                0x00000078       0x28 ./Project_Settings/Startup_Code/system_MKL26Z4.o
 .debug_aranges
                0x000000a0       0x30 ./Driver/rs232/rs232.o
 .debug_aranges
                0x000000d0       0x40 ./Driver/flash/flash_kinetis.o

.debug_ranges   0x00000000       0xb0
 .debug_ranges  0x00000000       0x48 ./Sources/bootloader.o
 .debug_ranges  0x00000048       0x18 ./Project_Settings/Startup_Code/system_MKL26Z4.o
 .debug_ranges  0x00000060       0x20 ./Driver/rs232/rs232.o
 .debug_ranges  0x00000080       0x30 ./Driver/flash/flash_kinetis.o

.debug_macro    0x00000000     0xa08e
 .debug_macro   0x00000000       0xbb ./Sources/bootloader.o
 .debug_macro   0x000000bb      0x808 ./Sources/bootloader.o
 .debug_macro   0x000008c3       0x16 ./Sources/bootloader.o
 .debug_macro   0x000008d9       0x16 ./Sources/bootloader.o
 .debug_macro   0x000008ef       0x44 ./Sources/bootloader.o
 .debug_macro   0x00000933      0x209 ./Sources/bootloader.o
 .debug_macro   0x00000b3c       0x3a ./Sources/bootloader.o
 .debug_macro   0x00000b76       0x3a ./Sources/bootloader.o
 .debug_macro   0x00000bb0       0x26 ./Sources/bootloader.o
 .debug_macro   0x00000bd6      0x306 ./Sources/bootloader.o
 .debug_macro   0x00000edc       0x77 ./Sources/bootloader.o
 .debug_macro   0x00000f53     0x8dcb ./Sources/bootloader.o
 .debug_macro   0x00009d1e       0x16 ./Sources/bootloader.o
 .debug_macro   0x00009d34       0x16 ./Sources/bootloader.o
 .debug_macro   0x00009d4a       0xf4 ./Sources/bootloader.o
 .debug_macro   0x00009e3e       0x3a ./Sources/bootloader.o
 .debug_macro   0x00009e78       0x7e ./Project_Settings/Startup_Code/system_MKL26Z4.o
 .debug_macro   0x00009ef6       0x4c ./Project_Settings/Startup_Code/system_MKL26Z4.o
 .debug_macro   0x00009f42       0x9e ./Driver/rs232/rs232.o
 .debug_macro   0x00009fe0       0xae ./Driver/flash/flash_kinetis.o

.debug_line     0x00000000      0xbf1
 .debug_line    0x00000000      0x40e ./Sources/bootloader.o
 .debug_line    0x0000040e       0x7b ./Project_Settings/Startup_Code/startup_MKL26Z4.o
 .debug_line    0x00000489      0x247 ./Project_Settings/Startup_Code/system_MKL26Z4.o
 .debug_line    0x000006d0      0x26e ./Driver/rs232/rs232.o
 .debug_line    0x0000093e      0x2b3 ./Driver/flash/flash_kinetis.o

.debug_str      0x00000000    0x36473
 .debug_str     0x00000000    0x361f3 ./Sources/bootloader.o
                              0x36618 (size before relaxing)
 .debug_str     0x000361f3       0x82 ./Project_Settings/Startup_Code/system_MKL26Z4.o
                              0x35a24 (size before relaxing)
 .debug_str     0x00036275       0x32 ./Driver/rs232/rs232.o
                              0x361cd (size before relaxing)
 .debug_str     0x000362a7      0x1cc ./Driver/flash/flash_kinetis.o
                              0x3633d (size before relaxing)

.comment        0x00000000       0x70
 .comment       0x00000000       0x70 ./Sources/bootloader.o
                                 0x71 (size before relaxing)
 .comment       0x00000000       0x71 ./Project_Settings/Startup_Code/system_MKL26Z4.o
 .comment       0x00000000       0x71 ./Driver/rs232/rs232.o
 .comment       0x00000000       0x71 ./Driver/flash/flash_kinetis.o

.debug_frame    0x00000000      0x26c
 .debug_frame   0x00000000       0xc4 ./Sources/bootloader.o
 .debug_frame   0x000000c4       0x3c ./Project_Settings/Startup_Code/system_MKL26Z4.o
 .debug_frame   0x00000100       0x4c ./Driver/rs232/rs232.o
 .debug_frame   0x0000014c       0x8c ./Driver/flash/flash_kinetis.o
 .debug_frame   0x000001d8       0x28 c:/freescale/kds_3.0.0/toolchain/bin/../lib/gcc/arm-none-eabi/4.8.4/../../../../arm-none-eabi/lib/armv6-m\libg_s.a(lib_a-exit.o)
 .debug_frame   0x00000200       0x2c c:/freescale/kds_3.0.0/toolchain/bin/../lib/gcc/arm-none-eabi/4.8.4/../../../../arm-none-eabi/lib/armv6-m\libg_s.a(lib_a-init.o)
 .debug_frame   0x0000022c       0x20 c:/freescale/kds_3.0.0/toolchain/bin/../lib/gcc/arm-none-eabi/4.8.4/../../../../arm-none-eabi/lib/armv6-m\libg_s.a(lib_a-memset.o)
 .debug_frame   0x0000024c       0x20 c:/freescale/kds_3.0.0/toolchain/bin/../lib/gcc/arm-none-eabi/4.8.4/../../../../arm-none-eabi/lib/armv6-m\libnosys.a(_exit.o)
