<!doctype html public "-//w3c//dtd html 4.0 transitional//en">
<html><head>
<title>Static Call Graph - [.\Objects\KL26bootloader.axf]</title></head>
<body><HR>
<H1>Static Call Graph for image .\Objects\KL26bootloader.axf</H1><HR>
<BR><P>#&#060CALLGRAPH&#062# ARM Linker, 5050169: Last Updated: Thu Oct 22 12:28:36 2015
<BR><P>
<H3>Maximum Stack Usage =        148 bytes + Unknown(Functions without stacksize, Cycles, Untraceable Function Pointers)</H3><H3>
Call chain for Maximum Stack Depth:</H3>
main &rArr; FLASH_ProgramSectionByLongs &rArr; FLASH_ProgramLongWord &rArr; FLASH_FlashCommandSequenceStart
<P>
<H3>
Functions with no stack information
</H3><UL>
 <LI><a href="#[39]">JumpToUserApplication</a>
</UL>
</UL>
<P>
<H3>
Mutually Recursive functions
</H3> <LI><a href="#[1]">NMI_Handler</a>&nbsp;&nbsp;&nbsp;&rArr;&nbsp;&nbsp;&nbsp;<a href="#[1]">NMI_Handler</a><BR>
 <LI><a href="#[2]">HardFault_Handler</a>&nbsp;&nbsp;&nbsp;&rArr;&nbsp;&nbsp;&nbsp;<a href="#[2]">HardFault_Handler</a><BR>
 <LI><a href="#[3]">SVC_Handler</a>&nbsp;&nbsp;&nbsp;&rArr;&nbsp;&nbsp;&nbsp;<a href="#[3]">SVC_Handler</a><BR>
 <LI><a href="#[4]">PendSV_Handler</a>&nbsp;&nbsp;&nbsp;&rArr;&nbsp;&nbsp;&nbsp;<a href="#[4]">PendSV_Handler</a><BR>
 <LI><a href="#[5]">SysTick_Handler</a>&nbsp;&nbsp;&nbsp;&rArr;&nbsp;&nbsp;&nbsp;<a href="#[5]">SysTick_Handler</a><BR>
 <LI><a href="#[15]">ADC0_IRQHandler</a>&nbsp;&nbsp;&nbsp;&rArr;&nbsp;&nbsp;&nbsp;<a href="#[15]">ADC0_IRQHandler</a><BR>
</UL>
<P>
<H3>
Function Pointers
</H3><UL>
 <LI><a href="#[15]">ADC0_IRQHandler</a> from startup_mkl26z4.o(.text) referenced from startup_mkl26z4.o(RESET)
 <LI><a href="#[16]">CMP0_IRQHandler</a> from startup_mkl26z4.o(.text) referenced from startup_mkl26z4.o(RESET)
 <LI><a href="#[1f]">DAC0_IRQHandler</a> from startup_mkl26z4.o(.text) referenced from startup_mkl26z4.o(RESET)
 <LI><a href="#[6]">DMA0_IRQHandler</a> from startup_mkl26z4.o(.text) referenced from startup_mkl26z4.o(RESET)
 <LI><a href="#[7]">DMA1_IRQHandler</a> from startup_mkl26z4.o(.text) referenced from startup_mkl26z4.o(RESET)
 <LI><a href="#[8]">DMA2_IRQHandler</a> from startup_mkl26z4.o(.text) referenced from startup_mkl26z4.o(RESET)
 <LI><a href="#[9]">DMA3_IRQHandler</a> from startup_mkl26z4.o(.text) referenced from startup_mkl26z4.o(RESET)
 <LI><a href="#[b]">FTFA_IRQHandler</a> from startup_mkl26z4.o(.text) referenced from startup_mkl26z4.o(RESET)
 <LI><a href="#[2]">HardFault_Handler</a> from startup_mkl26z4.o(.text) referenced from startup_mkl26z4.o(RESET)
 <LI><a href="#[e]">I2C0_IRQHandler</a> from startup_mkl26z4.o(.text) referenced from startup_mkl26z4.o(RESET)
 <LI><a href="#[f]">I2C1_IRQHandler</a> from startup_mkl26z4.o(.text) referenced from startup_mkl26z4.o(RESET)
 <LI><a href="#[1d]">I2S0_IRQHandler</a> from startup_mkl26z4.o(.text) referenced from startup_mkl26z4.o(RESET)
 <LI><a href="#[d]">LLW_IRQHandler</a> from startup_mkl26z4.o(.text) referenced from startup_mkl26z4.o(RESET)
 <LI><a href="#[22]">LPTimer_IRQHandler</a> from startup_mkl26z4.o(.text) referenced from startup_mkl26z4.o(RESET)
 <LI><a href="#[c]">LVD_LVW_IRQHandler</a> from startup_mkl26z4.o(.text) referenced from startup_mkl26z4.o(RESET)
 <LI><a href="#[21]">MCG_IRQHandler</a> from startup_mkl26z4.o(.text) referenced from startup_mkl26z4.o(RESET)
 <LI><a href="#[1]">NMI_Handler</a> from startup_mkl26z4.o(.text) referenced from startup_mkl26z4.o(RESET)
 <LI><a href="#[1c]">PIT_IRQHandler</a> from startup_mkl26z4.o(.text) referenced from startup_mkl26z4.o(RESET)
 <LI><a href="#[24]">PORTA_IRQHandler</a> from startup_mkl26z4.o(.text) referenced from startup_mkl26z4.o(RESET)
 <LI><a href="#[25]">PORTC_PORTD_IRQHandler</a> from startup_mkl26z4.o(.text) referenced from startup_mkl26z4.o(RESET)
 <LI><a href="#[4]">PendSV_Handler</a> from startup_mkl26z4.o(.text) referenced from startup_mkl26z4.o(RESET)
 <LI><a href="#[1a]">RTC_IRQHandler</a> from startup_mkl26z4.o(.text) referenced from startup_mkl26z4.o(RESET)
 <LI><a href="#[1b]">RTC_Seconds_IRQHandler</a> from startup_mkl26z4.o(.text) referenced from startup_mkl26z4.o(RESET)
 <LI><a href="#[a]">Reserved20_IRQHandler</a> from startup_mkl26z4.o(.text) referenced from startup_mkl26z4.o(RESET)
 <LI><a href="#[23]">Reserved45_IRQHandler</a> from startup_mkl26z4.o(.text) referenced from startup_mkl26z4.o(RESET)
 <LI><a href="#[0]">Reset_Handler</a> from startup_mkl26z4.o(.text) referenced from startup_mkl26z4.o(RESET)
 <LI><a href="#[10]">SPI0_IRQHandler</a> from startup_mkl26z4.o(.text) referenced from startup_mkl26z4.o(RESET)
 <LI><a href="#[11]">SPI1_IRQHandler</a> from startup_mkl26z4.o(.text) referenced from startup_mkl26z4.o(RESET)
 <LI><a href="#[3]">SVC_Handler</a> from startup_mkl26z4.o(.text) referenced from startup_mkl26z4.o(RESET)
 <LI><a href="#[5]">SysTick_Handler</a> from startup_mkl26z4.o(.text) referenced from startup_mkl26z4.o(RESET)
 <LI><a href="#[27]">SystemInit</a> from system_mkl26z4.o(i.SystemInit) referenced from startup_mkl26z4.o(.text)
 <LI><a href="#[17]">TPM0_IRQHandler</a> from startup_mkl26z4.o(.text) referenced from startup_mkl26z4.o(RESET)
 <LI><a href="#[18]">TPM1_IRQHandler</a> from startup_mkl26z4.o(.text) referenced from startup_mkl26z4.o(RESET)
 <LI><a href="#[19]">TPM2_IRQHandler</a> from startup_mkl26z4.o(.text) referenced from startup_mkl26z4.o(RESET)
 <LI><a href="#[20]">TSI0_IRQHandler</a> from startup_mkl26z4.o(.text) referenced from startup_mkl26z4.o(RESET)
 <LI><a href="#[12]">UART0_IRQHandler</a> from startup_mkl26z4.o(.text) referenced from startup_mkl26z4.o(RESET)
 <LI><a href="#[13]">UART1_IRQHandler</a> from startup_mkl26z4.o(.text) referenced from startup_mkl26z4.o(RESET)
 <LI><a href="#[14]">UART2_IRQHandler</a> from startup_mkl26z4.o(.text) referenced from startup_mkl26z4.o(RESET)
 <LI><a href="#[1e]">USB0_IRQHandler</a> from startup_mkl26z4.o(.text) referenced from startup_mkl26z4.o(RESET)
 <LI><a href="#[28]">__main</a> from entry.o(.ARM.Collect$$$$00000000) referenced from startup_mkl26z4.o(.text)
 <LI><a href="#[26]">main</a> from bootloader.o(i.main) referenced from entry9a.o(.ARM.Collect$$$$0000000B)
</UL>
<P>
<H3>
Global Symbols
</H3>
<P><STRONG><a name="[28]"></a>__main</STRONG> (Thumb, 0 bytes, Stack size unknown bytes, entry.o(.ARM.Collect$$$$00000000))
<BR>[Address Reference Count : 1]<UL><LI> startup_mkl26z4.o(.text)
</UL>
<P><STRONG><a name="[3a]"></a>_main_stk</STRONG> (Thumb, 0 bytes, Stack size unknown bytes, entry2.o(.ARM.Collect$$$$00000001))

<P><STRONG><a name="[29]"></a>_main_scatterload</STRONG> (Thumb, 0 bytes, Stack size unknown bytes, entry5.o(.ARM.Collect$$$$00000004))
<BR><BR>[Calls]<UL><LI><a href="#[2a]">&gt;&gt;</a>&nbsp;&nbsp;&nbsp;__scatterload
</UL>

<P><STRONG><a name="[2b]"></a>__main_after_scatterload</STRONG> (Thumb, 0 bytes, Stack size unknown bytes, entry5.o(.ARM.Collect$$$$00000004))
<BR><BR>[Called By]<UL><LI><a href="#[2a]">&gt;&gt;</a>&nbsp;&nbsp;&nbsp;__scatterload
</UL>

<P><STRONG><a name="[3b]"></a>_main_clock</STRONG> (Thumb, 0 bytes, Stack size unknown bytes, entry7b.o(.ARM.Collect$$$$00000008))

<P><STRONG><a name="[3c]"></a>_main_cpp_init</STRONG> (Thumb, 0 bytes, Stack size unknown bytes, entry8b.o(.ARM.Collect$$$$0000000A))

<P><STRONG><a name="[3d]"></a>_main_init</STRONG> (Thumb, 0 bytes, Stack size unknown bytes, entry9a.o(.ARM.Collect$$$$0000000B))

<P><STRONG><a name="[3e]"></a>__rt_final_cpp</STRONG> (Thumb, 0 bytes, Stack size unknown bytes, entry10a.o(.ARM.Collect$$$$0000000D))

<P><STRONG><a name="[3f]"></a>__rt_final_exit</STRONG> (Thumb, 0 bytes, Stack size unknown bytes, entry11a.o(.ARM.Collect$$$$0000000F))

<P><STRONG><a name="[39]"></a>JumpToUserApplication</STRONG> (Thumb, 0 bytes, Stack size unknown bytes, bootloader_asm.o(.text))
<BR><BR>[Called By]<UL><LI><a href="#[26]">&gt;&gt;</a>&nbsp;&nbsp;&nbsp;main
</UL>

<P><STRONG><a name="[0]"></a>Reset_Handler</STRONG> (Thumb, 8 bytes, Stack size 0 bytes, startup_mkl26z4.o(.text))
<BR>[Address Reference Count : 1]<UL><LI> startup_mkl26z4.o(RESET)
</UL>
<P><STRONG><a name="[1]"></a>NMI_Handler</STRONG> (Thumb, 2 bytes, Stack size 0 bytes, startup_mkl26z4.o(.text))
<BR><BR>[Calls]<UL><LI><a href="#[1]">&gt;&gt;</a>&nbsp;&nbsp;&nbsp;NMI_Handler
</UL>
<BR>[Called By]<UL><LI><a href="#[1]">&gt;&gt;</a>&nbsp;&nbsp;&nbsp;NMI_Handler
</UL>
<BR>[Address Reference Count : 1]<UL><LI> startup_mkl26z4.o(RESET)
</UL>
<P><STRONG><a name="[2]"></a>HardFault_Handler</STRONG> (Thumb, 2 bytes, Stack size 0 bytes, startup_mkl26z4.o(.text))
<BR><BR>[Calls]<UL><LI><a href="#[2]">&gt;&gt;</a>&nbsp;&nbsp;&nbsp;HardFault_Handler
</UL>
<BR>[Called By]<UL><LI><a href="#[2]">&gt;&gt;</a>&nbsp;&nbsp;&nbsp;HardFault_Handler
</UL>
<BR>[Address Reference Count : 1]<UL><LI> startup_mkl26z4.o(RESET)
</UL>
<P><STRONG><a name="[3]"></a>SVC_Handler</STRONG> (Thumb, 2 bytes, Stack size 0 bytes, startup_mkl26z4.o(.text))
<BR><BR>[Calls]<UL><LI><a href="#[3]">&gt;&gt;</a>&nbsp;&nbsp;&nbsp;SVC_Handler
</UL>
<BR>[Called By]<UL><LI><a href="#[3]">&gt;&gt;</a>&nbsp;&nbsp;&nbsp;SVC_Handler
</UL>
<BR>[Address Reference Count : 1]<UL><LI> startup_mkl26z4.o(RESET)
</UL>
<P><STRONG><a name="[4]"></a>PendSV_Handler</STRONG> (Thumb, 2 bytes, Stack size 0 bytes, startup_mkl26z4.o(.text))
<BR><BR>[Calls]<UL><LI><a href="#[4]">&gt;&gt;</a>&nbsp;&nbsp;&nbsp;PendSV_Handler
</UL>
<BR>[Called By]<UL><LI><a href="#[4]">&gt;&gt;</a>&nbsp;&nbsp;&nbsp;PendSV_Handler
</UL>
<BR>[Address Reference Count : 1]<UL><LI> startup_mkl26z4.o(RESET)
</UL>
<P><STRONG><a name="[5]"></a>SysTick_Handler</STRONG> (Thumb, 2 bytes, Stack size 0 bytes, startup_mkl26z4.o(.text))
<BR><BR>[Calls]<UL><LI><a href="#[5]">&gt;&gt;</a>&nbsp;&nbsp;&nbsp;SysTick_Handler
</UL>
<BR>[Called By]<UL><LI><a href="#[5]">&gt;&gt;</a>&nbsp;&nbsp;&nbsp;SysTick_Handler
</UL>
<BR>[Address Reference Count : 1]<UL><LI> startup_mkl26z4.o(RESET)
</UL>
<P><STRONG><a name="[15]"></a>ADC0_IRQHandler</STRONG> (Thumb, 0 bytes, Stack size 0 bytes, startup_mkl26z4.o(.text))
<BR><BR>[Calls]<UL><LI><a href="#[15]">&gt;&gt;</a>&nbsp;&nbsp;&nbsp;ADC0_IRQHandler
</UL>
<BR>[Called By]<UL><LI><a href="#[15]">&gt;&gt;</a>&nbsp;&nbsp;&nbsp;ADC0_IRQHandler
</UL>
<BR>[Address Reference Count : 1]<UL><LI> startup_mkl26z4.o(RESET)
</UL>
<P><STRONG><a name="[16]"></a>CMP0_IRQHandler</STRONG> (Thumb, 0 bytes, Stack size 0 bytes, startup_mkl26z4.o(.text))
<BR>[Address Reference Count : 1]<UL><LI> startup_mkl26z4.o(RESET)
</UL>
<P><STRONG><a name="[1f]"></a>DAC0_IRQHandler</STRONG> (Thumb, 0 bytes, Stack size 0 bytes, startup_mkl26z4.o(.text))
<BR>[Address Reference Count : 1]<UL><LI> startup_mkl26z4.o(RESET)
</UL>
<P><STRONG><a name="[6]"></a>DMA0_IRQHandler</STRONG> (Thumb, 0 bytes, Stack size 0 bytes, startup_mkl26z4.o(.text))
<BR>[Address Reference Count : 1]<UL><LI> startup_mkl26z4.o(RESET)
</UL>
<P><STRONG><a name="[7]"></a>DMA1_IRQHandler</STRONG> (Thumb, 0 bytes, Stack size 0 bytes, startup_mkl26z4.o(.text))
<BR>[Address Reference Count : 1]<UL><LI> startup_mkl26z4.o(RESET)
</UL>
<P><STRONG><a name="[8]"></a>DMA2_IRQHandler</STRONG> (Thumb, 0 bytes, Stack size 0 bytes, startup_mkl26z4.o(.text))
<BR>[Address Reference Count : 1]<UL><LI> startup_mkl26z4.o(RESET)
</UL>
<P><STRONG><a name="[9]"></a>DMA3_IRQHandler</STRONG> (Thumb, 0 bytes, Stack size 0 bytes, startup_mkl26z4.o(.text))
<BR>[Address Reference Count : 1]<UL><LI> startup_mkl26z4.o(RESET)
</UL>
<P><STRONG><a name="[40]"></a>DefaultISR</STRONG> (Thumb, 0 bytes, Stack size 0 bytes, startup_mkl26z4.o(.text), UNUSED)

<P><STRONG><a name="[b]"></a>FTFA_IRQHandler</STRONG> (Thumb, 0 bytes, Stack size 0 bytes, startup_mkl26z4.o(.text))
<BR>[Address Reference Count : 1]<UL><LI> startup_mkl26z4.o(RESET)
</UL>
<P><STRONG><a name="[e]"></a>I2C0_IRQHandler</STRONG> (Thumb, 0 bytes, Stack size 0 bytes, startup_mkl26z4.o(.text))
<BR>[Address Reference Count : 1]<UL><LI> startup_mkl26z4.o(RESET)
</UL>
<P><STRONG><a name="[f]"></a>I2C1_IRQHandler</STRONG> (Thumb, 0 bytes, Stack size 0 bytes, startup_mkl26z4.o(.text))
<BR>[Address Reference Count : 1]<UL><LI> startup_mkl26z4.o(RESET)
</UL>
<P><STRONG><a name="[1d]"></a>I2S0_IRQHandler</STRONG> (Thumb, 0 bytes, Stack size 0 bytes, startup_mkl26z4.o(.text))
<BR>[Address Reference Count : 1]<UL><LI> startup_mkl26z4.o(RESET)
</UL>
<P><STRONG><a name="[d]"></a>LLW_IRQHandler</STRONG> (Thumb, 0 bytes, Stack size 0 bytes, startup_mkl26z4.o(.text))
<BR>[Address Reference Count : 1]<UL><LI> startup_mkl26z4.o(RESET)
</UL>
<P><STRONG><a name="[22]"></a>LPTimer_IRQHandler</STRONG> (Thumb, 0 bytes, Stack size 0 bytes, startup_mkl26z4.o(.text))
<BR>[Address Reference Count : 1]<UL><LI> startup_mkl26z4.o(RESET)
</UL>
<P><STRONG><a name="[c]"></a>LVD_LVW_IRQHandler</STRONG> (Thumb, 0 bytes, Stack size 0 bytes, startup_mkl26z4.o(.text))
<BR>[Address Reference Count : 1]<UL><LI> startup_mkl26z4.o(RESET)
</UL>
<P><STRONG><a name="[21]"></a>MCG_IRQHandler</STRONG> (Thumb, 0 bytes, Stack size 0 bytes, startup_mkl26z4.o(.text))
<BR>[Address Reference Count : 1]<UL><LI> startup_mkl26z4.o(RESET)
</UL>
<P><STRONG><a name="[1c]"></a>PIT_IRQHandler</STRONG> (Thumb, 0 bytes, Stack size 0 bytes, startup_mkl26z4.o(.text))
<BR>[Address Reference Count : 1]<UL><LI> startup_mkl26z4.o(RESET)
</UL>
<P><STRONG><a name="[24]"></a>PORTA_IRQHandler</STRONG> (Thumb, 0 bytes, Stack size 0 bytes, startup_mkl26z4.o(.text))
<BR>[Address Reference Count : 1]<UL><LI> startup_mkl26z4.o(RESET)
</UL>
<P><STRONG><a name="[25]"></a>PORTC_PORTD_IRQHandler</STRONG> (Thumb, 0 bytes, Stack size 0 bytes, startup_mkl26z4.o(.text))
<BR>[Address Reference Count : 1]<UL><LI> startup_mkl26z4.o(RESET)
</UL>
<P><STRONG><a name="[1a]"></a>RTC_IRQHandler</STRONG> (Thumb, 0 bytes, Stack size 0 bytes, startup_mkl26z4.o(.text))
<BR>[Address Reference Count : 1]<UL><LI> startup_mkl26z4.o(RESET)
</UL>
<P><STRONG><a name="[1b]"></a>RTC_Seconds_IRQHandler</STRONG> (Thumb, 0 bytes, Stack size 0 bytes, startup_mkl26z4.o(.text))
<BR>[Address Reference Count : 1]<UL><LI> startup_mkl26z4.o(RESET)
</UL>
<P><STRONG><a name="[a]"></a>Reserved20_IRQHandler</STRONG> (Thumb, 0 bytes, Stack size 0 bytes, startup_mkl26z4.o(.text))
<BR>[Address Reference Count : 1]<UL><LI> startup_mkl26z4.o(RESET)
</UL>
<P><STRONG><a name="[23]"></a>Reserved45_IRQHandler</STRONG> (Thumb, 0 bytes, Stack size 0 bytes, startup_mkl26z4.o(.text))
<BR>[Address Reference Count : 1]<UL><LI> startup_mkl26z4.o(RESET)
</UL>
<P><STRONG><a name="[10]"></a>SPI0_IRQHandler</STRONG> (Thumb, 0 bytes, Stack size 0 bytes, startup_mkl26z4.o(.text))
<BR>[Address Reference Count : 1]<UL><LI> startup_mkl26z4.o(RESET)
</UL>
<P><STRONG><a name="[11]"></a>SPI1_IRQHandler</STRONG> (Thumb, 0 bytes, Stack size 0 bytes, startup_mkl26z4.o(.text))
<BR>[Address Reference Count : 1]<UL><LI> startup_mkl26z4.o(RESET)
</UL>
<P><STRONG><a name="[17]"></a>TPM0_IRQHandler</STRONG> (Thumb, 0 bytes, Stack size 0 bytes, startup_mkl26z4.o(.text))
<BR>[Address Reference Count : 1]<UL><LI> startup_mkl26z4.o(RESET)
</UL>
<P><STRONG><a name="[18]"></a>TPM1_IRQHandler</STRONG> (Thumb, 0 bytes, Stack size 0 bytes, startup_mkl26z4.o(.text))
<BR>[Address Reference Count : 1]<UL><LI> startup_mkl26z4.o(RESET)
</UL>
<P><STRONG><a name="[19]"></a>TPM2_IRQHandler</STRONG> (Thumb, 0 bytes, Stack size 0 bytes, startup_mkl26z4.o(.text))
<BR>[Address Reference Count : 1]<UL><LI> startup_mkl26z4.o(RESET)
</UL>
<P><STRONG><a name="[20]"></a>TSI0_IRQHandler</STRONG> (Thumb, 0 bytes, Stack size 0 bytes, startup_mkl26z4.o(.text))
<BR>[Address Reference Count : 1]<UL><LI> startup_mkl26z4.o(RESET)
</UL>
<P><STRONG><a name="[12]"></a>UART0_IRQHandler</STRONG> (Thumb, 0 bytes, Stack size 0 bytes, startup_mkl26z4.o(.text))
<BR>[Address Reference Count : 1]<UL><LI> startup_mkl26z4.o(RESET)
</UL>
<P><STRONG><a name="[13]"></a>UART1_IRQHandler</STRONG> (Thumb, 0 bytes, Stack size 0 bytes, startup_mkl26z4.o(.text))
<BR>[Address Reference Count : 1]<UL><LI> startup_mkl26z4.o(RESET)
</UL>
<P><STRONG><a name="[14]"></a>UART2_IRQHandler</STRONG> (Thumb, 0 bytes, Stack size 0 bytes, startup_mkl26z4.o(.text))
<BR>[Address Reference Count : 1]<UL><LI> startup_mkl26z4.o(RESET)
</UL>
<P><STRONG><a name="[1e]"></a>USB0_IRQHandler</STRONG> (Thumb, 0 bytes, Stack size 0 bytes, startup_mkl26z4.o(.text))
<BR>[Address Reference Count : 1]<UL><LI> startup_mkl26z4.o(RESET)
</UL>
<P><STRONG><a name="[2a]"></a>__scatterload</STRONG> (Thumb, 28 bytes, Stack size 0 bytes, init.o(.text))
<BR><BR>[Calls]<UL><LI><a href="#[2b]">&gt;&gt;</a>&nbsp;&nbsp;&nbsp;__main_after_scatterload
</UL>
<BR>[Called By]<UL><LI><a href="#[29]">&gt;&gt;</a>&nbsp;&nbsp;&nbsp;_main_scatterload
</UL>

<P><STRONG><a name="[41]"></a>__scatterload_rt2</STRONG> (Thumb, 0 bytes, Stack size 0 bytes, init.o(.text), UNUSED)

<P><STRONG><a name="[34]"></a>Boot_Button_Init</STRONG> (Thumb, 22 bytes, Stack size 0 bytes, bootloader.o(i.Boot_Button_Init))
<BR><BR>[Called By]<UL><LI><a href="#[26]">&gt;&gt;</a>&nbsp;&nbsp;&nbsp;main
</UL>

<P><STRONG><a name="[38]"></a>Boot_Cpu_SystemReset</STRONG> (Thumb, 20 bytes, Stack size 0 bytes, bootloader.o(i.Boot_Cpu_SystemReset))
<BR><BR>[Called By]<UL><LI><a href="#[26]">&gt;&gt;</a>&nbsp;&nbsp;&nbsp;main
</UL>

<P><STRONG><a name="[2c]"></a>Boot_Send</STRONG> (Thumb, 46 bytes, Stack size 24 bytes, bootloader.o(i.Boot_Send))
<BR><BR>[Stack]<UL><LI>Max Depth = 24<LI>Call Chain = Boot_Send
</UL>
<BR>[Calls]<UL><LI><a href="#[2d]">&gt;&gt;</a>&nbsp;&nbsp;&nbsp;UART_PutChar
</UL>
<BR>[Called By]<UL><LI><a href="#[26]">&gt;&gt;</a>&nbsp;&nbsp;&nbsp;main
</UL>

<P><STRONG><a name="[35]"></a>Boot_StrCompare</STRONG> (Thumb, 34 bytes, Stack size 12 bytes, bootloader.o(i.Boot_StrCompare))
<BR><BR>[Stack]<UL><LI>Max Depth = 12<LI>Call Chain = Boot_StrCompare
</UL>
<BR>[Called By]<UL><LI><a href="#[26]">&gt;&gt;</a>&nbsp;&nbsp;&nbsp;main
</UL>

<P><STRONG><a name="[2e]"></a>FLASH_EraseSector</STRONG> (Thumb, 22 bytes, Stack size 8 bytes, flash_kinetis.o(i.FLASH_EraseSector))
<BR><BR>[Stack]<UL><LI>Max Depth = 16<LI>Call Chain = FLASH_EraseSector &rArr; FLASH_FlashCommandSequenceStart
</UL>
<BR>[Calls]<UL><LI><a href="#[2f]">&gt;&gt;</a>&nbsp;&nbsp;&nbsp;FLASH_FlashCommandSequenceStart
</UL>
<BR>[Called By]<UL><LI><a href="#[26]">&gt;&gt;</a>&nbsp;&nbsp;&nbsp;main
</UL>

<P><STRONG><a name="[2f]"></a>FLASH_FlashCommandSequenceStart</STRONG> (Thumb, 104 bytes, Stack size 8 bytes, flash_kinetis.o(i.FLASH_FlashCommandSequenceStart))
<BR><BR>[Stack]<UL><LI>Max Depth = 8<LI>Call Chain = FLASH_FlashCommandSequenceStart
</UL>
<BR>[Called By]<UL><LI><a href="#[30]">&gt;&gt;</a>&nbsp;&nbsp;&nbsp;FLASH_ProgramLongWord
<LI><a href="#[2e]">&gt;&gt;</a>&nbsp;&nbsp;&nbsp;FLASH_EraseSector
</UL>

<P><STRONG><a name="[36]"></a>FLASH_Initialization</STRONG> (Thumb, 16 bytes, Stack size 0 bytes, flash_kinetis.o(i.FLASH_Initialization))
<BR><BR>[Called By]<UL><LI><a href="#[26]">&gt;&gt;</a>&nbsp;&nbsp;&nbsp;main
</UL>

<P><STRONG><a name="[30]"></a>FLASH_ProgramLongWord</STRONG> (Thumb, 28 bytes, Stack size 12 bytes, flash_kinetis.o(i.FLASH_ProgramLongWord))
<BR><BR>[Stack]<UL><LI>Max Depth = 20<LI>Call Chain = FLASH_ProgramLongWord &rArr; FLASH_FlashCommandSequenceStart
</UL>
<BR>[Calls]<UL><LI><a href="#[2f]">&gt;&gt;</a>&nbsp;&nbsp;&nbsp;FLASH_FlashCommandSequenceStart
</UL>
<BR>[Called By]<UL><LI><a href="#[31]">&gt;&gt;</a>&nbsp;&nbsp;&nbsp;FLASH_ProgramSectionByLongs
</UL>

<P><STRONG><a name="[31]"></a>FLASH_ProgramSectionByLongs</STRONG> (Thumb, 40 bytes, Stack size 16 bytes, flash_kinetis.o(i.FLASH_ProgramSectionByLongs))
<BR><BR>[Stack]<UL><LI>Max Depth = 36<LI>Call Chain = FLASH_ProgramSectionByLongs &rArr; FLASH_ProgramLongWord &rArr; FLASH_FlashCommandSequenceStart
</UL>
<BR>[Calls]<UL><LI><a href="#[30]">&gt;&gt;</a>&nbsp;&nbsp;&nbsp;FLASH_ProgramLongWord
</UL>
<BR>[Called By]<UL><LI><a href="#[26]">&gt;&gt;</a>&nbsp;&nbsp;&nbsp;main
</UL>

<P><STRONG><a name="[27]"></a>SystemInit</STRONG> (Thumb, 30 bytes, Stack size 0 bytes, system_mkl26z4.o(i.SystemInit))
<BR>[Address Reference Count : 1]<UL><LI> startup_mkl26z4.o(.text)
</UL>
<P><STRONG><a name="[33]"></a>UART_GetChar</STRONG> (Thumb, 40 bytes, Stack size 8 bytes, rs232.o(i.UART_GetChar))
<BR><BR>[Stack]<UL><LI>Max Depth = 8<LI>Call Chain = UART_GetChar
</UL>
<BR>[Called By]<UL><LI><a href="#[26]">&gt;&gt;</a>&nbsp;&nbsp;&nbsp;main
<LI><a href="#[32]">&gt;&gt;</a>&nbsp;&nbsp;&nbsp;UART_Initialization
</UL>

<P><STRONG><a name="[32]"></a>UART_Initialization</STRONG> (Thumb, 38 bytes, Stack size 8 bytes, rs232.o(i.UART_Initialization))
<BR><BR>[Stack]<UL><LI>Max Depth = 16<LI>Call Chain = UART_Initialization &rArr; UART_GetChar
</UL>
<BR>[Calls]<UL><LI><a href="#[33]">&gt;&gt;</a>&nbsp;&nbsp;&nbsp;UART_GetChar
</UL>
<BR>[Called By]<UL><LI><a href="#[26]">&gt;&gt;</a>&nbsp;&nbsp;&nbsp;main
</UL>

<P><STRONG><a name="[2d]"></a>UART_PutChar</STRONG> (Thumb, 20 bytes, Stack size 0 bytes, rs232.o(i.UART_PutChar))
<BR><BR>[Called By]<UL><LI><a href="#[2c]">&gt;&gt;</a>&nbsp;&nbsp;&nbsp;Boot_Send
</UL>

<P><STRONG><a name="[42]"></a>__scatterload_copy</STRONG> (Thumb, 14 bytes, Stack size unknown bytes, handlers.o(i.__scatterload_copy), UNUSED)

<P><STRONG><a name="[43]"></a>__scatterload_null</STRONG> (Thumb, 2 bytes, Stack size unknown bytes, handlers.o(i.__scatterload_null), UNUSED)

<P><STRONG><a name="[44]"></a>__scatterload_zeroinit</STRONG> (Thumb, 14 bytes, Stack size unknown bytes, handlers.o(i.__scatterload_zeroinit), UNUSED)

<P><STRONG><a name="[26]"></a>main</STRONG> (Thumb, 858 bytes, Stack size 112 bytes, bootloader.o(i.main))
<BR><BR>[Stack]<UL><LI>Max Depth = 148 + Unknown Stack Size
<LI>Call Chain = main &rArr; FLASH_ProgramSectionByLongs &rArr; FLASH_ProgramLongWord &rArr; FLASH_FlashCommandSequenceStart
</UL>
<BR>[Calls]<UL><LI><a href="#[35]">&gt;&gt;</a>&nbsp;&nbsp;&nbsp;Boot_StrCompare
<LI><a href="#[2c]">&gt;&gt;</a>&nbsp;&nbsp;&nbsp;Boot_Send
<LI><a href="#[38]">&gt;&gt;</a>&nbsp;&nbsp;&nbsp;Boot_Cpu_SystemReset
<LI><a href="#[34]">&gt;&gt;</a>&nbsp;&nbsp;&nbsp;Boot_Button_Init
<LI><a href="#[37]">&gt;&gt;</a>&nbsp;&nbsp;&nbsp;Boot_ReadAddress
<LI><a href="#[32]">&gt;&gt;</a>&nbsp;&nbsp;&nbsp;UART_Initialization
<LI><a href="#[33]">&gt;&gt;</a>&nbsp;&nbsp;&nbsp;UART_GetChar
<LI><a href="#[31]">&gt;&gt;</a>&nbsp;&nbsp;&nbsp;FLASH_ProgramSectionByLongs
<LI><a href="#[36]">&gt;&gt;</a>&nbsp;&nbsp;&nbsp;FLASH_Initialization
<LI><a href="#[2e]">&gt;&gt;</a>&nbsp;&nbsp;&nbsp;FLASH_EraseSector
<LI><a href="#[39]">&gt;&gt;</a>&nbsp;&nbsp;&nbsp;JumpToUserApplication
</UL>
<BR>[Address Reference Count : 1]<UL><LI> entry9a.o(.ARM.Collect$$$$0000000B)
</UL><P>
<H3>
Local Symbols
</H3>
<P><STRONG><a name="[37]"></a>Boot_ReadAddress</STRONG> (Thumb, 26 bytes, Stack size 0 bytes, bootloader.o(i.Boot_ReadAddress))
<BR><BR>[Called By]<UL><LI><a href="#[26]">&gt;&gt;</a>&nbsp;&nbsp;&nbsp;main
</UL>
<P>
<H3>
Undefined Global Symbols
</H3><HR></body></html>
