Archive member included because of file (symbol)

C:/Freescale/CW MCU v10.6.4/MCU/ARM_GCC_Support/ewl/lib/armv6-m\libc.a(exit.o)
                              ./Project_Settings/Startup_Code/__arm_start.o (exit)
C:/Freescale/CW MCU v10.6.4/MCU/ARM_GCC_Support/ewl/lib/armv6-m\libc.a(memset.o)
                              ./Project_Settings/Startup_Code/__arm_start.o (memset)
C:/Freescale/CW MCU v10.6.4/MCU/ARM_GCC_Support/ewl/lib/armv6-m\libc.a(__filll_mem.o)
                              C:/Freescale/CW MCU v10.6.4/MCU/ARM_GCC_Support/ewl/lib/armv6-m\libc.a(memset.o) (__fill_mem)
C:/Freescale/CW MCU v10.6.4/MCU/ARM_GCC_Support/ewl/lib/armv6-m\librt.a(gcc_ctor_dtor.o)
                              ./Project_Settings/Startup_Code/__arm_start.o (__init_cpp)
C:/Freescale/CW MCU v10.6.4/MCU/ARM_GCC_Support/ewl/lib/armv6-m\librt.a(__arm_eabi_init.o)
                              C:/Freescale/CW MCU v10.6.4/MCU/ARM_GCC_Support/ewl/lib/armv6-m\libc.a(exit.o) (__destroy_global_chain)
C:/Freescale/CW MCU v10.6.4/MCU/ARM_GCC_Support/ewl/lib/armv6-m\librt.a(ROMCopy.o)
                              ./Project_Settings/Startup_Code/__arm_start.o (__copy_rom_sections_to_ram)

Allocating common symbols
Common symbol       size              file

address             0x4               ./Sources/bootloader.o
CommandObj          0xc               ./Driver/flash/flash_kinetis.o
sci_buffer          0x50              ./Sources/bootloader.o
flash_state         0x4               ./Driver/flash/flash_kinetis.o

Discarded input sections

 .text          0x00000000        0x0 ./Driver/flash/flash_kinetis.o
 .data          0x00000000        0x0 ./Driver/flash/flash_kinetis.o
 .bss           0x00000000        0x0 ./Driver/flash/flash_kinetis.o
 .text          0x00000000        0x0 ./Driver/rs232/rs232.o
 .data          0x00000000        0x0 ./Driver/rs232/rs232.o
 .bss           0x00000000        0x0 ./Driver/rs232/rs232.o
 .text          0x00000000        0x0 ./Project_Settings/Startup_Code/kinetis_sysinit.o
 .data          0x00000000        0x0 ./Project_Settings/Startup_Code/kinetis_sysinit.o
 .bss           0x00000000        0x0 ./Project_Settings/Startup_Code/kinetis_sysinit.o
 .text          0x00000000        0x0 ./Project_Settings/Startup_Code/__arm_start.o
 .data          0x00000000        0x0 ./Project_Settings/Startup_Code/__arm_start.o
 .bss           0x00000000        0x0 ./Project_Settings/Startup_Code/__arm_start.o
 .text.__iar_program_start
                0x00000000        0x4 ./Project_Settings/Startup_Code/__arm_start.o
 .text          0x00000000        0x0 ./Project_Settings/Startup_Code/__arm_end.o
 .data          0x00000000        0x0 ./Project_Settings/Startup_Code/__arm_end.o
 .bss           0x00000000        0x0 ./Project_Settings/Startup_Code/__arm_end.o
 .text          0x00000000        0x0 ./Sources/bootloader.o
 .data          0x00000000        0x0 ./Sources/bootloader.o
 .bss           0x00000000        0x0 ./Sources/bootloader.o
 .text.Boot_Init_Clock
                0x00000000       0xf0 ./Sources/bootloader.o
 .text          0x00000000        0x0 C:/Freescale/CW MCU v10.6.4/MCU/ARM_GCC_Support/ewl/lib/armv6-m\libc.a(exit.o)
 .data          0x00000000        0x0 C:/Freescale/CW MCU v10.6.4/MCU/ARM_GCC_Support/ewl/lib/armv6-m\libc.a(exit.o)
 .bss           0x00000000        0x0 C:/Freescale/CW MCU v10.6.4/MCU/ARM_GCC_Support/ewl/lib/armv6-m\libc.a(exit.o)
 .text          0x00000000        0x0 C:/Freescale/CW MCU v10.6.4/MCU/ARM_GCC_Support/ewl/lib/armv6-m\libc.a(memset.o)
 .data          0x00000000        0x0 C:/Freescale/CW MCU v10.6.4/MCU/ARM_GCC_Support/ewl/lib/armv6-m\libc.a(memset.o)
 .bss           0x00000000        0x0 C:/Freescale/CW MCU v10.6.4/MCU/ARM_GCC_Support/ewl/lib/armv6-m\libc.a(memset.o)
 .text          0x00000000        0x0 C:/Freescale/CW MCU v10.6.4/MCU/ARM_GCC_Support/ewl/lib/armv6-m\libc.a(__filll_mem.o)
 .data          0x00000000        0x0 C:/Freescale/CW MCU v10.6.4/MCU/ARM_GCC_Support/ewl/lib/armv6-m\libc.a(__filll_mem.o)
 .bss           0x00000000        0x0 C:/Freescale/CW MCU v10.6.4/MCU/ARM_GCC_Support/ewl/lib/armv6-m\libc.a(__filll_mem.o)
 .text          0x00000000        0x0 C:/Freescale/CW MCU v10.6.4/MCU/ARM_GCC_Support/ewl/lib/armv6-m\librt.a(gcc_ctor_dtor.o)
 .data          0x00000000        0x0 C:/Freescale/CW MCU v10.6.4/MCU/ARM_GCC_Support/ewl/lib/armv6-m\librt.a(gcc_ctor_dtor.o)
 .bss           0x00000000        0x0 C:/Freescale/CW MCU v10.6.4/MCU/ARM_GCC_Support/ewl/lib/armv6-m\librt.a(gcc_ctor_dtor.o)
 .bss.__dso_handle
                0x00000000        0x4 C:/Freescale/CW MCU v10.6.4/MCU/ARM_GCC_Support/ewl/lib/armv6-m\librt.a(gcc_ctor_dtor.o)
 .text          0x00000000        0x0 C:/Freescale/CW MCU v10.6.4/MCU/ARM_GCC_Support/ewl/lib/armv6-m\librt.a(__arm_eabi_init.o)
 .data          0x00000000        0x0 C:/Freescale/CW MCU v10.6.4/MCU/ARM_GCC_Support/ewl/lib/armv6-m\librt.a(__arm_eabi_init.o)
 .bss           0x00000000        0x0 C:/Freescale/CW MCU v10.6.4/MCU/ARM_GCC_Support/ewl/lib/armv6-m\librt.a(__arm_eabi_init.o)
 .text.__register_global_object
                0x00000000       0x14 C:/Freescale/CW MCU v10.6.4/MCU/ARM_GCC_Support/ewl/lib/armv6-m\librt.a(__arm_eabi_init.o)
 .text.__cxa_atexit
                0x00000000       0x38 C:/Freescale/CW MCU v10.6.4/MCU/ARM_GCC_Support/ewl/lib/armv6-m\librt.a(__arm_eabi_init.o)
 .text.__aeabi_atexit
                0x00000000        0xe C:/Freescale/CW MCU v10.6.4/MCU/ARM_GCC_Support/ewl/lib/armv6-m\librt.a(__arm_eabi_init.o)
 .text.__register_atexit
                0x00000000        0xc C:/Freescale/CW MCU v10.6.4/MCU/ARM_GCC_Support/ewl/lib/armv6-m\librt.a(__arm_eabi_init.o)
 .text.__init_hardware
                0x00000000        0x4 C:/Freescale/CW MCU v10.6.4/MCU/ARM_GCC_Support/ewl/lib/armv6-m\librt.a(__arm_eabi_init.o)
 .bss.atexit_curr_func
                0x00000000        0x4 C:/Freescale/CW MCU v10.6.4/MCU/ARM_GCC_Support/ewl/lib/armv6-m\librt.a(__arm_eabi_init.o)
 .bss.atexit_funcs
                0x00000000      0x300 C:/Freescale/CW MCU v10.6.4/MCU/ARM_GCC_Support/ewl/lib/armv6-m\librt.a(__arm_eabi_init.o)
 .text          0x00000000        0x0 C:/Freescale/CW MCU v10.6.4/MCU/ARM_GCC_Support/ewl/lib/armv6-m\librt.a(ROMCopy.o)
 .data          0x00000000        0x0 C:/Freescale/CW MCU v10.6.4/MCU/ARM_GCC_Support/ewl/lib/armv6-m\librt.a(ROMCopy.o)
 .bss           0x00000000        0x0 C:/Freescale/CW MCU v10.6.4/MCU/ARM_GCC_Support/ewl/lib/armv6-m\librt.a(ROMCopy.o)
 .text.__flush_cache
                0x00000000        0x2 C:/Freescale/CW MCU v10.6.4/MCU/ARM_GCC_Support/ewl/lib/armv6-m\librt.a(ROMCopy.o)

Memory Configuration

Name             Origin             Length             Attributes
m_interrupts     0x00000000         0x000000c0         xr
m_cfmprotrom     0x00000400         0x00000010         xr
m_text           0x00000410         0x0001fbf0         xr
m_data           0x1ffff000         0x00003ff8         xrw
*default*        0x00000000         0xffffffff

Linker script and memory map

LOAD ./Driver/flash/flash_kinetis.o
LOAD ./Driver/rs232/rs232.o
LOAD ./Project_Settings/Startup_Code/kinetis_sysinit.o
LOAD ./Project_Settings/Startup_Code/__arm_start.o
LOAD ./Project_Settings/Startup_Code/__arm_end.o
LOAD ./Sources/bootloader.o
START GROUP
LOAD C:/Freescale/CW MCU v10.6.4/MCU/ARM_GCC_Support/ewl/lib/armv6-m\libc.a
LOAD C:/Freescale/CW MCU v10.6.4/MCU/ARM_GCC_Support/ewl/lib/armv6-m\libm.a
LOAD c:/freescale/cw mcu v10.6.4/cross_tools/arm-none-eabi-gcc-4_7_3/bin/../lib/gcc/arm-none-eabi/4.7.3/armv6-m\libgcc.a
LOAD C:/Freescale/CW MCU v10.6.4/MCU/ARM_GCC_Support/ewl/lib/armv6-m\librt.a
END GROUP
                0x20002ff8                _estack = 0x20002ff8
                0x20002ff8                __SP_INIT = _estack
                0x00000400                __heap_size = 0x400
                0x00000400                __stack_size = 0x400

.interrupts     0x00000000       0xc0
                0x00000000                __vector_table = .
                0x00000000                . = ALIGN (0x4)
 *(.vectortable)
 .vectortable   0x00000000       0xc0 ./Project_Settings/Startup_Code/kinetis_sysinit.o
                0x00000000                InterruptVector
                0x000000c0                . = ALIGN (0x4)

.cfmprotect     0x00000400       0x10
                0x00000400                . = ALIGN (0x4)
 *(.cfmconfig)
 .cfmconfig     0x00000400       0x10 ./Sources/bootloader.o
                0x00000400                Config
                0x00000410                . = ALIGN (0x4)

.text           0x00000410      0x8b4
                0x00000410                . = ALIGN (0x4)
 *(.text)
 *(.text*)
 .text.FLASH_Initialization
                0x00000410       0x14 ./Driver/flash/flash_kinetis.o
                0x00000410                FLASH_Initialization
 .text.FLASH_FlashCommandSequenceStart
                0x00000424       0x60 ./Driver/flash/flash_kinetis.o
                0x00000424                FLASH_FlashCommandSequenceStart
 .text.FLASH_EraseSector
                0x00000484       0x18 ./Driver/flash/flash_kinetis.o
                0x00000484                FLASH_EraseSector
 .text.FLASH_ProgramLongWord
                0x0000049c       0x18 ./Driver/flash/flash_kinetis.o
                0x0000049c                FLASH_ProgramLongWord
 .text.FLASH_ProgramSectionByLongs
                0x000004b4       0x26 ./Driver/flash/flash_kinetis.o
                0x000004b4                FLASH_ProgramSectionByLongs
 *fill*         0x000004da        0x2 00
 .text.UART_PutChar
                0x000004dc       0x14 ./Driver/rs232/rs232.o
                0x000004dc                UART_PutChar
 .text.UART_GetChar
                0x000004f0       0x3c ./Driver/rs232/rs232.o
                0x000004f0                UART_GetChar
 .text.UART_Initialization
                0x0000052c       0x24 ./Driver/rs232/rs232.o
                0x0000052c                UART_Initialization
 .text.Default_Handler
                0x00000550        0x4 ./Project_Settings/Startup_Code/kinetis_sysinit.o
                0x00000550                RTC_Alarm_IRQHandler
                0x00000550                I2C0_IRQHandler
                0x00000550                HardFault_Handler
                0x00000550                SysTick_Handler
                0x00000550                PendSV_Handler
                0x00000550                NMI_Handler
                0x00000550                I2C1_IRQHandler
                0x00000550                UART1_IRQHandler
                0x00000550                DMA2_IRQHandler
                0x00000550                TPM0_IRQHandler
                0x00000550                I2S0_IRQHandler
                0x00000550                TSI0_IRQHandler
                0x00000550                UART0_IRQHandler
                0x00000550                ADC0_IRQHandler
                0x00000550                SPI1_IRQHandler
                0x00000550                TPM2_IRQHandler
                0x00000550                LPTimer_IRQHandler
                0x00000550                RTC_Seconds_IRQHandler
                0x00000550                MCG_IRQHandler
                0x00000550                UART2_IRQHandler
                0x00000550                Default_Handler
                0x00000550                LLW_IRQHandler
                0x00000550                PORTCD_IRQHandler
                0x00000550                PIT_IRQHandler
                0x00000550                SVC_Handler
                0x00000550                USBOTG_IRQHandler
                0x00000550                DMA3_IRQHandler
                0x00000550                DMA0_IRQHandler
                0x00000550                DAC0_IRQHandler
                0x00000550                PMC_IRQHandler
                0x00000550                TPM1_IRQHandler
                0x00000550                SPI0_IRQHandler
                0x00000550                PORTA_IRQHandler
                0x00000550                FTFA_IRQHandler
                0x00000550                SLCD_IRQHandler
                0x00000550                CMP0_IRQHandler
                0x00000550                DMA1_IRQHandler
 .text.__init_hardware
                0x00000554       0x18 ./Project_Settings/Startup_Code/kinetis_sysinit.o
                0x00000554                __init_hardware
 .text.__thumb_startup
                0x0000056c       0x38 ./Project_Settings/Startup_Code/__arm_start.o
                0x0000056c                __thumb_startup
 .text._ExitProcess
                0x000005a4        0x4 ./Project_Settings/Startup_Code/__arm_end.o
                0x000005a4                _ExitProcess
 .text.Boot_ReadAddress
                0x000005a8       0x20 ./Sources/bootloader.o
 .text.Boot_Button_Init
                0x000005c8       0x20 ./Sources/bootloader.o
                0x000005c8                Boot_Button_Init
 .text.Boot_StrCompare
                0x000005e8       0x1a ./Sources/bootloader.o
                0x000005e8                Boot_StrCompare
 .text.JumpToUserApplication
                0x00000602       0x14 ./Sources/bootloader.o
                0x00000602                JumpToUserApplication
 .text.Boot_Send
                0x00000616       0x28 ./Sources/bootloader.o
                0x00000616                Boot_Send
 *fill*         0x0000063e        0x2 00
 .text.Boot_Cpu_SystemReset
                0x00000640       0x20 ./Sources/bootloader.o
                0x00000640                Boot_Cpu_SystemReset
 .text.startup.main
                0x00000660      0x42c ./Sources/bootloader.o
                0x00000660                main
 .text.exit     0x00000a8c       0x38 C:/Freescale/CW MCU v10.6.4/MCU/ARM_GCC_Support/ewl/lib/armv6-m\libc.a(exit.o)
                0x00000a8c                exit
 .text.memset   0x00000ac4        0xc C:/Freescale/CW MCU v10.6.4/MCU/ARM_GCC_Support/ewl/lib/armv6-m\libc.a(memset.o)
                0x00000ac4                memset
 .text.__fill_mem
                0x00000ad0       0x7e C:/Freescale/CW MCU v10.6.4/MCU/ARM_GCC_Support/ewl/lib/armv6-m\libc.a(__filll_mem.o)
                0x00000ad0                __fill_mem
 *fill*         0x00000b4e        0x2 00
 .text.__init_cpp
                0x00000b50       0x48 C:/Freescale/CW MCU v10.6.4/MCU/ARM_GCC_Support/ewl/lib/armv6-m\librt.a(gcc_ctor_dtor.o)
                0x00000b50                __init_cpp
 .text.__fini_cpp
                0x00000b98       0x34 C:/Freescale/CW MCU v10.6.4/MCU/ARM_GCC_Support/ewl/lib/armv6-m\librt.a(gcc_ctor_dtor.o)
                0x00000b98                __fini_cpp
 .text.__destroy_global_chain
                0x00000bcc       0x1c C:/Freescale/CW MCU v10.6.4/MCU/ARM_GCC_Support/ewl/lib/armv6-m\librt.a(__arm_eabi_init.o)
                0x00000bcc                __destroy_global_chain
 .text.__init_registers
                0x00000be8       0x1c C:/Freescale/CW MCU v10.6.4/MCU/ARM_GCC_Support/ewl/lib/armv6-m\librt.a(__arm_eabi_init.o)
                0x00000be8                __init_registers
 .text.__init_user
                0x00000c04        0x4 C:/Freescale/CW MCU v10.6.4/MCU/ARM_GCC_Support/ewl/lib/armv6-m\librt.a(__arm_eabi_init.o)
                0x00000c04                __init_user
 .text.__copy_rom_section
                0x00000c08       0x48 C:/Freescale/CW MCU v10.6.4/MCU/ARM_GCC_Support/ewl/lib/armv6-m\librt.a(ROMCopy.o)
                0x00000c08                __copy_rom_section
 .text.__copy_rom_sections_to_ram
                0x00000c50       0x34 C:/Freescale/CW MCU v10.6.4/MCU/ARM_GCC_Support/ewl/lib/armv6-m\librt.a(ROMCopy.o)
                0x00000c50                __copy_rom_sections_to_ram
 *(.rodata)
 *(.rodata*)
 *(.glue_7)
 .glue_7        0x00000000        0x0 linker stubs
 *(.glue_7t)
 .glue_7t       0x00000000        0x0 linker stubs
 *(.eh_frame)
 *(.init)
 .init          0x00000c84       0x40 ./Sources/bootloader.o
                0x00000c84                str_app_ok
                0x00000c8c                MCU_Identification
                0x00000cc0                station_number
 *(.fini)
                0x00000cc4                . = ALIGN (0x4)
                0x00000cc4                _etext = .

.vfp11_veneer   0x00000cc4        0x0
 .vfp11_veneer  0x00000000        0x0 linker stubs

.v4_bx          0x00000cc4        0x0
 .v4_bx         0x00000000        0x0 linker stubs

.iplt           0x00000cc4        0x0
 .iplt          0x00000000        0x0 ./Driver/flash/flash_kinetis.o

.rel.dyn        0x00000cc4        0x0
 .rel.iplt      0x00000000        0x0 ./Driver/flash/flash_kinetis.o

.ARM.extab
 *(.ARM.extab* .gnu.linkonce.armextab.*)

.ARM            0x00000cc4        0x0
                0x00000cc4                __exidx_start = .
 *(.ARM.exidx*)
                0x00000cc4                __exidx_end = .

.ctors          0x00000cc4        0x0
                0x00000cc4                __CTOR_LIST__ = .
 *crtbegin.o(.ctors)
 *(EXCLUDE_FILE(*crtend.o) .ctors)
 *(SORT(.ctors.*))
 *(.ctors)
                0x00000cc4                __CTOR_END__ = .

.dtors          0x00000cc4        0x0
                0x00000cc4                __DTOR_LIST__ = .
 *crtbegin.o(.dtors)
 *(EXCLUDE_FILE(*crtend.o) .dtors)
 *(SORT(.dtors.*))
 *(.dtors)
                0x00000cc4                __DTOR_END__ = .

.preinit_array  0x00000cc4        0x0
                0x00000cc4                PROVIDE (__preinit_array_start, .)
 *(.preinit_array*)
                0x00000cc4                PROVIDE (__preinit_array_end, .)

.init_array     0x00000cc4        0x0
                0x00000cc4                PROVIDE (__init_array_start, .)
 *(SORT(.init_array.*))
 *(.init_array*)
                0x00000cc4                PROVIDE (__init_array_end, .)

.fini_array     0x00000cc4        0x0
                0x00000cc4                PROVIDE (__fini_array_start, .)
 *(SORT(.fini_array.*))
 *(.fini_array*)
                0x00000cc4                PROVIDE (__fini_array_end, .)
                0x00000cc4                ___ROM_AT = .

.mtb            0x1ffff000        0x0
                0x1ffff000                . = ALIGN (0x8)
                0x1ffff000                _mtb_start = .
 *(.mtb_buf)
                0x1ffff000                . = ALIGN (0x8)
                0x1ffff000                _mtb_end = .

.data           0x1ffff000        0x0 load address 0x00000cc4
                0x1ffff000                . = ALIGN (0x4)
                0x1ffff000                _sdata = .
 *(.data)
 *(.data*)
                0x1ffff000                . = ALIGN (0x4)
                0x1ffff000                _edata = .
                0x00000000                ___data_size = (_edata - _sdata)

.igot.plt       0x1ffff000        0x0
 .igot.plt      0x00000000        0x0 ./Driver/flash/flash_kinetis.o
                0x1ffff000                . = ALIGN (0x4)

.bss            0x1ffff000       0x80
                0x1ffff000                __START_BSS = .
                0x1ffff000                PROVIDE (__bss_start__, __START_BSS)
 *(.bss)
 *(.bss*)
 .bss.argv      0x1ffff000        0x4 ./Project_Settings/Startup_Code/__arm_start.o
 .bss.__stdio_exit
                0x1ffff004        0x4 C:/Freescale/CW MCU v10.6.4/MCU/ARM_GCC_Support/ewl/lib/armv6-m\libc.a(exit.o)
                0x1ffff004                __stdio_exit
 .bss.__console_exit
                0x1ffff008        0x4 C:/Freescale/CW MCU v10.6.4/MCU/ARM_GCC_Support/ewl/lib/armv6-m\libc.a(exit.o)
                0x1ffff008                __console_exit
 .bss.__global_destructor_chain
                0x1ffff00c        0x4 C:/Freescale/CW MCU v10.6.4/MCU/ARM_GCC_Support/ewl/lib/armv6-m\librt.a(__arm_eabi_init.o)
                0x1ffff00c                __global_destructor_chain
 .bss.__S_romp  0x1ffff010        0xc C:/Freescale/CW MCU v10.6.4/MCU/ARM_GCC_Support/ewl/lib/armv6-m\librt.a(ROMCopy.o)
 *(COMMON)
 COMMON         0x1ffff01c       0x10 ./Driver/flash/flash_kinetis.o
                0x1ffff01c                CommandObj
                0x1ffff028                flash_state
 COMMON         0x1ffff02c       0x54 ./Sources/bootloader.o
                0x1ffff02c                address
                0x1ffff030                sci_buffer
                0x1ffff080                . = ALIGN (0x4)
                0x1ffff080                __END_BSS = .
                0x1ffff080                PROVIDE (__bss_end__, __END_BSS)
                0x00000cc4                _romp_at = (___ROM_AT + SIZEOF (.data))

.romp           0x1ffff080       0x18 load address 0x00000cc4
                0x00000cc4                __S_romp = _romp_at
                0x1ffff080        0x4 LONG 0xcc4 ___ROM_AT
                0x1ffff084        0x4 LONG 0x1ffff000 _sdata
                0x1ffff088        0x4 LONG 0x0 ___data_size
                0x1ffff08c        0x4 LONG 0x0
                0x1ffff090        0x4 LONG 0x0
                0x1ffff094        0x4 LONG 0x0

._user_heap_stack
                0x1ffff098      0x800 load address 0x00000cdc
                0x1ffff098                . = ALIGN (0x4)
                0x1ffff098                PROVIDE (end, .)
                0x1ffff098                PROVIDE (_end, .)
                0x1ffff098                __heap_addr = .
                0x1ffff498                . = (. + __heap_size)
 *fill*         0x1ffff098      0x400 00
                0x1ffff898                . = (. + __stack_size)
 *fill*         0x1ffff498      0x400 00
                0x1ffff898                . = ALIGN (0x4)

.ARM.attributes
                0x00000000       0x31
 *(.ARM.attributes)
 .ARM.attributes
                0x00000000       0x31 ./Driver/flash/flash_kinetis.o
 .ARM.attributes
                0x00000031       0x31 ./Driver/rs232/rs232.o
 .ARM.attributes
                0x00000062       0x31 ./Project_Settings/Startup_Code/kinetis_sysinit.o
 .ARM.attributes
                0x00000093       0x31 ./Project_Settings/Startup_Code/__arm_start.o
 .ARM.attributes
                0x000000c4       0x31 ./Project_Settings/Startup_Code/__arm_end.o
 .ARM.attributes
                0x000000f5       0x31 ./Sources/bootloader.o
 .ARM.attributes
                0x00000126       0x31 C:/Freescale/CW MCU v10.6.4/MCU/ARM_GCC_Support/ewl/lib/armv6-m\libc.a(exit.o)
 .ARM.attributes
                0x00000157       0x31 C:/Freescale/CW MCU v10.6.4/MCU/ARM_GCC_Support/ewl/lib/armv6-m\libc.a(memset.o)
 .ARM.attributes
                0x00000188       0x31 C:/Freescale/CW MCU v10.6.4/MCU/ARM_GCC_Support/ewl/lib/armv6-m\libc.a(__filll_mem.o)
 .ARM.attributes
                0x000001b9       0x31 C:/Freescale/CW MCU v10.6.4/MCU/ARM_GCC_Support/ewl/lib/armv6-m\librt.a(gcc_ctor_dtor.o)
 .ARM.attributes
                0x000001ea       0x31 C:/Freescale/CW MCU v10.6.4/MCU/ARM_GCC_Support/ewl/lib/armv6-m\librt.a(__arm_eabi_init.o)
 .ARM.attributes
                0x0000021b       0x31 C:/Freescale/CW MCU v10.6.4/MCU/ARM_GCC_Support/ewl/lib/armv6-m\librt.a(ROMCopy.o)
OUTPUT(bootloader_kl26_cw.elf elf32-littlearm)

.debug_info     0x00000000     0x21db
 .debug_info    0x00000000      0x4fe ./Driver/flash/flash_kinetis.o
 .debug_info    0x000004fe      0x403 ./Driver/rs232/rs232.o
 .debug_info    0x00000901      0x241 ./Project_Settings/Startup_Code/kinetis_sysinit.o
 .debug_info    0x00000b42      0x148 ./Project_Settings/Startup_Code/__arm_start.o
 .debug_info    0x00000c8a       0x53 ./Project_Settings/Startup_Code/__arm_end.o
 .debug_info    0x00000cdd      0xc69 ./Sources/bootloader.o
 .debug_info    0x00001946       0xe8 C:/Freescale/CW MCU v10.6.4/MCU/ARM_GCC_Support/ewl/lib/armv6-m\libc.a(exit.o)
 .debug_info    0x00001a2e       0xec C:/Freescale/CW MCU v10.6.4/MCU/ARM_GCC_Support/ewl/lib/armv6-m\libc.a(memset.o)
 .debug_info    0x00001b1a      0x137 C:/Freescale/CW MCU v10.6.4/MCU/ARM_GCC_Support/ewl/lib/armv6-m\libc.a(__filll_mem.o)
 .debug_info    0x00001c51      0x136 C:/Freescale/CW MCU v10.6.4/MCU/ARM_GCC_Support/ewl/lib/armv6-m\librt.a(gcc_ctor_dtor.o)
 .debug_info    0x00001d87      0x2b9 C:/Freescale/CW MCU v10.6.4/MCU/ARM_GCC_Support/ewl/lib/armv6-m\librt.a(__arm_eabi_init.o)
 .debug_info    0x00002040      0x19b C:/Freescale/CW MCU v10.6.4/MCU/ARM_GCC_Support/ewl/lib/armv6-m\librt.a(ROMCopy.o)

.debug_abbrev   0x00000000      0xb5c
 .debug_abbrev  0x00000000      0x13e ./Driver/flash/flash_kinetis.o
 .debug_abbrev  0x0000013e      0x12a ./Driver/rs232/rs232.o
 .debug_abbrev  0x00000268       0xe7 ./Project_Settings/Startup_Code/kinetis_sysinit.o
 .debug_abbrev  0x0000034f       0xc2 ./Project_Settings/Startup_Code/__arm_start.o
 .debug_abbrev  0x00000411       0x4c ./Project_Settings/Startup_Code/__arm_end.o
 .debug_abbrev  0x0000045d      0x23f ./Sources/bootloader.o
 .debug_abbrev  0x0000069c       0x7a C:/Freescale/CW MCU v10.6.4/MCU/ARM_GCC_Support/ewl/lib/armv6-m\libc.a(exit.o)
 .debug_abbrev  0x00000716       0x62 C:/Freescale/CW MCU v10.6.4/MCU/ARM_GCC_Support/ewl/lib/armv6-m\libc.a(memset.o)
 .debug_abbrev  0x00000778       0x78 C:/Freescale/CW MCU v10.6.4/MCU/ARM_GCC_Support/ewl/lib/armv6-m\libc.a(__filll_mem.o)
 .debug_abbrev  0x000007f0       0x99 C:/Freescale/CW MCU v10.6.4/MCU/ARM_GCC_Support/ewl/lib/armv6-m\librt.a(gcc_ctor_dtor.o)
 .debug_abbrev  0x00000889      0x1b3 C:/Freescale/CW MCU v10.6.4/MCU/ARM_GCC_Support/ewl/lib/armv6-m\librt.a(__arm_eabi_init.o)
 .debug_abbrev  0x00000a3c      0x120 C:/Freescale/CW MCU v10.6.4/MCU/ARM_GCC_Support/ewl/lib/armv6-m\librt.a(ROMCopy.o)

.debug_loc      0x00000000      0xab0
 .debug_loc     0x00000000      0x157 ./Driver/flash/flash_kinetis.o
 .debug_loc     0x00000157       0x92 ./Driver/rs232/rs232.o
 .debug_loc     0x000001e9       0x20 ./Project_Settings/Startup_Code/__arm_end.o
 .debug_loc     0x00000209      0x3a3 ./Sources/bootloader.o
 .debug_loc     0x000005ac       0x3e C:/Freescale/CW MCU v10.6.4/MCU/ARM_GCC_Support/ewl/lib/armv6-m\libc.a(exit.o)
 .debug_loc     0x000005ea       0x6f C:/Freescale/CW MCU v10.6.4/MCU/ARM_GCC_Support/ewl/lib/armv6-m\libc.a(memset.o)
 .debug_loc     0x00000659      0x14a C:/Freescale/CW MCU v10.6.4/MCU/ARM_GCC_Support/ewl/lib/armv6-m\libc.a(__filll_mem.o)
 .debug_loc     0x000007a3       0x9d C:/Freescale/CW MCU v10.6.4/MCU/ARM_GCC_Support/ewl/lib/armv6-m\librt.a(gcc_ctor_dtor.o)
 .debug_loc     0x00000840      0x197 C:/Freescale/CW MCU v10.6.4/MCU/ARM_GCC_Support/ewl/lib/armv6-m\librt.a(__arm_eabi_init.o)
 .debug_loc     0x000009d7       0xd9 C:/Freescale/CW MCU v10.6.4/MCU/ARM_GCC_Support/ewl/lib/armv6-m\librt.a(ROMCopy.o)

.debug_aranges  0x00000000      0x248
 .debug_aranges
                0x00000000       0x40 ./Driver/flash/flash_kinetis.o
 .debug_aranges
                0x00000040       0x30 ./Driver/rs232/rs232.o
 .debug_aranges
                0x00000070       0x28 ./Project_Settings/Startup_Code/kinetis_sysinit.o
 .debug_aranges
                0x00000098       0x28 ./Project_Settings/Startup_Code/__arm_start.o
 .debug_aranges
                0x000000c0       0x20 ./Project_Settings/Startup_Code/__arm_end.o
 .debug_aranges
                0x000000e0       0x58 ./Sources/bootloader.o
 .debug_aranges
                0x00000138       0x20 C:/Freescale/CW MCU v10.6.4/MCU/ARM_GCC_Support/ewl/lib/armv6-m\libc.a(exit.o)
 .debug_aranges
                0x00000158       0x20 C:/Freescale/CW MCU v10.6.4/MCU/ARM_GCC_Support/ewl/lib/armv6-m\libc.a(memset.o)
 .debug_aranges
                0x00000178       0x20 C:/Freescale/CW MCU v10.6.4/MCU/ARM_GCC_Support/ewl/lib/armv6-m\libc.a(__filll_mem.o)
 .debug_aranges
                0x00000198       0x28 C:/Freescale/CW MCU v10.6.4/MCU/ARM_GCC_Support/ewl/lib/armv6-m\librt.a(gcc_ctor_dtor.o)
 .debug_aranges
                0x000001c0       0x58 C:/Freescale/CW MCU v10.6.4/MCU/ARM_GCC_Support/ewl/lib/armv6-m\librt.a(__arm_eabi_init.o)
 .debug_aranges
                0x00000218       0x30 C:/Freescale/CW MCU v10.6.4/MCU/ARM_GCC_Support/ewl/lib/armv6-m\librt.a(ROMCopy.o)

.debug_macinfo  0x00000000    0xa6059
 .debug_macinfo
                0x00000000    0x2833a ./Driver/flash/flash_kinetis.o
 .debug_macinfo
                0x0002833a    0x27b11 ./Driver/rs232/rs232.o
 .debug_macinfo
                0x0004fe4b    0x272ed ./Project_Settings/Startup_Code/kinetis_sysinit.o
 .debug_macinfo
                0x00077138     0x3e82 ./Project_Settings/Startup_Code/__arm_start.o
 .debug_macinfo
                0x0007afba     0x346b ./Project_Settings/Startup_Code/__arm_end.o
 .debug_macinfo
                0x0007e425    0x27c34 ./Sources/bootloader.o

.debug_line     0x00000000     0x1bbd
 .debug_line    0x00000000      0x424 ./Driver/flash/flash_kinetis.o
 .debug_line    0x00000424      0x3d8 ./Driver/rs232/rs232.o
 .debug_line    0x000007fc      0x33d ./Project_Settings/Startup_Code/kinetis_sysinit.o
 .debug_line    0x00000b39      0x2fd ./Project_Settings/Startup_Code/__arm_start.o
 .debug_line    0x00000e36      0x26c ./Project_Settings/Startup_Code/__arm_end.o
 .debug_line    0x000010a2      0x6c8 ./Sources/bootloader.o
 .debug_line    0x0000176a       0x8d C:/Freescale/CW MCU v10.6.4/MCU/ARM_GCC_Support/ewl/lib/armv6-m\libc.a(exit.o)
 .debug_line    0x000017f7       0x90 C:/Freescale/CW MCU v10.6.4/MCU/ARM_GCC_Support/ewl/lib/armv6-m\libc.a(memset.o)
 .debug_line    0x00001887       0xf6 C:/Freescale/CW MCU v10.6.4/MCU/ARM_GCC_Support/ewl/lib/armv6-m\libc.a(__filll_mem.o)
 .debug_line    0x0000197d       0x6c C:/Freescale/CW MCU v10.6.4/MCU/ARM_GCC_Support/ewl/lib/armv6-m\librt.a(gcc_ctor_dtor.o)
 .debug_line    0x000019e9      0x117 C:/Freescale/CW MCU v10.6.4/MCU/ARM_GCC_Support/ewl/lib/armv6-m\librt.a(__arm_eabi_init.o)
 .debug_line    0x00001b00       0xbd C:/Freescale/CW MCU v10.6.4/MCU/ARM_GCC_Support/ewl/lib/armv6-m\librt.a(ROMCopy.o)

.debug_str      0x00000000      0xe7c
 .debug_str     0x00000000      0x3b6 ./Driver/flash/flash_kinetis.o
                                0x3fb (size before relaxing)
 .debug_str     0x000003b6      0x14d ./Driver/rs232/rs232.o
                                0x2ed (size before relaxing)
 .debug_str     0x00000503       0xc6 ./Project_Settings/Startup_Code/kinetis_sysinit.o
                                0x26f (size before relaxing)
 .debug_str     0x000005c9      0x126 ./Project_Settings/Startup_Code/__arm_start.o
                                0x20a (size before relaxing)
 .debug_str     0x000006ef       0xd8 ./Project_Settings/Startup_Code/__arm_end.o
                                0x137 (size before relaxing)
 .debug_str     0x000007c7      0x353 ./Sources/bootloader.o
                                0x64e (size before relaxing)
 .debug_str     0x00000b1a       0x60 C:/Freescale/CW MCU v10.6.4/MCU/ARM_GCC_Support/ewl/lib/armv6-m\libc.a(exit.o)
                                0x157 (size before relaxing)
 .debug_str     0x00000b7a       0x23 C:/Freescale/CW MCU v10.6.4/MCU/ARM_GCC_Support/ewl/lib/armv6-m\libc.a(memset.o)
                                0x140 (size before relaxing)
 .debug_str     0x00000b9d       0x2d C:/Freescale/CW MCU v10.6.4/MCU/ARM_GCC_Support/ewl/lib/armv6-m\libc.a(__filll_mem.o)
                                0x152 (size before relaxing)
 .debug_str     0x00000bca      0x126 C:/Freescale/CW MCU v10.6.4/MCU/ARM_GCC_Support/ewl/lib/armv6-m\librt.a(gcc_ctor_dtor.o)
                                0x181 (size before relaxing)
 .debug_str     0x00000cf0       0xf8 C:/Freescale/CW MCU v10.6.4/MCU/ARM_GCC_Support/ewl/lib/armv6-m\librt.a(__arm_eabi_init.o)
                                0x1b5 (size before relaxing)
 .debug_str     0x00000de8       0x94 C:/Freescale/CW MCU v10.6.4/MCU/ARM_GCC_Support/ewl/lib/armv6-m\librt.a(ROMCopy.o)
                                0x13c (size before relaxing)

.comment        0x00000000       0x79
 .comment       0x00000000       0x79 ./Driver/flash/flash_kinetis.o
                                 0x7a (size before relaxing)
 .comment       0x00000000       0x7a ./Driver/rs232/rs232.o
 .comment       0x00000000       0x7a ./Project_Settings/Startup_Code/kinetis_sysinit.o
 .comment       0x00000000       0x7a ./Project_Settings/Startup_Code/__arm_start.o
 .comment       0x00000000       0x7a ./Project_Settings/Startup_Code/__arm_end.o
 .comment       0x00000000       0x7a ./Sources/bootloader.o
 .comment       0x00000000       0x7a C:/Freescale/CW MCU v10.6.4/MCU/ARM_GCC_Support/ewl/lib/armv6-m\libc.a(exit.o)
 .comment       0x00000000       0x7a C:/Freescale/CW MCU v10.6.4/MCU/ARM_GCC_Support/ewl/lib/armv6-m\libc.a(memset.o)
 .comment       0x00000000       0x7a C:/Freescale/CW MCU v10.6.4/MCU/ARM_GCC_Support/ewl/lib/armv6-m\libc.a(__filll_mem.o)
 .comment       0x00000000       0x7a C:/Freescale/CW MCU v10.6.4/MCU/ARM_GCC_Support/ewl/lib/armv6-m\librt.a(gcc_ctor_dtor.o)
 .comment       0x00000000       0x7a C:/Freescale/CW MCU v10.6.4/MCU/ARM_GCC_Support/ewl/lib/armv6-m\librt.a(__arm_eabi_init.o)
 .comment       0x00000000       0x7a C:/Freescale/CW MCU v10.6.4/MCU/ARM_GCC_Support/ewl/lib/armv6-m\librt.a(ROMCopy.o)

.debug_frame    0x00000000      0x408
 .debug_frame   0x00000000       0x88 ./Driver/flash/flash_kinetis.o
 .debug_frame   0x00000088       0x5c ./Driver/rs232/rs232.o
 .debug_frame   0x000000e4       0x30 ./Project_Settings/Startup_Code/kinetis_sysinit.o
 .debug_frame   0x00000114       0x30 ./Project_Settings/Startup_Code/__arm_start.o
 .debug_frame   0x00000144       0x28 ./Project_Settings/Startup_Code/__arm_end.o
 .debug_frame   0x0000016c       0xcc ./Sources/bootloader.o
 .debug_frame   0x00000238       0x2c C:/Freescale/CW MCU v10.6.4/MCU/ARM_GCC_Support/ewl/lib/armv6-m\libc.a(exit.o)
 .debug_frame   0x00000264       0x28 C:/Freescale/CW MCU v10.6.4/MCU/ARM_GCC_Support/ewl/lib/armv6-m\libc.a(memset.o)
 .debug_frame   0x0000028c       0x2c C:/Freescale/CW MCU v10.6.4/MCU/ARM_GCC_Support/ewl/lib/armv6-m\libc.a(__filll_mem.o)
 .debug_frame   0x000002b8       0x40 C:/Freescale/CW MCU v10.6.4/MCU/ARM_GCC_Support/ewl/lib/armv6-m\librt.a(gcc_ctor_dtor.o)
 .debug_frame   0x000002f8       0xbc C:/Freescale/CW MCU v10.6.4/MCU/ARM_GCC_Support/ewl/lib/armv6-m\librt.a(__arm_eabi_init.o)
 .debug_frame   0x000003b4       0x54 C:/Freescale/CW MCU v10.6.4/MCU/ARM_GCC_Support/ewl/lib/armv6-m\librt.a(ROMCopy.o)
