Archive member included because of file (symbol)

c:/freescale/kds_3.0.0/toolchain/bin/../lib/gcc/arm-none-eabi/4.8.4/armv6-m\libgcc.a(_udivsi3.o)
                              ./Project_Settings/Startup_Code/system_MKL26Z4.o (__aeabi_uidiv)
c:/freescale/kds_3.0.0/toolchain/bin/../lib/gcc/arm-none-eabi/4.8.4/armv6-m\libgcc.a(_dvmd_tls.o)
                              c:/freescale/kds_3.0.0/toolchain/bin/../lib/gcc/arm-none-eabi/4.8.4/armv6-m\libgcc.a(_udivsi3.o) (__aeabi_idiv0)
c:/freescale/kds_3.0.0/toolchain/bin/../lib/gcc/arm-none-eabi/4.8.4/../../../../arm-none-eabi/lib/armv6-m\libg_s.a(lib_a-exit.o)
                              c:/freescale/kds_3.0.0/toolchain/bin/../lib/gcc/arm-none-eabi/4.8.4/../../../../arm-none-eabi/lib/armv6-m/crt0.o (exit)
c:/freescale/kds_3.0.0/toolchain/bin/../lib/gcc/arm-none-eabi/4.8.4/../../../../arm-none-eabi/lib/armv6-m\libg_s.a(lib_a-impure.o)
                              c:/freescale/kds_3.0.0/toolchain/bin/../lib/gcc/arm-none-eabi/4.8.4/../../../../arm-none-eabi/lib/armv6-m\libg_s.a(lib_a-exit.o) (_global_impure_ptr)
c:/freescale/kds_3.0.0/toolchain/bin/../lib/gcc/arm-none-eabi/4.8.4/../../../../arm-none-eabi/lib/armv6-m\libg_s.a(lib_a-init.o)
                              c:/freescale/kds_3.0.0/toolchain/bin/../lib/gcc/arm-none-eabi/4.8.4/../../../../arm-none-eabi/lib/armv6-m/crt0.o (__libc_init_array)
c:/freescale/kds_3.0.0/toolchain/bin/../lib/gcc/arm-none-eabi/4.8.4/../../../../arm-none-eabi/lib/armv6-m\libg_s.a(lib_a-memset.o)
                              c:/freescale/kds_3.0.0/toolchain/bin/../lib/gcc/arm-none-eabi/4.8.4/../../../../arm-none-eabi/lib/armv6-m/crt0.o (memset)
c:/freescale/kds_3.0.0/toolchain/bin/../lib/gcc/arm-none-eabi/4.8.4/../../../../arm-none-eabi/lib/armv6-m\libnosys.a(_exit.o)
                              c:/freescale/kds_3.0.0/toolchain/bin/../lib/gcc/arm-none-eabi/4.8.4/../../../../arm-none-eabi/lib/armv6-m\libg_s.a(lib_a-exit.o) (_exit)

Allocating common symbols
Common symbol       size              file

address             0x4               ./Sources/bootloader.o
CommandObj          0xc               ./Driver/flash/flash_kinetis.o
sci_buffer          0x50              ./Sources/bootloader.o
flash_state         0x4               ./Driver/flash/flash_kinetis.o

Discarded input sections

 .text          0x00000000        0x0 c:/freescale/kds_3.0.0/toolchain/bin/../lib/gcc/arm-none-eabi/4.8.4/armv6-m/crti.o
 .data          0x00000000        0x0 c:/freescale/kds_3.0.0/toolchain/bin/../lib/gcc/arm-none-eabi/4.8.4/armv6-m/crti.o
 .bss           0x00000000        0x0 c:/freescale/kds_3.0.0/toolchain/bin/../lib/gcc/arm-none-eabi/4.8.4/armv6-m/crti.o
 .data          0x00000000        0x4 c:/freescale/kds_3.0.0/toolchain/bin/../lib/gcc/arm-none-eabi/4.8.4/armv6-m/crtbegin.o
 .data          0x00000000        0x0 c:/freescale/kds_3.0.0/toolchain/bin/../lib/gcc/arm-none-eabi/4.8.4/../../../../arm-none-eabi/lib/armv6-m/crt0.o
 .bss           0x00000000        0x0 c:/freescale/kds_3.0.0/toolchain/bin/../lib/gcc/arm-none-eabi/4.8.4/../../../../arm-none-eabi/lib/armv6-m/crt0.o
 .ARM.extab     0x00000000        0x0 c:/freescale/kds_3.0.0/toolchain/bin/../lib/gcc/arm-none-eabi/4.8.4/../../../../arm-none-eabi/lib/armv6-m/crt0.o
 .group         0x00000000        0x8 ./Sources/bootloader.o
 .group         0x00000000        0x8 ./Sources/bootloader.o
 .group         0x00000000        0x8 ./Sources/bootloader.o
 .group         0x00000000        0x8 ./Sources/bootloader.o
 .group         0x00000000        0x8 ./Sources/bootloader.o
 .group         0x00000000        0x8 ./Sources/bootloader.o
 .group         0x00000000        0x8 ./Sources/bootloader.o
 .group         0x00000000        0x8 ./Sources/bootloader.o
 .group         0x00000000        0x8 ./Sources/bootloader.o
 .group         0x00000000        0x8 ./Sources/bootloader.o
 .group         0x00000000        0x8 ./Sources/bootloader.o
 .group         0x00000000        0x8 ./Sources/bootloader.o
 .group         0x00000000        0x8 ./Sources/bootloader.o
 .text          0x00000000        0x0 ./Sources/bootloader.o
 .data          0x00000000        0x0 ./Sources/bootloader.o
 .bss           0x00000000        0x0 ./Sources/bootloader.o
 .cfmconfig     0x00000000       0x10 ./Sources/bootloader.o
 .text.Boot_Init_Clock
                0x00000000      0x178 ./Sources/bootloader.o
 .data          0x00000000        0x0 ./Project_Settings/Startup_Code/startup_MKL26Z4.o
 .bss           0x00000000        0x0 ./Project_Settings/Startup_Code/startup_MKL26Z4.o
 .group         0x00000000        0x8 ./Project_Settings/Startup_Code/system_MKL26Z4.o
 .group         0x00000000        0x8 ./Project_Settings/Startup_Code/system_MKL26Z4.o
 .group         0x00000000        0x8 ./Project_Settings/Startup_Code/system_MKL26Z4.o
 .group         0x00000000        0x8 ./Project_Settings/Startup_Code/system_MKL26Z4.o
 .group         0x00000000        0x8 ./Project_Settings/Startup_Code/system_MKL26Z4.o
 .group         0x00000000        0x8 ./Project_Settings/Startup_Code/system_MKL26Z4.o
 .group         0x00000000        0x8 ./Project_Settings/Startup_Code/system_MKL26Z4.o
 .group         0x00000000        0x8 ./Project_Settings/Startup_Code/system_MKL26Z4.o
 .group         0x00000000        0x8 ./Project_Settings/Startup_Code/system_MKL26Z4.o
 .group         0x00000000        0x8 ./Project_Settings/Startup_Code/system_MKL26Z4.o
 .text          0x00000000        0x0 ./Project_Settings/Startup_Code/system_MKL26Z4.o
 .data          0x00000000        0x0 ./Project_Settings/Startup_Code/system_MKL26Z4.o
 .bss           0x00000000        0x0 ./Project_Settings/Startup_Code/system_MKL26Z4.o
 .data.SystemCoreClock
                0x00000000        0x4 ./Project_Settings/Startup_Code/system_MKL26Z4.o
 .text.SystemCoreClockUpdate
                0x00000000      0x23c ./Project_Settings/Startup_Code/system_MKL26Z4.o
 .debug_macro   0x00000000      0x802 ./Project_Settings/Startup_Code/system_MKL26Z4.o
 .debug_macro   0x00000000       0x16 ./Project_Settings/Startup_Code/system_MKL26Z4.o
 .debug_macro   0x00000000       0x44 ./Project_Settings/Startup_Code/system_MKL26Z4.o
 .debug_macro   0x00000000      0x209 ./Project_Settings/Startup_Code/system_MKL26Z4.o
 .debug_macro   0x00000000       0x3a ./Project_Settings/Startup_Code/system_MKL26Z4.o
 .debug_macro   0x00000000       0x26 ./Project_Settings/Startup_Code/system_MKL26Z4.o
 .debug_macro   0x00000000      0x306 ./Project_Settings/Startup_Code/system_MKL26Z4.o
 .debug_macro   0x00000000       0x77 ./Project_Settings/Startup_Code/system_MKL26Z4.o
 .debug_macro   0x00000000     0x8dcb ./Project_Settings/Startup_Code/system_MKL26Z4.o
 .group         0x00000000        0x8 ./Driver/rs232/rs232.o
 .group         0x00000000        0x8 ./Driver/rs232/rs232.o
 .group         0x00000000        0x8 ./Driver/rs232/rs232.o
 .group         0x00000000        0x8 ./Driver/rs232/rs232.o
 .group         0x00000000        0x8 ./Driver/rs232/rs232.o
 .group         0x00000000        0x8 ./Driver/rs232/rs232.o
 .group         0x00000000        0x8 ./Driver/rs232/rs232.o
 .group         0x00000000        0x8 ./Driver/rs232/rs232.o
 .group         0x00000000        0x8 ./Driver/rs232/rs232.o
 .group         0x00000000        0x8 ./Driver/rs232/rs232.o
 .group         0x00000000        0x8 ./Driver/rs232/rs232.o
 .group         0x00000000        0x8 ./Driver/rs232/rs232.o
 .group         0x00000000        0x8 ./Driver/rs232/rs232.o
 .text          0x00000000        0x0 ./Driver/rs232/rs232.o
 .data          0x00000000        0x0 ./Driver/rs232/rs232.o
 .bss           0x00000000        0x0 ./Driver/rs232/rs232.o
 .debug_macro   0x00000000      0x802 ./Driver/rs232/rs232.o
 .debug_macro   0x00000000       0x16 ./Driver/rs232/rs232.o
 .debug_macro   0x00000000       0x16 ./Driver/rs232/rs232.o
 .debug_macro   0x00000000       0x44 ./Driver/rs232/rs232.o
 .debug_macro   0x00000000      0x209 ./Driver/rs232/rs232.o
 .debug_macro   0x00000000       0x3a ./Driver/rs232/rs232.o
 .debug_macro   0x00000000       0x3a ./Driver/rs232/rs232.o
 .debug_macro   0x00000000       0x26 ./Driver/rs232/rs232.o
 .debug_macro   0x00000000      0x306 ./Driver/rs232/rs232.o
 .debug_macro   0x00000000       0x77 ./Driver/rs232/rs232.o
 .debug_macro   0x00000000     0x8dcb ./Driver/rs232/rs232.o
 .debug_macro   0x00000000       0xf4 ./Driver/rs232/rs232.o
 .debug_macro   0x00000000       0x16 ./Driver/rs232/rs232.o
 .group         0x00000000        0x8 ./Driver/flash/flash_kinetis.o
 .group         0x00000000        0x8 ./Driver/flash/flash_kinetis.o
 .group         0x00000000        0x8 ./Driver/flash/flash_kinetis.o
 .group         0x00000000        0x8 ./Driver/flash/flash_kinetis.o
 .group         0x00000000        0x8 ./Driver/flash/flash_kinetis.o
 .group         0x00000000        0x8 ./Driver/flash/flash_kinetis.o
 .group         0x00000000        0x8 ./Driver/flash/flash_kinetis.o
 .group         0x00000000        0x8 ./Driver/flash/flash_kinetis.o
 .group         0x00000000        0x8 ./Driver/flash/flash_kinetis.o
 .group         0x00000000        0x8 ./Driver/flash/flash_kinetis.o
 .group         0x00000000        0x8 ./Driver/flash/flash_kinetis.o
 .group         0x00000000        0x8 ./Driver/flash/flash_kinetis.o
 .group         0x00000000        0x8 ./Driver/flash/flash_kinetis.o
 .text          0x00000000        0x0 ./Driver/flash/flash_kinetis.o
 .data          0x00000000        0x0 ./Driver/flash/flash_kinetis.o
 .bss           0x00000000        0x0 ./Driver/flash/flash_kinetis.o
 .debug_macro   0x00000000      0x802 ./Driver/flash/flash_kinetis.o
 .debug_macro   0x00000000       0x16 ./Driver/flash/flash_kinetis.o
 .debug_macro   0x00000000       0x16 ./Driver/flash/flash_kinetis.o
 .debug_macro   0x00000000       0x44 ./Driver/flash/flash_kinetis.o
 .debug_macro   0x00000000      0x209 ./Driver/flash/flash_kinetis.o
 .debug_macro   0x00000000       0x3a ./Driver/flash/flash_kinetis.o
 .debug_macro   0x00000000       0x3a ./Driver/flash/flash_kinetis.o
 .debug_macro   0x00000000       0x26 ./Driver/flash/flash_kinetis.o
 .debug_macro   0x00000000      0x306 ./Driver/flash/flash_kinetis.o
 .debug_macro   0x00000000       0x77 ./Driver/flash/flash_kinetis.o
 .debug_macro   0x00000000     0x8dcb ./Driver/flash/flash_kinetis.o
 .debug_macro   0x00000000       0xf4 ./Driver/flash/flash_kinetis.o
 .text          0x00000000       0x9c c:/freescale/kds_3.0.0/toolchain/bin/../lib/gcc/arm-none-eabi/4.8.4/armv6-m\libgcc.a(_udivsi3.o)
 .data          0x00000000        0x0 c:/freescale/kds_3.0.0/toolchain/bin/../lib/gcc/arm-none-eabi/4.8.4/armv6-m\libgcc.a(_udivsi3.o)
 .bss           0x00000000        0x0 c:/freescale/kds_3.0.0/toolchain/bin/../lib/gcc/arm-none-eabi/4.8.4/armv6-m\libgcc.a(_udivsi3.o)
 .debug_frame   0x00000000       0x20 c:/freescale/kds_3.0.0/toolchain/bin/../lib/gcc/arm-none-eabi/4.8.4/armv6-m\libgcc.a(_udivsi3.o)
 .ARM.attributes
                0x00000000       0x1e c:/freescale/kds_3.0.0/toolchain/bin/../lib/gcc/arm-none-eabi/4.8.4/armv6-m\libgcc.a(_udivsi3.o)
 .text          0x00000000        0x4 c:/freescale/kds_3.0.0/toolchain/bin/../lib/gcc/arm-none-eabi/4.8.4/armv6-m\libgcc.a(_dvmd_tls.o)
 .data          0x00000000        0x0 c:/freescale/kds_3.0.0/toolchain/bin/../lib/gcc/arm-none-eabi/4.8.4/armv6-m\libgcc.a(_dvmd_tls.o)
 .bss           0x00000000        0x0 c:/freescale/kds_3.0.0/toolchain/bin/../lib/gcc/arm-none-eabi/4.8.4/armv6-m\libgcc.a(_dvmd_tls.o)
 .ARM.attributes
                0x00000000       0x1e c:/freescale/kds_3.0.0/toolchain/bin/../lib/gcc/arm-none-eabi/4.8.4/armv6-m\libgcc.a(_dvmd_tls.o)
 .text          0x00000000        0x0 c:/freescale/kds_3.0.0/toolchain/bin/../lib/gcc/arm-none-eabi/4.8.4/../../../../arm-none-eabi/lib/armv6-m\libg_s.a(lib_a-exit.o)
 .data          0x00000000        0x0 c:/freescale/kds_3.0.0/toolchain/bin/../lib/gcc/arm-none-eabi/4.8.4/../../../../arm-none-eabi/lib/armv6-m\libg_s.a(lib_a-exit.o)
 .bss           0x00000000        0x0 c:/freescale/kds_3.0.0/toolchain/bin/../lib/gcc/arm-none-eabi/4.8.4/../../../../arm-none-eabi/lib/armv6-m\libg_s.a(lib_a-exit.o)
 .text          0x00000000        0x0 c:/freescale/kds_3.0.0/toolchain/bin/../lib/gcc/arm-none-eabi/4.8.4/../../../../arm-none-eabi/lib/armv6-m\libg_s.a(lib_a-impure.o)
 .data          0x00000000        0x0 c:/freescale/kds_3.0.0/toolchain/bin/../lib/gcc/arm-none-eabi/4.8.4/../../../../arm-none-eabi/lib/armv6-m\libg_s.a(lib_a-impure.o)
 .bss           0x00000000        0x0 c:/freescale/kds_3.0.0/toolchain/bin/../lib/gcc/arm-none-eabi/4.8.4/../../../../arm-none-eabi/lib/armv6-m\libg_s.a(lib_a-impure.o)
 .data._impure_ptr
                0x00000000        0x4 c:/freescale/kds_3.0.0/toolchain/bin/../lib/gcc/arm-none-eabi/4.8.4/../../../../arm-none-eabi/lib/armv6-m\libg_s.a(lib_a-impure.o)
 .text          0x00000000        0x0 c:/freescale/kds_3.0.0/toolchain/bin/../lib/gcc/arm-none-eabi/4.8.4/../../../../arm-none-eabi/lib/armv6-m\libg_s.a(lib_a-init.o)
 .data          0x00000000        0x0 c:/freescale/kds_3.0.0/toolchain/bin/../lib/gcc/arm-none-eabi/4.8.4/../../../../arm-none-eabi/lib/armv6-m\libg_s.a(lib_a-init.o)
 .bss           0x00000000        0x0 c:/freescale/kds_3.0.0/toolchain/bin/../lib/gcc/arm-none-eabi/4.8.4/../../../../arm-none-eabi/lib/armv6-m\libg_s.a(lib_a-init.o)
 .text          0x00000000        0x0 c:/freescale/kds_3.0.0/toolchain/bin/../lib/gcc/arm-none-eabi/4.8.4/../../../../arm-none-eabi/lib/armv6-m\libg_s.a(lib_a-memset.o)
 .data          0x00000000        0x0 c:/freescale/kds_3.0.0/toolchain/bin/../lib/gcc/arm-none-eabi/4.8.4/../../../../arm-none-eabi/lib/armv6-m\libg_s.a(lib_a-memset.o)
 .bss           0x00000000        0x0 c:/freescale/kds_3.0.0/toolchain/bin/../lib/gcc/arm-none-eabi/4.8.4/../../../../arm-none-eabi/lib/armv6-m\libg_s.a(lib_a-memset.o)
 .text          0x00000000        0x0 c:/freescale/kds_3.0.0/toolchain/bin/../lib/gcc/arm-none-eabi/4.8.4/../../../../arm-none-eabi/lib/armv6-m\libnosys.a(_exit.o)
 .data          0x00000000        0x0 c:/freescale/kds_3.0.0/toolchain/bin/../lib/gcc/arm-none-eabi/4.8.4/../../../../arm-none-eabi/lib/armv6-m\libnosys.a(_exit.o)
 .bss           0x00000000        0x0 c:/freescale/kds_3.0.0/toolchain/bin/../lib/gcc/arm-none-eabi/4.8.4/../../../../arm-none-eabi/lib/armv6-m\libnosys.a(_exit.o)
 .text          0x00000000        0x0 c:/freescale/kds_3.0.0/toolchain/bin/../lib/gcc/arm-none-eabi/4.8.4/armv6-m/crtend.o
 .data          0x00000000        0x0 c:/freescale/kds_3.0.0/toolchain/bin/../lib/gcc/arm-none-eabi/4.8.4/armv6-m/crtend.o
 .bss           0x00000000        0x0 c:/freescale/kds_3.0.0/toolchain/bin/../lib/gcc/arm-none-eabi/4.8.4/armv6-m/crtend.o
 .eh_frame      0x00000000        0x4 c:/freescale/kds_3.0.0/toolchain/bin/../lib/gcc/arm-none-eabi/4.8.4/armv6-m/crtend.o
 .text          0x00000000        0x0 c:/freescale/kds_3.0.0/toolchain/bin/../lib/gcc/arm-none-eabi/4.8.4/armv6-m/crtn.o
 .data          0x00000000        0x0 c:/freescale/kds_3.0.0/toolchain/bin/../lib/gcc/arm-none-eabi/4.8.4/armv6-m/crtn.o
 .bss           0x00000000        0x0 c:/freescale/kds_3.0.0/toolchain/bin/../lib/gcc/arm-none-eabi/4.8.4/armv6-m/crtn.o

Memory Configuration

Name             Origin             Length             Attributes
m_interrupts     0x00000000         0x00000100         xr
m_flash_config   0x00000400         0x00000010         xr
m_text           0x00000410         0x0001fe66         xr
m_data           0x1ffff000         0x00003ff8         rw
*default*        0x00000000         0xffffffff

Linker script and memory map

LOAD c:/freescale/kds_3.0.0/toolchain/bin/../lib/gcc/arm-none-eabi/4.8.4/armv6-m/crti.o
LOAD c:/freescale/kds_3.0.0/toolchain/bin/../lib/gcc/arm-none-eabi/4.8.4/armv6-m/crtbegin.o
LOAD c:/freescale/kds_3.0.0/toolchain/bin/../lib/gcc/arm-none-eabi/4.8.4/../../../../arm-none-eabi/lib/armv6-m/crt0.o
LOAD ./Sources/bootloader.o
LOAD ./Project_Settings/Startup_Code/startup_MKL26Z4.o
LOAD ./Project_Settings/Startup_Code/system_MKL26Z4.o
LOAD ./Driver/rs232/rs232.o
LOAD ./Driver/flash/flash_kinetis.o
LOAD c:/freescale/kds_3.0.0/toolchain/bin/../lib/gcc/arm-none-eabi/4.8.4/../../../../arm-none-eabi/lib/armv6-m\libstdc++_s.a
LOAD c:/freescale/kds_3.0.0/toolchain/bin/../lib/gcc/arm-none-eabi/4.8.4/../../../../arm-none-eabi/lib/armv6-m\libm.a
START GROUP
LOAD c:/freescale/kds_3.0.0/toolchain/bin/../lib/gcc/arm-none-eabi/4.8.4/armv6-m\libgcc.a
LOAD c:/freescale/kds_3.0.0/toolchain/bin/../lib/gcc/arm-none-eabi/4.8.4/../../../../arm-none-eabi/lib/armv6-m\libg_s.a
LOAD c:/freescale/kds_3.0.0/toolchain/bin/../lib/gcc/arm-none-eabi/4.8.4/../../../../arm-none-eabi/lib/armv6-m\libc_s.a
END GROUP
START GROUP
LOAD c:/freescale/kds_3.0.0/toolchain/bin/../lib/gcc/arm-none-eabi/4.8.4/armv6-m\libgcc.a
LOAD c:/freescale/kds_3.0.0/toolchain/bin/../lib/gcc/arm-none-eabi/4.8.4/../../../../arm-none-eabi/lib/armv6-m\libc_s.a
LOAD c:/freescale/kds_3.0.0/toolchain/bin/../lib/gcc/arm-none-eabi/4.8.4/../../../../arm-none-eabi/lib/armv6-m\libnosys.a
END GROUP
START GROUP
LOAD c:/freescale/kds_3.0.0/toolchain/bin/../lib/gcc/arm-none-eabi/4.8.4/armv6-m\libgcc.a
LOAD c:/freescale/kds_3.0.0/toolchain/bin/../lib/gcc/arm-none-eabi/4.8.4/../../../../arm-none-eabi/lib/armv6-m\libc_s.a
LOAD c:/freescale/kds_3.0.0/toolchain/bin/../lib/gcc/arm-none-eabi/4.8.4/../../../../arm-none-eabi/lib/armv6-m\libnosys.a
END GROUP
LOAD c:/freescale/kds_3.0.0/toolchain/bin/../lib/gcc/arm-none-eabi/4.8.4/armv6-m/crtend.o
LOAD c:/freescale/kds_3.0.0/toolchain/bin/../lib/gcc/arm-none-eabi/4.8.4/armv6-m/crtn.o
                0x00000400                HEAP_SIZE = DEFINED (__heap_size__)?__heap_size__:0x400
                0x00000400                STACK_SIZE = DEFINED (__stack_size__)?__stack_size__:0x400
                0x20002ff8                _estack = 0x20002ff8
                0x20002ff8                __SP_INIT = _estack

.interrupts     0x00000000       0xc0
                0x00000000                __VECTOR_TABLE = .
                0x00000000                . = ALIGN (0x4)
 *(.isr_vector)
 .isr_vector    0x00000000       0xc0 ./Project_Settings/Startup_Code/startup_MKL26Z4.o
                0x00000000                __isr_vector
                0x000000c0                . = ALIGN (0x4)

.flash_config   0x00000400       0x10
                0x00000400                . = ALIGN (0x4)
 *(.FlashConfig)
 .FlashConfig   0x00000400       0x10 ./Project_Settings/Startup_Code/startup_MKL26Z4.o
                0x00000410                . = ALIGN (0x4)

.text           0x00000410      0xb80
                0x00000410                . = ALIGN (0x4)
 *(.text)
 .text          0x00000410       0x60 c:/freescale/kds_3.0.0/toolchain/bin/../lib/gcc/arm-none-eabi/4.8.4/armv6-m/crtbegin.o
 .text          0x00000470       0x78 c:/freescale/kds_3.0.0/toolchain/bin/../lib/gcc/arm-none-eabi/4.8.4/../../../../arm-none-eabi/lib/armv6-m/crt0.o
                0x00000470                _start
                0x00000470                _mainCRTStartup
 .text          0x000004e8       0x34 ./Project_Settings/Startup_Code/startup_MKL26Z4.o
                0x000004e8                Reset_Handler
                0x00000514                HardFault_Handler
                0x00000514                SysTick_Handler
                0x00000514                PendSV_Handler
                0x00000514                NMI_Handler
                0x00000514                PORTC_PORTD_IRQHandler
                0x00000514                I2C1_IRQHandler
                0x00000514                UART1_IRQHandler
                0x00000514                DMA2_IRQHandler
                0x00000514                TPM0_IRQHandler
                0x00000514                I2S0_IRQHandler
                0x00000514                LLWU_IRQHandler
                0x00000514                TSI0_IRQHandler
                0x00000514                UART0_IRQHandler
                0x00000514                ADC0_IRQHandler
                0x00000514                SPI1_IRQHandler
                0x00000514                DefaultISR
                0x00000514                TPM2_IRQHandler
                0x00000514                RTC_IRQHandler
                0x00000514                I2C0_IRQHandler
                0x00000514                RTC_Seconds_IRQHandler
                0x00000514                MCG_IRQHandler
                0x00000514                UART2_IRQHandler
                0x00000514                Reserved20_IRQHandler
                0x00000514                USB0_IRQHandler
                0x00000514                PIT_IRQHandler
                0x00000514                SVC_Handler
                0x00000514                DMA3_IRQHandler
                0x00000514                DMA0_IRQHandler
                0x00000514                DAC0_IRQHandler
                0x00000514                Reserved45_IRQHandler
                0x00000514                TPM1_IRQHandler
                0x00000514                LVD_LVW_IRQHandler
                0x00000514                SPI0_IRQHandler
                0x00000514                PORTA_IRQHandler
                0x00000514                FTFA_IRQHandler
                0x00000514                LPTMR0_IRQHandler
                0x00000514                CMP0_IRQHandler
                0x00000514                DMA1_IRQHandler
 *(.text*)
 .text.Boot_Button_Init
                0x0000051c       0x24 ./Sources/bootloader.o
                0x0000051c                Boot_Button_Init
 .text.Boot_StrCompare
                0x00000540       0x40 ./Sources/bootloader.o
                0x00000540                Boot_StrCompare
 .text.JumpToUserApplication
                0x00000580       0x24 ./Sources/bootloader.o
                0x00000580                JumpToUserApplication
 .text.Boot_ReadAddress
                0x000005a4       0x30 ./Sources/bootloader.o
 .text.Boot_Send
                0x000005d4       0x88 ./Sources/bootloader.o
                0x000005d4                Boot_Send
 .text.Boot_Cpu_SystemReset
                0x0000065c       0x28 ./Sources/bootloader.o
                0x0000065c                Boot_Cpu_SystemReset
 .text.main     0x00000684      0x5b0 ./Sources/bootloader.o
                0x00000684                main
 .text.SystemInit
                0x00000c34       0x38 ./Project_Settings/Startup_Code/system_MKL26Z4.o
                0x00000c34                SystemInit
 .text.UART_Initialization
                0x00000c6c       0x48 ./Driver/rs232/rs232.o
                0x00000c6c                UART_Initialization
 .text.UART_PutChar
                0x00000cb4       0x30 ./Driver/rs232/rs232.o
                0x00000cb4                UART_PutChar
 .text.UART_GetChar
                0x00000ce4       0x48 ./Driver/rs232/rs232.o
                0x00000ce4                UART_GetChar
 .text.FLASH_Initialization
                0x00000d2c       0x1c ./Driver/flash/flash_kinetis.o
                0x00000d2c                FLASH_Initialization
 .text.FLASH_ProgramLongWord
                0x00000d48       0x30 ./Driver/flash/flash_kinetis.o
                0x00000d48                FLASH_ProgramLongWord
 .text.FLASH_ProgramSectionByLongs
                0x00000d78       0x44 ./Driver/flash/flash_kinetis.o
                0x00000d78                FLASH_ProgramSectionByLongs
 .text.FLASH_EraseSector
                0x00000dbc       0x28 ./Driver/flash/flash_kinetis.o
                0x00000dbc                FLASH_EraseSector
 .text.FLASH_FlashCommandSequenceStart
                0x00000de4       0x98 ./Driver/flash/flash_kinetis.o
                0x00000de4                FLASH_FlashCommandSequenceStart
 .text.exit     0x00000e7c       0x2c c:/freescale/kds_3.0.0/toolchain/bin/../lib/gcc/arm-none-eabi/4.8.4/../../../../arm-none-eabi/lib/armv6-m\libg_s.a(lib_a-exit.o)
                0x00000e7c                exit
 .text.__libc_init_array
                0x00000ea8       0x4c c:/freescale/kds_3.0.0/toolchain/bin/../lib/gcc/arm-none-eabi/4.8.4/../../../../arm-none-eabi/lib/armv6-m\libg_s.a(lib_a-init.o)
                0x00000ea8                __libc_init_array
 .text.memset   0x00000ef4       0x10 c:/freescale/kds_3.0.0/toolchain/bin/../lib/gcc/arm-none-eabi/4.8.4/../../../../arm-none-eabi/lib/armv6-m\libg_s.a(lib_a-memset.o)
                0x00000ef4                memset
 .text._exit    0x00000f04        0x4 c:/freescale/kds_3.0.0/toolchain/bin/../lib/gcc/arm-none-eabi/4.8.4/../../../../arm-none-eabi/lib/armv6-m\libnosys.a(_exit.o)
                0x00000f04                _exit
 *(.rodata)
 *(.rodata*)
 .rodata.str_app_ok
                0x00000f08        0x8 ./Sources/bootloader.o
                0x00000f08                str_app_ok
 .rodata.Identifier
                0x00000f10       0x14 ./Sources/bootloader.o
                0x00000f10                Identifier
 .rodata.main   0x00000f24       0x4c ./Sources/bootloader.o
 .rodata.str1.1
                0x00000f70        0x2 c:/freescale/kds_3.0.0/toolchain/bin/../lib/gcc/arm-none-eabi/4.8.4/../../../../arm-none-eabi/lib/armv6-m\libg_s.a(lib_a-impure.o)
 *fill*         0x00000f72        0x2 
 .rodata._global_impure_ptr
                0x00000f74        0x4 c:/freescale/kds_3.0.0/toolchain/bin/../lib/gcc/arm-none-eabi/4.8.4/../../../../arm-none-eabi/lib/armv6-m\libg_s.a(lib_a-impure.o)
                0x00000f74                _global_impure_ptr
 *(.glue_7)
 .glue_7        0x00000000        0x0 linker stubs
 *(.glue_7t)
 .glue_7t       0x00000000        0x0 linker stubs
 *(.eh_frame)
 .eh_frame      0x00000f78        0x0 c:/freescale/kds_3.0.0/toolchain/bin/../lib/gcc/arm-none-eabi/4.8.4/armv6-m/crtbegin.o
 *(.init)
 .init          0x00000f78        0x4 c:/freescale/kds_3.0.0/toolchain/bin/../lib/gcc/arm-none-eabi/4.8.4/armv6-m/crti.o
                0x00000f78                _init
 .init          0x00000f7c        0x8 c:/freescale/kds_3.0.0/toolchain/bin/../lib/gcc/arm-none-eabi/4.8.4/armv6-m/crtn.o
 *(.fini)
 .fini          0x00000f84        0x4 c:/freescale/kds_3.0.0/toolchain/bin/../lib/gcc/arm-none-eabi/4.8.4/armv6-m/crti.o
                0x00000f84                _fini
 .fini          0x00000f88        0x8 c:/freescale/kds_3.0.0/toolchain/bin/../lib/gcc/arm-none-eabi/4.8.4/armv6-m/crtn.o
                0x00000f90                . = ALIGN (0x4)

.vfp11_veneer   0x00000f90        0x0
 .vfp11_veneer  0x00000000        0x0 linker stubs

.v4_bx          0x00000f90        0x0
 .v4_bx         0x00000000        0x0 linker stubs

.iplt           0x00000f90        0x0
 .iplt          0x00000000        0x0 c:/freescale/kds_3.0.0/toolchain/bin/../lib/gcc/arm-none-eabi/4.8.4/armv6-m/crtbegin.o

.ARM.extab
 *(.ARM.extab* .gnu.linkonce.armextab.*)

.ARM            0x00000f90        0x8
                0x00000f90                __exidx_start = .
 *(.ARM.exidx*)
 .ARM.exidx     0x00000f90        0x8 c:/freescale/kds_3.0.0/toolchain/bin/../lib/gcc/arm-none-eabi/4.8.4/../../../../arm-none-eabi/lib/armv6-m/crt0.o
                0x00000f98                __exidx_end = .

.rel.dyn        0x00000f98        0x0
 .rel.iplt      0x00000000        0x0 c:/freescale/kds_3.0.0/toolchain/bin/../lib/gcc/arm-none-eabi/4.8.4/armv6-m/crtbegin.o

.ctors          0x00000f98        0x0
                0x00000f98                __CTOR_LIST__ = .
 *crtbegin.o(.ctors)
 *crtbegin?.o(.ctors)
 *(EXCLUDE_FILE(*crtend.o *crtend?.o) .ctors)
 *(SORT(.ctors.*))
 *(.ctors)
                0x00000f98                __CTOR_END__ = .

.dtors          0x00000f98        0x0
                0x00000f98                __DTOR_LIST__ = .
 *crtbegin.o(.dtors)
 *crtbegin?.o(.dtors)
 *(EXCLUDE_FILE(*crtend.o *crtend?.o) .dtors)
 *(SORT(.dtors.*))
 *(.dtors)
                0x00000f98                __DTOR_END__ = .

.preinit_array  0x00000f98        0x0
                0x00000f98                PROVIDE (__preinit_array_start, .)
 *(.preinit_array*)
                0x00000f98                PROVIDE (__preinit_array_end, .)

.init_array     0x00000f98        0x4
                0x00000f98                PROVIDE (__init_array_start, .)
 *(SORT(.init_array.*))
 *(.init_array*)
 .init_array    0x00000f98        0x4 c:/freescale/kds_3.0.0/toolchain/bin/../lib/gcc/arm-none-eabi/4.8.4/armv6-m/crtbegin.o
                0x00000f9c                PROVIDE (__init_array_end, .)

.fini_array     0x00000f9c        0x4
                0x00000f9c                PROVIDE (__fini_array_start, .)
 *(SORT(.fini_array.*))
 *(.fini_array*)
 .fini_array    0x00000f9c        0x4 c:/freescale/kds_3.0.0/toolchain/bin/../lib/gcc/arm-none-eabi/4.8.4/armv6-m/crtbegin.o
                0x00000fa0                PROVIDE (__fini_array_end, .)
                0x00000fa0                __etext = .
                0x00000fa0                __DATA_ROM = .

.mtb            0x1ffff000        0x0
                0x1ffff000                . = ALIGN (0x8)
                0x1ffff000                _mtb_start = .
 *(.mtb_buf)
                0x1ffff000                . = ALIGN (0x8)
                0x1ffff000                _mtb_end = .

.data           0x1ffff000       0x64 load address 0x00000fa0
                0x1ffff000                . = ALIGN (0x4)
                0x1ffff000                __DATA_RAM = .
                0x1ffff000                __data_start__ = .
 *(.data)
 *(.data*)
 .data.impure_data
                0x1ffff000       0x60 c:/freescale/kds_3.0.0/toolchain/bin/../lib/gcc/arm-none-eabi/4.8.4/../../../../arm-none-eabi/lib/armv6-m\libg_s.a(lib_a-impure.o)
 *(.jcr*)
 .jcr           0x1ffff060        0x0 c:/freescale/kds_3.0.0/toolchain/bin/../lib/gcc/arm-none-eabi/4.8.4/armv6-m/crtbegin.o
 .jcr           0x1ffff060        0x4 c:/freescale/kds_3.0.0/toolchain/bin/../lib/gcc/arm-none-eabi/4.8.4/armv6-m/crtend.o
                0x1ffff064                . = ALIGN (0x4)
                0x1ffff064                __data_end__ = .
                0x00001004                __DATA_END = (__DATA_ROM + (__data_end__ - __data_start__))

.igot.plt       0x1ffff064        0x0 load address 0x00001004
 .igot.plt      0x00000000        0x0 c:/freescale/kds_3.0.0/toolchain/bin/../lib/gcc/arm-none-eabi/4.8.4/armv6-m/crtbegin.o

.bss            0x1ffff064       0x80 load address 0x00001004
                0x1ffff064                . = ALIGN (0x4)
                0x1ffff064                __START_BSS = .
                0x1ffff064                __bss_start__ = .
 *(.bss)
 .bss           0x1ffff064       0x1c c:/freescale/kds_3.0.0/toolchain/bin/../lib/gcc/arm-none-eabi/4.8.4/armv6-m/crtbegin.o
 *(.bss*)
 *(COMMON)
 COMMON         0x1ffff080       0x54 ./Sources/bootloader.o
                0x1ffff080                address
                0x1ffff084                sci_buffer
 COMMON         0x1ffff0d4       0x10 ./Driver/flash/flash_kinetis.o
                0x1ffff0d4                CommandObj
                0x1ffff0e0                flash_state
                0x1ffff0e4                . = ALIGN (0x4)
                0x1ffff0e4                __bss_end__ = .
                0x1ffff0e4                __END_BSS = .

.heap           0x1ffff0e4      0x404 load address 0x00001084
                0x1ffff0e8                . = ALIGN (0x8)
 *fill*         0x1ffff0e4        0x4 
                0x1ffff0e8                __end__ = .
                0x1ffff0e8                PROVIDE (end, .)
                0x1ffff0e8                __HeapBase = .
                0x1ffff4e8                . = (. + HEAP_SIZE)
 *fill*         0x1ffff0e8      0x400 
                0x1ffff4e8                __HeapLimit = .

.stack          0x1ffff4e8      0x400 load address 0x00001488
                0x1ffff4e8                . = ALIGN (0x8)
                0x1ffff8e8                . = (. + STACK_SIZE)
 *fill*         0x1ffff4e8      0x400 
                0x20002ff8                __StackTop = (ORIGIN (m_data) + 0x3ff8)
                0x20002bf8                __StackLimit = (__StackTop - STACK_SIZE)
                0x20002ff8                PROVIDE (__stack, __StackTop)

.ARM.attributes
                0x00000000       0x28
 *(.ARM.attributes)
 .ARM.attributes
                0x00000000       0x1e c:/freescale/kds_3.0.0/toolchain/bin/../lib/gcc/arm-none-eabi/4.8.4/armv6-m/crti.o
 .ARM.attributes
                0x0000001e       0x2c c:/freescale/kds_3.0.0/toolchain/bin/../lib/gcc/arm-none-eabi/4.8.4/armv6-m/crtbegin.o
 .ARM.attributes
                0x0000004a       0x1b c:/freescale/kds_3.0.0/toolchain/bin/../lib/gcc/arm-none-eabi/4.8.4/../../../../arm-none-eabi/lib/armv6-m/crt0.o
 .ARM.attributes
                0x00000065       0x32 ./Sources/bootloader.o
 .ARM.attributes
                0x00000097       0x1b ./Project_Settings/Startup_Code/startup_MKL26Z4.o
 .ARM.attributes
                0x000000b2       0x32 ./Project_Settings/Startup_Code/system_MKL26Z4.o
 .ARM.attributes
                0x000000e4       0x32 ./Driver/rs232/rs232.o
 .ARM.attributes
                0x00000116       0x32 ./Driver/flash/flash_kinetis.o
 .ARM.attributes
                0x00000148       0x2c c:/freescale/kds_3.0.0/toolchain/bin/../lib/gcc/arm-none-eabi/4.8.4/../../../../arm-none-eabi/lib/armv6-m\libg_s.a(lib_a-exit.o)
 .ARM.attributes
                0x00000174       0x2c c:/freescale/kds_3.0.0/toolchain/bin/../lib/gcc/arm-none-eabi/4.8.4/../../../../arm-none-eabi/lib/armv6-m\libg_s.a(lib_a-impure.o)
 .ARM.attributes
                0x000001a0       0x2c c:/freescale/kds_3.0.0/toolchain/bin/../lib/gcc/arm-none-eabi/4.8.4/../../../../arm-none-eabi/lib/armv6-m\libg_s.a(lib_a-init.o)
 .ARM.attributes
                0x000001cc       0x2c c:/freescale/kds_3.0.0/toolchain/bin/../lib/gcc/arm-none-eabi/4.8.4/../../../../arm-none-eabi/lib/armv6-m\libg_s.a(lib_a-memset.o)
 .ARM.attributes
                0x000001f8       0x2c c:/freescale/kds_3.0.0/toolchain/bin/../lib/gcc/arm-none-eabi/4.8.4/../../../../arm-none-eabi/lib/armv6-m\libnosys.a(_exit.o)
 .ARM.attributes
                0x00000224       0x2c c:/freescale/kds_3.0.0/toolchain/bin/../lib/gcc/arm-none-eabi/4.8.4/armv6-m/crtend.o
 .ARM.attributes
                0x00000250       0x1e c:/freescale/kds_3.0.0/toolchain/bin/../lib/gcc/arm-none-eabi/4.8.4/armv6-m/crtn.o
                0x00000001                ASSERT ((__StackLimit >= __HeapLimit), region m_data overflowed with stack and heap)
OUTPUT(bootloader_kl26_kds.elf elf32-littlearm)

.debug_info     0x00000000     0x15f0
 .debug_info    0x00000000      0xab0 ./Sources/bootloader.o
 .debug_info    0x00000ab0       0xa1 ./Project_Settings/Startup_Code/startup_MKL26Z4.o
 .debug_info    0x00000b51      0x42b ./Project_Settings/Startup_Code/system_MKL26Z4.o
 .debug_info    0x00000f7c      0x1be ./Driver/rs232/rs232.o
 .debug_info    0x0000113a      0x4b6 ./Driver/flash/flash_kinetis.o

.debug_abbrev   0x00000000      0x5c0
 .debug_abbrev  0x00000000      0x25f ./Sources/bootloader.o
 .debug_abbrev  0x0000025f       0x14 ./Project_Settings/Startup_Code/startup_MKL26Z4.o
 .debug_abbrev  0x00000273      0x109 ./Project_Settings/Startup_Code/system_MKL26Z4.o
 .debug_abbrev  0x0000037c       0xe7 ./Driver/rs232/rs232.o
 .debug_abbrev  0x00000463      0x15d ./Driver/flash/flash_kinetis.o

.debug_aranges  0x00000000      0x110
 .debug_aranges
                0x00000000       0x58 ./Sources/bootloader.o
 .debug_aranges
                0x00000058       0x20 ./Project_Settings/Startup_Code/startup_MKL26Z4.o
 .debug_aranges
                0x00000078       0x28 ./Project_Settings/Startup_Code/system_MKL26Z4.o
 .debug_aranges
                0x000000a0       0x30 ./Driver/rs232/rs232.o
 .debug_aranges
                0x000000d0       0x40 ./Driver/flash/flash_kinetis.o

.debug_ranges   0x00000000       0xb0
 .debug_ranges  0x00000000       0x48 ./Sources/bootloader.o
 .debug_ranges  0x00000048       0x18 ./Project_Settings/Startup_Code/system_MKL26Z4.o
 .debug_ranges  0x00000060       0x20 ./Driver/rs232/rs232.o
 .debug_ranges  0x00000080       0x30 ./Driver/flash/flash_kinetis.o

.debug_macro    0x00000000     0xa048
 .debug_macro   0x00000000       0xa3 ./Sources/bootloader.o
 .debug_macro   0x000000a3      0x802 ./Sources/bootloader.o
 .debug_macro   0x000008a5       0x16 ./Sources/bootloader.o
 .debug_macro   0x000008bb       0x16 ./Sources/bootloader.o
 .debug_macro   0x000008d1       0x44 ./Sources/bootloader.o
 .debug_macro   0x00000915      0x209 ./Sources/bootloader.o
 .debug_macro   0x00000b1e       0x3a ./Sources/bootloader.o
 .debug_macro   0x00000b58       0x3a ./Sources/bootloader.o
 .debug_macro   0x00000b92       0x26 ./Sources/bootloader.o
 .debug_macro   0x00000bb8      0x306 ./Sources/bootloader.o
 .debug_macro   0x00000ebe       0x77 ./Sources/bootloader.o
 .debug_macro   0x00000f35     0x8dcb ./Sources/bootloader.o
 .debug_macro   0x00009d00       0x16 ./Sources/bootloader.o
 .debug_macro   0x00009d16       0xf4 ./Sources/bootloader.o
 .debug_macro   0x00009e0a       0x7e ./Project_Settings/Startup_Code/system_MKL26Z4.o
 .debug_macro   0x00009e88       0x4c ./Project_Settings/Startup_Code/system_MKL26Z4.o
 .debug_macro   0x00009ed4       0x95 ./Driver/rs232/rs232.o
 .debug_macro   0x00009f69       0xa5 ./Driver/flash/flash_kinetis.o
 .debug_macro   0x0000a00e       0x3a ./Driver/flash/flash_kinetis.o

.debug_line     0x00000000      0xb82
 .debug_line    0x00000000      0x3c2 ./Sources/bootloader.o
 .debug_line    0x000003c2       0x7b ./Project_Settings/Startup_Code/startup_MKL26Z4.o
 .debug_line    0x0000043d      0x24e ./Project_Settings/Startup_Code/system_MKL26Z4.o
 .debug_line    0x0000068b      0x250 ./Driver/rs232/rs232.o
 .debug_line    0x000008db      0x2a7 ./Driver/flash/flash_kinetis.o

.debug_str      0x00000000    0x3633e
 .debug_str     0x00000000    0x35fb7 ./Sources/bootloader.o
                              0x363d2 (size before relaxing)
 .debug_str     0x00035fb7       0x82 ./Project_Settings/Startup_Code/system_MKL26Z4.o
                              0x359bc (size before relaxing)
 .debug_str     0x00036039       0x60 ./Driver/rs232/rs232.o
                              0x3604b (size before relaxing)
 .debug_str     0x00036099      0x2a5 ./Driver/flash/flash_kinetis.o
                              0x362b4 (size before relaxing)

.comment        0x00000000       0x70
 .comment       0x00000000       0x70 ./Sources/bootloader.o
                                 0x71 (size before relaxing)
 .comment       0x00000000       0x71 ./Project_Settings/Startup_Code/system_MKL26Z4.o
 .comment       0x00000000       0x71 ./Driver/rs232/rs232.o
 .comment       0x00000000       0x71 ./Driver/flash/flash_kinetis.o

.debug_frame    0x00000000      0x2fc
 .debug_frame   0x00000000      0x100 ./Sources/bootloader.o
 .debug_frame   0x00000100       0x4c ./Project_Settings/Startup_Code/system_MKL26Z4.o
 .debug_frame   0x0000014c       0x70 ./Driver/rs232/rs232.o
 .debug_frame   0x000001bc       0xac ./Driver/flash/flash_kinetis.o
 .debug_frame   0x00000268       0x28 c:/freescale/kds_3.0.0/toolchain/bin/../lib/gcc/arm-none-eabi/4.8.4/../../../../arm-none-eabi/lib/armv6-m\libg_s.a(lib_a-exit.o)
 .debug_frame   0x00000290       0x2c c:/freescale/kds_3.0.0/toolchain/bin/../lib/gcc/arm-none-eabi/4.8.4/../../../../arm-none-eabi/lib/armv6-m\libg_s.a(lib_a-init.o)
 .debug_frame   0x000002bc       0x20 c:/freescale/kds_3.0.0/toolchain/bin/../lib/gcc/arm-none-eabi/4.8.4/../../../../arm-none-eabi/lib/armv6-m\libg_s.a(lib_a-memset.o)
 .debug_frame   0x000002dc       0x20 c:/freescale/kds_3.0.0/toolchain/bin/../lib/gcc/arm-none-eabi/4.8.4/../../../../arm-none-eabi/lib/armv6-m\libnosys.a(_exit.o)
