###############################################################################
#
# IAR ELF Linker V7.40.2.8542/W32 for ARM                 29/Dec/2015  16:38:52
# Copyright 2007-2015 IAR Systems AB.
#
#    Output file  =  
#        F:\Kbootloader\Bootloader and Application for K22\Bootloader Source
#        Code\bootloaderIAR1211\IAR\Debug\Exe\K22bootloader.out
#    Map file     =  
#        F:\Kbootloader\Bootloader and Application for K22\Bootloader Source
#        Code\bootloaderIAR1211\IAR\Debug\List\K22bootloader.map
#    Command line =  
#        "F:\Kbootloader\Bootloader and Application for K22\Bootloader Source
#        Code\bootloaderIAR1211\IAR\Debug\Obj\bootloader.o"
#        "F:\Kbootloader\Bootloader and Application for K22\Bootloader Source
#        Code\bootloaderIAR1211\IAR\Debug\Obj\flash_kinetis.o"
#        "F:\Kbootloader\Bootloader and Application for K22\Bootloader Source
#        Code\bootloaderIAR1211\IAR\Debug\Obj\rs232.o"
#        "F:\Kbootloader\Bootloader and Application for K22\Bootloader Source
#        Code\bootloaderIAR1211\IAR\Debug\Obj\startup_MK22F51212.o"
#        "F:\Kbootloader\Bootloader and Application for K22\Bootloader Source
#        Code\bootloaderIAR1211\IAR\Debug\Obj\system_MK22F51212.o" -o
#        "F:\Kbootloader\Bootloader and Application for K22\Bootloader Source
#        Code\bootloaderIAR1211\IAR\Debug\Exe\K22bootloader.out" --map
#        "F:\Kbootloader\Bootloader and Application for K22\Bootloader Source
#        Code\bootloaderIAR1211\IAR\Debug\List\K22bootloader.map" --config
#        "C:\Users\B55335\Desktop\github\Kinetis-Bootloader\Kbootloader\Bootloader
#        and Application for K22\Bootloader Source
#        Code\bootloaderIAR1211\MK22xX512_12.icf" --semihosting --entry
#        __iar_program_start --vfe
#
###############################################################################

*******************************************************************************
*** RUNTIME MODEL ATTRIBUTES
***

CppFlavor       = *
__SystemLibrary = DLib


*******************************************************************************
*** PLACEMENT SUMMARY
***

"A1":  place at 0x00000000 { ro section .intvec };
"P2":  place in [from 0x00000000 to 0x000003ff] |
                [from 0x00000410 to 0x0007ffff] |
                [from 0x10000000 to 0x1001ffff] { ro };
"P3":  place in [from 0x1fff0000 to 0x1fffffff] |
                [from 0x20000000 to 0x2000fff7] { rw, block CSTACK, block HEAP };

  Section          Kind        Address    Size  Object
  -------          ----        -------    ----  ------
"A1":                                    0x410
  .intvec          ro code  0x00000000   0x410  startup_MK22F51212.o [1]
                          - 0x00000410   0x410

"P2":                                    0xa58
  .text            ro code  0x00000410   0x798  bootloader.o [1]
  .text            ro code  0x00000ba8    0x7c  rs232.o [1]
  .text            ro code  0x00000c24    0xd0  flash_kinetis.o [1]
  .text            ro code  0x00000cf4    0x50  system_MK22F51212.o [1]
  .rodata          const    0x00000d44    0x2c  bootloader.o [1]
  .text            ro code  0x00000d70    0x28  data_init.o [5]
  .text            ro code  0x00000d98    0x22  fpinit_M.o [4]
  .text            ro code  0x00000dba    0x22  zero_init3.o [5]
  .iar.init_table  const    0x00000ddc    0x10  - Linker created -
  .text            ro code  0x00000dec    0x1a  cmain.o [5]
  .text            ro code  0x00000e06     0x4  low_level_init.o [3]
  .text            ro code  0x00000e0a     0x4  exit.o [3]
  .text            ro code  0x00000e0e     0x2  startup_MK22F51212.o [1]
  .text            ro code  0x00000e10     0xa  cexit.o [5]
  .text            ro code  0x00000e1a     0x2  startup_MK22F51212.o [1]
  .text            ro code  0x00000e1c    0x14  exit.o [6]
  .text            ro code  0x00000e30    0x14  startup_MK22F51212.o [1]
  .text            ro code  0x00000e44     0xc  cstartup_M.o [5]
  .rodata          const    0x00000e50     0x8  bootloader.o [1]
  .text            ro code  0x00000e58     0x2  startup_MK22F51212.o [1]
  .text            ro code  0x00000e5a     0x2  startup_MK22F51212.o [1]
  .text            ro code  0x00000e5c     0x2  startup_MK22F51212.o [1]
  .text            ro code  0x00000e5e     0x2  startup_MK22F51212.o [1]
  .text            ro code  0x00000e60     0x2  startup_MK22F51212.o [1]
  .text            ro code  0x00000e62     0x2  startup_MK22F51212.o [1]
  .text            ro code  0x00000e64     0x2  startup_MK22F51212.o [1]
  .text            ro code  0x00000e66     0x2  startup_MK22F51212.o [1]
  .rodata          const    0x00000e68     0x0  zero_init3.o [5]
                          - 0x00000e68   0xa58

"P3":                                   0x2170
  .bss             zero     0x1fff0000    0xc8  flash_kinetis.o [1]
  .bss             zero     0x1fff00c8    0x98  bootloader.o [1]
  .bss             zero     0x1fff0160     0xc  flash_kinetis.o [1]
  .bss             zero     0x1fff016c     0x4  bootloader.o [1]
  CSTACK                    0x1fff0170  0x2000  <Block>
    CSTACK         uninit   0x1fff0170  0x2000  <Block tail>
                          - 0x1fff2170  0x2170


*******************************************************************************
*** INIT TABLE
***

          Address     Size
          -------     ----
Zero (__iar_zero_init3)
    1 destination range, total size 0x170:
          0x1fff0000  0x170



*******************************************************************************
*** MODULE SUMMARY
***

    Module                ro code  ro data  rw data
    ------                -------  -------  -------
F:\Kbootloader\Bootloader and Application for K22\Bootloader Source Code\bootloaderIAR1211\IAR\Debug\Obj: [1]
    bootloader.o            1 944       52      156
    flash_kinetis.o           208               212
    rs232.o                   124
    startup_MK22F51212.o    1 080
    system_MK22F51212.o        80
    -----------------------------------------------
    Total:                  3 436       52      368

command line: [2]
    -----------------------------------------------
    Total:

dl7M_tln.a: [3]
    exit.o                      4
    low_level_init.o            4
    -----------------------------------------------
    Total:                      8

m7M_tls.a: [4]
    fpinit_M.o                 34
    -----------------------------------------------
    Total:                     34

rt7M_tl.a: [5]
    cexit.o                    10
    cmain.o                    26
    cstartup_M.o               12
    data_init.o                40
    zero_init3.o               34
    -----------------------------------------------
    Total:                    122

shb_l.a: [6]
    exit.o                     20
    -----------------------------------------------
    Total:                     20

    Linker created                      16    8 192
---------------------------------------------------
    Grand Total:            3 620       68    8 560


*******************************************************************************
*** ENTRY LIST
***

Entry                      Address   Size  Type      Object
-----                      -------   ----  ----      ------
.iar.init_table$$Base   0x00000ddc          --   Gb  - Linker created -
.iar.init_table$$Limit  0x00000dec          --   Gb  - Linker created -
?main                   0x00000ded         Code  Gb  cmain.o [5]
Boot_Button_Init        0x00000433   0x1c  Code  Gb  bootloader.o [1]
Boot_Init_Clock         0x000004ff  0x128  Code  Gb  bootloader.o [1]
Boot_ReadAddress        0x000004a1   0x2e  Code  Lc  bootloader.o [1]
Boot_Send               0x000004cf   0x30  Code  Gb  bootloader.o [1]
Boot_StrCompare         0x00000465   0x24  Code  Gb  bootloader.o [1]
CSTACK$$Base            0x1fff0170          --   Gb  - Linker created -
CSTACK$$Limit           0x1fff2170          --   Gb  - Linker created -
CommandObj              0x1fff0160    0xc  Data  Gb  flash_kinetis.o [1]
FLASH_EraseSector       0x00000c81   0x14  Code  Gb  flash_kinetis.o [1]
FLASH_FlashCommandSequenceStart
                        0x00000c95   0x4a  Code  Gb  flash_kinetis.o [1]
FLASH_Initialization    0x00000c25   0x1a  Code  Gb  flash_kinetis.o [1]
FLASH_ProgramLongWord   0x00000c3f   0x18  Code  Gb  flash_kinetis.o [1]
FLASH_ProgramSectionByLongs
                        0x00000c57   0x2a  Code  Gb  flash_kinetis.o [1]
JumpToUserApplication   0x0000048d   0x14  Code  Gb  bootloader.o [1]
MCU_Identification      0x00000d44   0x2c  Data  Gb  bootloader.o [1]
NVIC_SystemReset        0x00000411   0x22  Code  Lc  bootloader.o [1]
Region$$Table$$Base     0x00000ddc          --   Gb  - Linker created -
Region$$Table$$Limit    0x00000dec          --   Gb  - Linker created -
SystemInit              0x00000cf5   0x38  Code  Gb  system_MK22F51212.o [1]
UART_GetChar            0x00000be1   0x28  Code  Gb  rs232.o [1]
UART_Initialization     0x00000ba9   0x2a  Code  Gb  rs232.o [1]
UART_PutChar            0x00000bd3    0xe  Code  Gb  rs232.o [1]
WDG_Refresh             0x0000044f   0x16  Code  Gb  bootloader.o [1]
__Vectors               0x00000000          --   Gb  startup_MK22F51212.o [1]
__Vectors_End           0x00000400         Data  Gb  startup_MK22F51212.o [1]
__Vectors_Size {Abs}    0x00000400          --   Gb  startup_MK22F51212.o [1]
__cmain                 0x00000ded         Code  Gb  cmain.o [5]
__exit                  0x00000e1d   0x14  Code  Gb  exit.o [6]
__iar_data_init3        0x00000d71   0x28  Code  Gb  data_init.o [5]
__iar_init_vfp          0x00000d99         Code  Gb  fpinit_M.o [4]
__iar_program_start     0x00000e45         Code  Gb  cstartup_M.o [5]
__iar_zero_init3        0x00000dbb   0x22  Code  Gb  zero_init3.o [5]
__low_level_init        0x00000e07    0x4  Code  Gb  low_level_init.o [3]
__vector_table          0x00000000         Data  Gb  startup_MK22F51212.o [1]
__vector_table_0x1c     0x0000001c         Data  Gb  startup_MK22F51212.o [1]
_call_main              0x00000df9         Code  Gb  cmain.o [5]
_exit                   0x00000e11         Code  Gb  cexit.o [5]
_main                   0x00000e03         Code  Gb  cmain.o [5]
address                 0x1fff016c    0x4  Data  Gb  bootloader.o [1]
buffer                  0x1fff0000   0xc8  Data  Gb  flash_kinetis.o [1]
exit                    0x00000e0b    0x4  Code  Gb  exit.o [3]
main                    0x00000629  0x4fc  Code  Gb  bootloader.o [1]
sci_buffer              0x1fff00c8   0x98  Data  Gb  bootloader.o [1]
str_app_ok              0x00000e50    0x8  Data  Gb  bootloader.o [1]


[1] = F:\Kbootloader\Bootloader and Application for K22\Bootloader Source Code\bootloaderIAR1211\IAR\Debug\Obj
[2] = command line
[3] = dl7M_tln.a
[4] = m7M_tls.a
[5] = rt7M_tl.a
[6] = shb_l.a

  3 620 bytes of readonly  code memory
     68 bytes of readonly  data memory
  8 560 bytes of readwrite data memory

Errors: none
Warnings: none
