Component: ARM Compiler 5.05 update 2 (build 169) Tool: armlink [4d0f33]

==============================================================================

Section Cross References

    flash_kinetis.o(i.FLASH_EraseSector) refers to flash_kinetis.o(i.FLASH_FlashCommandSequenceStart) for FLASH_FlashCommandSequenceStart
    flash_kinetis.o(i.FLASH_EraseSector) refers to flash_kinetis.o(.bss) for CommandObj
    flash_kinetis.o(i.FLASH_FlashCommandSequenceStart) refers to flash_kinetis.o(.bss) for CommandObj
    flash_kinetis.o(i.FLASH_FlashCommandSequenceStart) refers to flash_kinetis.o(.data) for flash_state
    flash_kinetis.o(i.FLASH_ProgramLongWord) refers to flash_kinetis.o(i.FLASH_FlashCommandSequenceStart) for FLASH_FlashCommandSequenceStart
    flash_kinetis.o(i.FLASH_ProgramLongWord) refers to flash_kinetis.o(.bss) for CommandObj
    flash_kinetis.o(i.FLASH_ProgramSectionByLongs) refers to flash_kinetis.o(i.FLASH_ProgramLongWord) for FLASH_ProgramLongWord
    rs232.o(i.UART_Initialization) refers to rs232.o(i.UART_GetChar) for UART_GetChar
    bootloader.o(i.Boot_ReadAddress) refers to bootloader.o(.data) for address
    bootloader.o(i.Boot_ReadAddress) refers to bootloader.o(.bss) for sci_buffer
    bootloader.o(i.Boot_Send) refers to rs232.o(i.UART_PutChar) for UART_PutChar
    bootloader.o(i.main) refers to bootloader.o(i.Boot_Button_Init) for Boot_Button_Init
    bootloader.o(i.main) refers to bootloader.o(i.Boot_StrCompare) for Boot_StrCompare
    bootloader.o(i.main) refers to rs232.o(i.UART_Initialization) for UART_Initialization
    bootloader.o(i.main) refers to flash_kinetis.o(i.FLASH_Initialization) for FLASH_Initialization
    bootloader.o(i.main) refers to rs232.o(i.UART_GetChar) for UART_GetChar
    bootloader.o(i.main) refers to bootloader.o(i.Boot_Send) for Boot_Send
    bootloader.o(i.main) refers to flash_kinetis.o(i.FLASH_EraseSector) for FLASH_EraseSector
    bootloader.o(i.main) refers to bootloader.o(i.Boot_ReadAddress) for Boot_ReadAddress
    bootloader.o(i.main) refers to flash_kinetis.o(i.FLASH_ProgramSectionByLongs) for FLASH_ProgramSectionByLongs
    bootloader.o(i.main) refers to bootloader.o(i.Boot_Cpu_SystemReset) for Boot_Cpu_SystemReset
    bootloader.o(i.main) refers to bootloader_asm.o(.text) for JumpToUserApplication
    bootloader.o(i.main) refers to bootloader.o(.constdata) for str_app_ok
    bootloader.o(i.main) refers to bootloader.o(.bss) for sci_buffer
    bootloader.o(i.main) refers to bootloader.o(.data) for address
    startup_mkl26z4.o(RESET) refers to startup_mkl26z4.o(STACK) for __initial_sp
    startup_mkl26z4.o(RESET) refers to startup_mkl26z4.o(.text) for Reset_Handler
    startup_mkl26z4.o(.text) refers to system_mkl26z4.o(i.SystemInit) for SystemInit
    startup_mkl26z4.o(.text) refers to entry.o(.ARM.Collect$$$$00000000) for __main
    system_mkl26z4.o(i.SystemCoreClockUpdate) refers to uidiv.o(.text) for __aeabi_uidivmod
    system_mkl26z4.o(i.SystemCoreClockUpdate) refers to system_mkl26z4.o(i.__ARM_common_switch8) for __ARM_common_switch8
    system_mkl26z4.o(i.SystemCoreClockUpdate) refers to system_mkl26z4.o(.data) for SystemCoreClock
    entry.o(.ARM.Collect$$$$00000000) refers (Special) to entry10a.o(.ARM.Collect$$$$0000000D) for __rt_final_cpp
    entry.o(.ARM.Collect$$$$00000000) refers (Special) to entry11a.o(.ARM.Collect$$$$0000000F) for __rt_final_exit
    entry.o(.ARM.Collect$$$$00000000) refers (Special) to entry7b.o(.ARM.Collect$$$$00000008) for _main_clock
    entry.o(.ARM.Collect$$$$00000000) refers (Special) to entry8b.o(.ARM.Collect$$$$0000000A) for _main_cpp_init
    entry.o(.ARM.Collect$$$$00000000) refers (Special) to entry9a.o(.ARM.Collect$$$$0000000B) for _main_init
    entry.o(.ARM.Collect$$$$00000000) refers (Special) to entry5.o(.ARM.Collect$$$$00000004) for _main_scatterload
    entry.o(.ARM.Collect$$$$00000000) refers (Special) to entry2.o(.ARM.Collect$$$$00000001) for _main_stk
    entry2.o(.ARM.Collect$$$$00000001) refers to entry2.o(.ARM.Collect$$$$00002712) for __lit__00000000
    entry2.o(.ARM.Collect$$$$00002712) refers to startup_mkl26z4.o(STACK) for __initial_sp
    entry2.o(__vectab_stack_and_reset_area) refers to startup_mkl26z4.o(STACK) for __initial_sp
    entry2.o(__vectab_stack_and_reset_area) refers to entry.o(.ARM.Collect$$$$00000000) for __main
    entry5.o(.ARM.Collect$$$$00000004) refers to init.o(.text) for __scatterload
    entry9a.o(.ARM.Collect$$$$0000000B) refers to bootloader.o(i.main) for main
    entry9b.o(.ARM.Collect$$$$0000000C) refers to bootloader.o(i.main) for main
    init.o(.text) refers to entry5.o(.ARM.Collect$$$$00000004) for __main_after_scatterload


==============================================================================

Removing Unused input sections from the image.

    Removing flash_kinetis.o(.rev16_text), (4 bytes).
    Removing flash_kinetis.o(.revsh_text), (4 bytes).
    Removing rs232.o(.rev16_text), (4 bytes).
    Removing rs232.o(.revsh_text), (4 bytes).
    Removing bootloader.o(.rev16_text), (4 bytes).
    Removing bootloader.o(.revsh_text), (4 bytes).
    Removing bootloader.o(i.Boot_Init_Clock), (304 bytes).
    Removing startup_mkl26z4.o(HEAP), (1024 bytes).
    Removing system_mkl26z4.o(.rev16_text), (4 bytes).
    Removing system_mkl26z4.o(.revsh_text), (4 bytes).
    Removing system_mkl26z4.o(i.SystemCoreClockUpdate), (400 bytes).
    Removing system_mkl26z4.o(.data), (4 bytes).
    Removing system_mkl26z4.o(i.__ARM_common_switch8), (28 bytes).

13 unused section(s) (total 1792 bytes) removed from the image.

==============================================================================

Image Symbol Table

    Local Symbols

    Symbol Name                              Value     Ov Type        Size  Object(Section)

    RESET                                    0x00000000   Section      192  startup_mkl26z4.o(RESET)
    ../clib/microlib/division.c              0x00000000   Number         0  uidiv.o ABSOLUTE
    ../clib/microlib/init/entry.s            0x00000000   Number         0  entry8b.o ABSOLUTE
    ../clib/microlib/init/entry.s            0x00000000   Number         0  entry8a.o ABSOLUTE
    ../clib/microlib/init/entry.s            0x00000000   Number         0  entry7b.o ABSOLUTE
    ../clib/microlib/init/entry.s            0x00000000   Number         0  entry2.o ABSOLUTE
    ../clib/microlib/init/entry.s            0x00000000   Number         0  entry7a.o ABSOLUTE
    ../clib/microlib/init/entry.s            0x00000000   Number         0  entry11a.o ABSOLUTE
    ../clib/microlib/init/entry.s            0x00000000   Number         0  entry5.o ABSOLUTE
    ../clib/microlib/init/entry.s            0x00000000   Number         0  entry.o ABSOLUTE
    ../clib/microlib/init/entry.s            0x00000000   Number         0  entry11b.o ABSOLUTE
    ../clib/microlib/init/entry.s            0x00000000   Number         0  entry10b.o ABSOLUTE
    ../clib/microlib/init/entry.s            0x00000000   Number         0  entry10a.o ABSOLUTE
    ../clib/microlib/init/entry.s            0x00000000   Number         0  entry9b.o ABSOLUTE
    ../clib/microlib/init/entry.s            0x00000000   Number         0  entry9a.o ABSOLUTE
    ..\Common\bootloader_asm.s               0x00000000   Number         0  bootloader_asm.o ABSOLUTE
    ..\Driver\flash\flash_kinetis.c          0x00000000   Number         0  flash_kinetis.o ABSOLUTE
    ..\Driver\rs232\rs232.c                  0x00000000   Number         0  rs232.o ABSOLUTE
    ..\Sources\bootloader.c                  0x00000000   Number         0  bootloader.o ABSOLUTE
    ..\Startup_Code\startup_MKL26Z4.S        0x00000000   Number         0  startup_mkl26z4.o ABSOLUTE
    ..\Startup_Code\system_MKL26Z4.c         0x00000000   Number         0  system_mkl26z4.o ABSOLUTE
    ..\\Driver\\flash\\flash_kinetis.c       0x00000000   Number         0  flash_kinetis.o ABSOLUTE
    ..\\Driver\\rs232\\rs232.c               0x00000000   Number         0  rs232.o ABSOLUTE
    ..\\Sources\\bootloader.c                0x00000000   Number         0  bootloader.o ABSOLUTE
    ..\\Startup_Code\\system_MKL26Z4.c       0x00000000   Number         0  system_mkl26z4.o ABSOLUTE
    dc.s                                     0x00000000   Number         0  dc.o ABSOLUTE
    handlers.s                               0x00000000   Number         0  handlers.o ABSOLUTE
    init.s                                   0x00000000   Number         0  init.o ABSOLUTE
    .ARM.Collect$$$$00000000                 0x000000c0   Section        0  entry.o(.ARM.Collect$$$$00000000)
    .ARM.Collect$$$$00000001                 0x000000c0   Section        4  entry2.o(.ARM.Collect$$$$00000001)
    .ARM.Collect$$$$00000004                 0x000000c4   Section        4  entry5.o(.ARM.Collect$$$$00000004)
    .ARM.Collect$$$$00000008                 0x000000c8   Section        0  entry7b.o(.ARM.Collect$$$$00000008)
    .ARM.Collect$$$$0000000A                 0x000000c8   Section        0  entry8b.o(.ARM.Collect$$$$0000000A)
    .ARM.Collect$$$$0000000B                 0x000000c8   Section        8  entry9a.o(.ARM.Collect$$$$0000000B)
    .ARM.Collect$$$$0000000D                 0x000000d0   Section        0  entry10a.o(.ARM.Collect$$$$0000000D)
    .ARM.Collect$$$$0000000F                 0x000000d0   Section        0  entry11a.o(.ARM.Collect$$$$0000000F)
    .ARM.Collect$$$$00002712                 0x000000d0   Section        4  entry2.o(.ARM.Collect$$$$00002712)
    __lit__00000000                          0x000000d0   Data           4  entry2.o(.ARM.Collect$$$$00002712)
    .text                                    0x000000d4   Section       10  bootloader_asm.o(.text)
    .text                                    0x000000e0   Section       28  startup_mkl26z4.o(.text)
    .text                                    0x000000fc   Section       36  init.o(.text)
    i.Boot_Button_Init                       0x00000120   Section        0  bootloader.o(i.Boot_Button_Init)
    i.Boot_Cpu_SystemReset                   0x00000140   Section        0  bootloader.o(i.Boot_Cpu_SystemReset)
    i.Boot_ReadAddress                       0x00000160   Section        0  bootloader.o(i.Boot_ReadAddress)
    Boot_ReadAddress                         0x00000161   Thumb Code    26  bootloader.o(i.Boot_ReadAddress)
    i.Boot_Send                              0x00000184   Section        0  bootloader.o(i.Boot_Send)
    i.Boot_StrCompare                        0x000001b2   Section        0  bootloader.o(i.Boot_StrCompare)
    i.FLASH_EraseSector                      0x000001d4   Section        0  flash_kinetis.o(i.FLASH_EraseSector)
    i.FLASH_FlashCommandSequenceStart        0x000001f0   Section        0  flash_kinetis.o(i.FLASH_FlashCommandSequenceStart)
    i.FLASH_Initialization                   0x00000264   Section        0  flash_kinetis.o(i.FLASH_Initialization)
    i.FLASH_ProgramLongWord                  0x00000278   Section        0  flash_kinetis.o(i.FLASH_ProgramLongWord)
    i.FLASH_ProgramSectionByLongs            0x00000298   Section        0  flash_kinetis.o(i.FLASH_ProgramSectionByLongs)
    i.SystemInit                             0x000002c0   Section        0  system_mkl26z4.o(i.SystemInit)
    i.UART_GetChar                           0x000002e8   Section        0  rs232.o(i.UART_GetChar)
    i.UART_Initialization                    0x00000318   Section        0  rs232.o(i.UART_Initialization)
    i.UART_PutChar                           0x00000344   Section        0  rs232.o(i.UART_PutChar)
    i.__scatterload_copy                     0x0000035c   Section       14  handlers.o(i.__scatterload_copy)
    i.__scatterload_null                     0x0000036a   Section        2  handlers.o(i.__scatterload_null)
    i.__scatterload_zeroinit                 0x0000036c   Section       14  handlers.o(i.__scatterload_zeroinit)
    .cfmconfig                               0x0000037c   Section       16  bootloader.o(.cfmconfig)
    __tagsym$$used                           0x0000037c   Number         0  bootloader.o(.cfmconfig)
    .constdata                               0x0000038c   Section       28  bootloader.o(.constdata)
    .ARM.__at_0x400                          0x00000400   Section       16  startup_mkl26z4.o(.ARM.__at_0x400)
    i.main                                   0x00000410   Section        0  bootloader.o(i.main)
    .data                                    0x20000000   Section        4  flash_kinetis.o(.data)
    .data                                    0x20000004   Section        4  bootloader.o(.data)
    .bss                                     0x20000008   Section       12  flash_kinetis.o(.bss)
    .bss                                     0x20000014   Section       80  bootloader.o(.bss)
    STACK                                    0x20000068   Section     1024  startup_mkl26z4.o(STACK)

    Global Symbols

    Symbol Name                              Value     Ov Type        Size  Object(Section)

    BuildAttributes$$THM_ISAv3M$S$PE$A:L22$X:L11$S22$IEEE1$IW$USESV6$~STKCKD$USESV7$~SHL$OSPACE$EBA8$MICROLIB$REQ8$PRES8$EABIv2 0x00000000   Number         0  anon$$obj.o ABSOLUTE
    __ARM_use_no_argv                        0x00000000   Number         0  bootloader.o ABSOLUTE
    __Vectors                                0x00000000   Data           4  startup_mkl26z4.o(RESET)
    __cpp_initialize__aeabi_                  - Undefined Weak Reference
    __cxa_finalize                            - Undefined Weak Reference
    __decompress                              - Undefined Weak Reference
    _clock_init                               - Undefined Weak Reference
    _microlib_exit                            - Undefined Weak Reference
    __Vectors_End                            0x000000c0   Data           0  startup_mkl26z4.o(RESET)
    __Vectors_Size                           0x000000c0   Number         0  startup_mkl26z4.o ABSOLUTE
    __main                                   0x000000c1   Thumb Code     0  entry.o(.ARM.Collect$$$$00000000)
    _main_stk                                0x000000c1   Thumb Code     0  entry2.o(.ARM.Collect$$$$00000001)
    _main_scatterload                        0x000000c5   Thumb Code     0  entry5.o(.ARM.Collect$$$$00000004)
    __main_after_scatterload                 0x000000c9   Thumb Code     0  entry5.o(.ARM.Collect$$$$00000004)
    _main_clock                              0x000000c9   Thumb Code     0  entry7b.o(.ARM.Collect$$$$00000008)
    _main_cpp_init                           0x000000c9   Thumb Code     0  entry8b.o(.ARM.Collect$$$$0000000A)
    _main_init                               0x000000c9   Thumb Code     0  entry9a.o(.ARM.Collect$$$$0000000B)
    __rt_final_cpp                           0x000000d1   Thumb Code     0  entry10a.o(.ARM.Collect$$$$0000000D)
    __rt_final_exit                          0x000000d1   Thumb Code     0  entry11a.o(.ARM.Collect$$$$0000000F)
    JumpToUserApplication                    0x000000d5   Thumb Code     0  bootloader_asm.o(.text)
    Reset_Handler                            0x000000e1   Thumb Code     8  startup_mkl26z4.o(.text)
    NMI_Handler                              0x000000e9   Thumb Code     2  startup_mkl26z4.o(.text)
    HardFault_Handler                        0x000000eb   Thumb Code     2  startup_mkl26z4.o(.text)
    SVC_Handler                              0x000000ed   Thumb Code     2  startup_mkl26z4.o(.text)
    PendSV_Handler                           0x000000ef   Thumb Code     2  startup_mkl26z4.o(.text)
    SysTick_Handler                          0x000000f1   Thumb Code     2  startup_mkl26z4.o(.text)
    ADC0_IRQHandler                          0x000000f3   Thumb Code     0  startup_mkl26z4.o(.text)
    CMP0_IRQHandler                          0x000000f3   Thumb Code     0  startup_mkl26z4.o(.text)
    DAC0_IRQHandler                          0x000000f3   Thumb Code     0  startup_mkl26z4.o(.text)
    DMA0_IRQHandler                          0x000000f3   Thumb Code     0  startup_mkl26z4.o(.text)
    DMA1_IRQHandler                          0x000000f3   Thumb Code     0  startup_mkl26z4.o(.text)
    DMA2_IRQHandler                          0x000000f3   Thumb Code     0  startup_mkl26z4.o(.text)
    DMA3_IRQHandler                          0x000000f3   Thumb Code     0  startup_mkl26z4.o(.text)
    DefaultISR                               0x000000f3   Thumb Code     0  startup_mkl26z4.o(.text)
    FTFA_IRQHandler                          0x000000f3   Thumb Code     0  startup_mkl26z4.o(.text)
    I2C0_IRQHandler                          0x000000f3   Thumb Code     0  startup_mkl26z4.o(.text)
    I2C1_IRQHandler                          0x000000f3   Thumb Code     0  startup_mkl26z4.o(.text)
    I2S0_IRQHandler                          0x000000f3   Thumb Code     0  startup_mkl26z4.o(.text)
    LLW_IRQHandler                           0x000000f3   Thumb Code     0  startup_mkl26z4.o(.text)
    LPTimer_IRQHandler                       0x000000f3   Thumb Code     0  startup_mkl26z4.o(.text)
    LVD_LVW_IRQHandler                       0x000000f3   Thumb Code     0  startup_mkl26z4.o(.text)
    MCG_IRQHandler                           0x000000f3   Thumb Code     0  startup_mkl26z4.o(.text)
    PIT_IRQHandler                           0x000000f3   Thumb Code     0  startup_mkl26z4.o(.text)
    PORTA_IRQHandler                         0x000000f3   Thumb Code     0  startup_mkl26z4.o(.text)
    PORTC_PORTD_IRQHandler                   0x000000f3   Thumb Code     0  startup_mkl26z4.o(.text)
    RTC_IRQHandler                           0x000000f3   Thumb Code     0  startup_mkl26z4.o(.text)
    RTC_Seconds_IRQHandler                   0x000000f3   Thumb Code     0  startup_mkl26z4.o(.text)
    Reserved20_IRQHandler                    0x000000f3   Thumb Code     0  startup_mkl26z4.o(.text)
    Reserved45_IRQHandler                    0x000000f3   Thumb Code     0  startup_mkl26z4.o(.text)
    SPI0_IRQHandler                          0x000000f3   Thumb Code     0  startup_mkl26z4.o(.text)
    SPI1_IRQHandler                          0x000000f3   Thumb Code     0  startup_mkl26z4.o(.text)
    TPM0_IRQHandler                          0x000000f3   Thumb Code     0  startup_mkl26z4.o(.text)
    TPM1_IRQHandler                          0x000000f3   Thumb Code     0  startup_mkl26z4.o(.text)
    TPM2_IRQHandler                          0x000000f3   Thumb Code     0  startup_mkl26z4.o(.text)
    TSI0_IRQHandler                          0x000000f3   Thumb Code     0  startup_mkl26z4.o(.text)
    UART0_IRQHandler                         0x000000f3   Thumb Code     0  startup_mkl26z4.o(.text)
    UART1_IRQHandler                         0x000000f3   Thumb Code     0  startup_mkl26z4.o(.text)
    UART2_IRQHandler                         0x000000f3   Thumb Code     0  startup_mkl26z4.o(.text)
    USB0_IRQHandler                          0x000000f3   Thumb Code     0  startup_mkl26z4.o(.text)
    __scatterload                            0x000000fd   Thumb Code    28  init.o(.text)
    __scatterload_rt2                        0x000000fd   Thumb Code     0  init.o(.text)
    Boot_Button_Init                         0x00000121   Thumb Code    22  bootloader.o(i.Boot_Button_Init)
    Boot_Cpu_SystemReset                     0x00000141   Thumb Code    20  bootloader.o(i.Boot_Cpu_SystemReset)
    Boot_Send                                0x00000185   Thumb Code    46  bootloader.o(i.Boot_Send)
    Boot_StrCompare                          0x000001b3   Thumb Code    34  bootloader.o(i.Boot_StrCompare)
    FLASH_EraseSector                        0x000001d5   Thumb Code    22  flash_kinetis.o(i.FLASH_EraseSector)
    FLASH_FlashCommandSequenceStart          0x000001f1   Thumb Code   104  flash_kinetis.o(i.FLASH_FlashCommandSequenceStart)
    FLASH_Initialization                     0x00000265   Thumb Code    16  flash_kinetis.o(i.FLASH_Initialization)
    FLASH_ProgramLongWord                    0x00000279   Thumb Code    28  flash_kinetis.o(i.FLASH_ProgramLongWord)
    FLASH_ProgramSectionByLongs              0x00000299   Thumb Code    40  flash_kinetis.o(i.FLASH_ProgramSectionByLongs)
    SystemInit                               0x000002c1   Thumb Code    30  system_mkl26z4.o(i.SystemInit)
    UART_GetChar                             0x000002e9   Thumb Code    40  rs232.o(i.UART_GetChar)
    UART_Initialization                      0x00000319   Thumb Code    38  rs232.o(i.UART_Initialization)
    UART_PutChar                             0x00000345   Thumb Code    20  rs232.o(i.UART_PutChar)
    __scatterload_copy                       0x0000035d   Thumb Code    14  handlers.o(i.__scatterload_copy)
    __scatterload_null                       0x0000036b   Thumb Code     2  handlers.o(i.__scatterload_null)
    __scatterload_zeroinit                   0x0000036d   Thumb Code    14  handlers.o(i.__scatterload_zeroinit)
    Config                                   0x0000037c   Data          16  bootloader.o(.cfmconfig)
    str_app_ok                               0x0000038c   Data           8  bootloader.o(.constdata)
    Identifier                               0x00000394   Data          20  bootloader.o(.constdata)
    Region$$Table$$Base                      0x000003a8   Number         0  anon$$obj.o(Region$$Table)
    Region$$Table$$Limit                     0x000003c8   Number         0  anon$$obj.o(Region$$Table)
    main                                     0x00000411   Thumb Code   858  bootloader.o(i.main)
    flash_state                              0x20000000   Data           4  flash_kinetis.o(.data)
    address                                  0x20000004   Data           4  bootloader.o(.data)
    CommandObj                               0x20000008   Data          12  flash_kinetis.o(.bss)
    sci_buffer                               0x20000014   Data          80  bootloader.o(.bss)
    __initial_sp                             0x20000468   Data           0  startup_mkl26z4.o(STACK)



==============================================================================

Memory Map of the image

  Image Entry point : 0x000000c1

  Load Region LR_IROM1 (Base: 0x00000000, Size: 0x000007ac, Max: 0x00020000, ABSOLUTE)

    Execution Region ER_IROM1 (Base: 0x00000000, Size: 0x000007a4, Max: 0x00020000, ABSOLUTE)

    Base Addr    Size         Type   Attr      Idx    E Section Name        Object

    0x00000000   0x000000c0   Data   RO          181    RESET               startup_mkl26z4.o
    0x000000c0   0x00000000   Code   RO          223  * .ARM.Collect$$$$00000000  mc_p.l(entry.o)
    0x000000c0   0x00000004   Code   RO          228    .ARM.Collect$$$$00000001  mc_p.l(entry2.o)
    0x000000c4   0x00000004   Code   RO          231    .ARM.Collect$$$$00000004  mc_p.l(entry5.o)
    0x000000c8   0x00000000   Code   RO          233    .ARM.Collect$$$$00000008  mc_p.l(entry7b.o)
    0x000000c8   0x00000000   Code   RO          235    .ARM.Collect$$$$0000000A  mc_p.l(entry8b.o)
    0x000000c8   0x00000008   Code   RO          236    .ARM.Collect$$$$0000000B  mc_p.l(entry9a.o)
    0x000000d0   0x00000000   Code   RO          238    .ARM.Collect$$$$0000000D  mc_p.l(entry10a.o)
    0x000000d0   0x00000000   Code   RO          240    .ARM.Collect$$$$0000000F  mc_p.l(entry11a.o)
    0x000000d0   0x00000004   Code   RO          229    .ARM.Collect$$$$00002712  mc_p.l(entry2.o)
    0x000000d4   0x0000000a   Code   RO            1    .text               bootloader_asm.o
    0x000000de   0x00000002   PAD
    0x000000e0   0x0000001c   Code   RO          183    .text               startup_mkl26z4.o
    0x000000fc   0x00000024   Code   RO          242    .text               mc_p.l(init.o)
    0x00000120   0x00000020   Code   RO          120    i.Boot_Button_Init  bootloader.o
    0x00000140   0x00000020   Code   RO          121    i.Boot_Cpu_SystemReset  bootloader.o
    0x00000160   0x00000024   Code   RO          123    i.Boot_ReadAddress  bootloader.o
    0x00000184   0x0000002e   Code   RO          124    i.Boot_Send         bootloader.o
    0x000001b2   0x00000022   Code   RO          125    i.Boot_StrCompare   bootloader.o
    0x000001d4   0x0000001c   Code   RO            8    i.FLASH_EraseSector  flash_kinetis.o
    0x000001f0   0x00000074   Code   RO            9    i.FLASH_FlashCommandSequenceStart  flash_kinetis.o
    0x00000264   0x00000014   Code   RO           10    i.FLASH_Initialization  flash_kinetis.o
    0x00000278   0x00000020   Code   RO           11    i.FLASH_ProgramLongWord  flash_kinetis.o
    0x00000298   0x00000028   Code   RO           12    i.FLASH_ProgramSectionByLongs  flash_kinetis.o
    0x000002c0   0x00000028   Code   RO          192    i.SystemInit        system_mkl26z4.o
    0x000002e8   0x00000030   Code   RO           85    i.UART_GetChar      rs232.o
    0x00000318   0x0000002c   Code   RO           86    i.UART_Initialization  rs232.o
    0x00000344   0x00000018   Code   RO           87    i.UART_PutChar      rs232.o
    0x0000035c   0x0000000e   Code   RO          246    i.__scatterload_copy  mc_p.l(handlers.o)
    0x0000036a   0x00000002   Code   RO          247    i.__scatterload_null  mc_p.l(handlers.o)
    0x0000036c   0x0000000e   Code   RO          248    i.__scatterload_zeroinit  mc_p.l(handlers.o)
    0x0000037a   0x00000002   PAD
    0x0000037c   0x00000010   Data   RO          128    .cfmconfig          bootloader.o
    0x0000038c   0x0000001c   Data   RO          129    .constdata          bootloader.o
    0x000003a8   0x00000020   Data   RO          244    Region$$Table       anon$$obj.o
    0x000003c8   0x00000038   PAD
    0x00000400   0x00000010   Code   RO          182    .ARM.__at_0x400     startup_mkl26z4.o
    0x00000410   0x00000394   Code   RO          126    i.main              bootloader.o


    Execution Region RW_IRAM1 (Base: 0x1ffff000, Size: 0x00000000, Max: 0x00001000, ABSOLUTE)

    **** No section assigned to this execution region ****


    Execution Region RW_IRAM2 (Base: 0x20000000, Size: 0x00000468, Max: 0x00002ff8, ABSOLUTE)

    Base Addr    Size         Type   Attr      Idx    E Section Name        Object

    0x20000000   0x00000004   Data   RW           14    .data               flash_kinetis.o
    0x20000004   0x00000004   Data   RW          130    .data               bootloader.o
    0x20000008   0x0000000c   Zero   RW           13    .bss                flash_kinetis.o
    0x20000014   0x00000050   Zero   RW          127    .bss                bootloader.o
    0x20000064   0x00000004   PAD
    0x20000068   0x00000400   Zero   RW          179    STACK               startup_mkl26z4.o


==============================================================================

Image component sizes


      Code (inc. data)   RO Data    RW Data    ZI Data      Debug   Object Name

      1096         90         44          4         80       5017   bootloader.o
        10          0          0          0          0        296   bootloader_asm.o
       236         26          0          4         12       6456   flash_kinetis.o
       116         18          0          0          0       1532   rs232.o
        44         24        192          0       1024        844   startup_mkl26z4.o
        40         10          0          0          0        445   system_mkl26z4.o

    ----------------------------------------------------------------------
      1544        168        324          8       1120      14590   Object Totals
         0          0         32          0          0          0   (incl. Generated)
         2          0         56          0          4          0   (incl. Padding)

    ----------------------------------------------------------------------

      Code (inc. data)   RO Data    RW Data    ZI Data      Debug   Library Member Name

         0          0          0          0          0          0   entry.o
         0          0          0          0          0          0   entry10a.o
         0          0          0          0          0          0   entry11a.o
         8          4          0          0          0          0   entry2.o
         4          0          0          0          0          0   entry5.o
         0          0          0          0          0          0   entry7b.o
         0          0          0          0          0          0   entry8b.o
         8          4          0          0          0          0   entry9a.o
        30          0          0          0          0          0   handlers.o
        36          8          0          0          0         68   init.o

    ----------------------------------------------------------------------
        88         16          0          0          0         68   Library Totals
         2          0          0          0          0          0   (incl. Padding)

    ----------------------------------------------------------------------

      Code (inc. data)   RO Data    RW Data    ZI Data      Debug   Library Name

        86         16          0          0          0         68   mc_p.l

    ----------------------------------------------------------------------
        88         16          0          0          0         68   Library Totals

    ----------------------------------------------------------------------

==============================================================================


      Code (inc. data)   RO Data    RW Data    ZI Data      Debug   

      1632        184        324          8       1120      14282   Grand Totals
      1632        184        324          8       1120      14282   ELF Image Totals
      1632        184        324          8          0          0   ROM Totals

==============================================================================

    Total RO  Size (Code + RO Data)                 1956 (   1.91kB)
    Total RW  Size (RW Data + ZI Data)              1128 (   1.10kB)
    Total ROM Size (Code + RO Data + RW Data)       1964 (   1.92kB)

==============================================================================

